******************************************************************************
             TMS320C2000 Linker Unix v25.11.1                  
******************************************************************************
>> Linked Tue Sep 15 16:33:43 2026

OUTPUT FILE NAME:   <DTW_Project.out>
ENTRY POINT SYMBOL: "_c_int00"  address: 000818c4


MEMORY CONFIGURATION

         name            origin    length      used     unused   attr    fill
----------------------  --------  ---------  --------  --------  ----  --------
  BOOT_RSVD             00000002   00000126  00000000  00000126  RWIX
  RAMM0                 00000128   000002d8  00000000  000002d8  RWIX
  RAMM1                 00000400   00000400  00000200  00000200  RWIX
  CLATOCPURAM           00001480   00000080  00000000  00000080  RWIX
  CPUTOCLARAM           00001500   00000080  00000000  00000080  RWIX
  CLATODMARAM           00001680   00000080  00000000  00000080  RWIX
  DMATOCLARAM           00001700   00000080  00000000  00000080  RWIX
  RAMLS0                00008000   00000800  000007fc  00000004  RWIX
  RAMLS1                00008800   00000800  00000000  00000800  RWIX
  RAMLS2                00009000   00000800  00000000  00000800  RWIX
  RAMLS3                00009800   00000800  00000000  00000800  RWIX
  RAMLS4                0000a000   00000800  00000200  00000600  RWIX
  RAMLS5                0000a800   00000800  0000041b  000003e5  RWIX
  RAMLS6                0000b000   00000800  00000200  00000600  RWIX
  RAMLS7                0000b800   00000800  00000302  000004fe  RWIX
  RAMGS0                0000c000   00002000  00000000  00002000  RWIX
  RAMGS1                0000e000   00002000  00000000  00002000  RWIX
  RAMGS2                00010000   00002000  00000000  00002000  RWIX
  RAMGS3                00012000   00002000  00000000  00002000  RWIX
  RAMLS8                00014000   00002000  00000000  00002000  RWIX
  RAMLS9                00016000   00002000  00000000  00002000  RWIX
  BEGIN                 00080000   00000002  00000002  00000000  RWIX
  FLASH_BANK0           00080002   0001fffe  00001b0d  0001e4f1  RWIX
  FLASH_BANK1           000a0000   00020000  00000000  00020000  RWIX
  FLASH_BANK2           000c0000   00020000  00000000  00020000  RWIX
  FLASH_BANK3           000e0000   00020000  00000000  00020000  RWIX
  FLASH_BANK4           00100000   00008000  00000000  00008000  RWIX
  RESET                 003fffc0   00000002  00000000  00000002  RWIX


SECTION ALLOCATION MAP

 output                                  attributes/
section   page    origin      length       input sections
--------  ----  ----------  ----------   ----------------
FPUfftTables 
*          0    00008000    000007f8     
                  00008000    000007f8     c28x_fpu_dsp_library_eabi.lib : RFFT_f32_twiddleFactors.obj (FPUfftTables)

dsp_buf_adc 
*          0    0000a000    00000200     UNINITIALIZED
                  0000a000    00000200     dsp_fft.obj (dsp_buf_adc)

dsp_buf_fft 
*          0    0000a800    00000200     UNINITIALIZED
                  0000a800    00000200     dsp_fft.obj (dsp_buf_fft)

codestart 
*          0    00080000    00000002     
                  00080000    00000002     f28p55x_codestartbranch.obj (codestart)

.cinit     0    00081ad0    0000004e     
                  00081ad0    0000000c     (.cinit..data.load) [load image, compression = lzss]
                  00081adc    00000006     (__TI_handler_table)
                  00081ae2    00000004     (.cinit..bss.load) [load image, compression = zero_init]
                  00081ae6    00000004     (.cinit.dsp_buf_adc.load) [load image, compression = zero_init]
                  00081aea    00000004     (.cinit.dsp_buf_fft.load) [load image, compression = zero_init]
                  00081aee    00000004     (.cinit.dsp_buf_mag.load) [load image, compression = zero_init]
                  00081af2    00000004     (.cinit.dsp_buf_raw_A.load) [load image, compression = zero_init]
                  00081af6    00000004     (.cinit.dsp_buf_raw_B.load) [load image, compression = zero_init]
                  00081afa    00000004     (.cinit.dsp_buf_win.load) [load image, compression = zero_init]
                  00081afe    00000020     (__TI_cinit_table)

.reset     0    003fffc0    00000000     DSECT

.stack     0    00000400    00000200     UNINITIALIZED
                  00000400    00000200     --HOLE--

.bss       0    0000aa00    0000010c     UNINITIALIZED
                  0000aa00    00000080     arc_detection.obj (.bss:cost_curr$2)
                  0000aa80    00000080     arc_detection.obj (.bss:cost_prev$1)
                  0000ab00    0000000c     dsp_fft.obj (.bss)

.data      0    0000ab0c    0000010f     UNINITIALIZED
                  0000ab0c    00000080     arc_detection.obj (.data:norm_buffer)
                  0000ab8c    00000080     arc_detection.obj (.data:rolling_buffer)
                  0000ac0c    00000006     rts2800_fpu32_eabi.lib : exit.c.obj (.data)
                  0000ac12    00000004     arc_detection.obj (.data)
                  0000ac16    00000002     rts2800_fpu32_eabi.lib : _lock.c.obj (.data:_lock)
                  0000ac18    00000002                            : _lock.c.obj (.data:_unlock)
                  0000ac1a    00000001     hal_c2000.obj (.data)

dsp_buf_raw_A 
*          0    0000b000    00000100     UNINITIALIZED
                  0000b000    00000100     hal_c2000.obj (dsp_buf_raw_A)

dsp_buf_raw_B 
*          0    0000b100    00000100     UNINITIALIZED
                  0000b100    00000100     hal_c2000.obj (dsp_buf_raw_B)

dsp_buf_win 
*          0    0000b800    00000200     UNINITIALIZED
                  0000b800    00000200     dsp_fft.obj (dsp_buf_win)

dsp_buf_mag 
*          0    0000ba00    00000102     UNINITIALIZED
                  0000ba00    00000102     dsp_fft.obj (dsp_buf_mag)

.init_array 
*          0    00080008    00000000     UNINITIALIZED

.const     0    00080008    0000032d     
                  00080008    0000009a     driverlib.lib : sysctl.obj (.const:.string)
                  000800a2    00000098                   : gpio.obj (.const:.string)
                  0008013a    00000097                   : dcc.obj (.const:.string)
                  000801d1    00000001     --HOLE-- [fill = 0]
                  000801d2    00000097                   : dma.obj (.const:.string)
                  00080269    00000001     --HOLE-- [fill = 0]
                  0008026a    00000080     arc_detection.obj (.const:arc_template)
                  000802ea    0000004b     driverlib.lib : pga.obj (.const:.string)

.TI.ramfunc 
*          0    00080338    00000004     RUN ADDR = 000087f8
                  00080338    00000004     driverlib.lib : sysctl.obj (.TI.ramfunc)

.text      0    00080340    0000178e     
                  00080340    0000031e     hal_c2000.obj (.text)
                  0008065e    0000027f     arc_detection.obj (.text)
                  000808dd    0000022e     device.obj (.text)
                  00080b0b    00000123     driverlib.lib : sysctl.obj (.text:SysCtl_setClock)
                  00080c2e    0000011d     c28x_fpu_dsp_library_eabi.lib : RFFT_f32.obj (.text)
                  00080d4b    000000fe     driverlib.lib : sysctl.obj (.text:SysCtl_isPLLValid)
                  00080e49    000000eb                   : gpio.obj (.text:GPIO_setAnalogMode)
                  00080f34    000000cb                   : dcc.obj (.text:DCC_verifyClockFrequency)
                  00080fff    0000009d                   : dma.obj (.text:DMA_configMode)
                  0008109c    0000009c     c28x_fpu_dsp_library_eabi.lib : RFFT_f32_mag.obj (.text)
                  00081138    00000091     dsp_fft.obj (.text)
                  000811c9    00000088     rts2800_fpu32_eabi.lib : fs_div28.asm.obj (.text)
                  00081251    00000083     main.obj (.text:retain)
                  000812d4    00000073     driverlib.lib : dcc.obj (.text:DCC_setCounterSeeds)
                  00081347    00000073                   : sysctl.obj (.text:DCC_setCounterSeeds)
                  000813ba    00000065     main.obj (.text)
                  0008141f    00000047     driverlib.lib : sysctl.obj (.text:SysCtl_selectOscSource)
                  00081466    00000046                   : sysctl.obj (.text:SysCtl_selectXTAL)
                  000814ac    00000044                   : pga.obj (.text:PGA_setOffsetTrimPMOS)
                  000814f0    00000041                   : pga.obj (.text:PGA_setOffsetTrimNMOS)
                  00081531    00000040                   : sysctl.obj (.text:SysCtl_pollX1Counter)
                  00081571    0000003d                   : interrupt.obj (.text:Interrupt_initModule)
                  000815ae    0000003c                   : dma.obj (.text:DMA_configTransfer)
                  000815ea    00000037                   : dma.obj (.text:DMA_configBurst)
                  00081621    00000037                   : interrupt.obj (.text:Interrupt_enable)
                  00081658    0000002e     rts2800_fpu32_eabi.lib : copy_decompress_lzss.c.obj (.text:decompress:lzss)
                  00081686    0000002b                            : autoinit.c.obj (.text:__TI_auto_init_nobinit_nopinit)
                  000816b1    00000029                            : exit.c.obj (.text)
                  000816da    00000025     driverlib.lib : dma.obj (.text:DMA_configAddresses)
                  000816ff    00000025                   : sysctl.obj (.text:SysCtl_selectXTALSingleEnded)
                  00081724    00000024                   : dcc.obj (.text:DCC_enableSingleShotMode)
                  00081748    00000024                   : sysctl.obj (.text:DCC_enableSingleShotMode)
                  0008176c    00000023                   : dma.obj (.text:DMA_isBaseValid)
                  0008178f    00000020     rts2800_fpu32_eabi.lib : memcpy.c.obj (.text)
                  000817af    0000001e     driverlib.lib : dcc.obj (.text:DCC_setCounter0ClkSource)
                  000817cd    0000001e                   : sysctl.obj (.text:DCC_setCounter0ClkSource)
                  000817eb    0000001e                   : dcc.obj (.text:DCC_setCounter1ClkSource)
                  00081809    0000001e                   : sysctl.obj (.text:DCC_setCounter1ClkSource)
                  00081827    0000001e                   : interrupt.obj (.text:Interrupt_initVectorTable)
                  00081845    0000001c                   : dcc.obj (.text:DCC_getErrorStatus)
                  00081861    0000001c                   : dcc.obj (.text:DCC_getSingleShotStatus)
                  0008187d    00000019                   : sysctl.obj (.text:SysCtl_setPLLSysClk)
                  00081896    00000017                   : pga.obj (.text:PGA_isBaseValid)
                  000818ad    00000017                   : sysctl.obj (.text:SysCtl_enablePeripheral)
                  000818c4    00000017     rts2800_fpu32_eabi.lib : boot28.asm.obj (.text)
                  000818db    00000016     driverlib.lib : dcc.obj (.text:DCC_disableDoneSignal)
                  000818f1    00000016                   : sysctl.obj (.text:DCC_disableDoneSignal)
                  00081907    00000016                   : dcc.obj (.text:DCC_enableDoneSignal)
                  0008191d    00000016                   : interrupt.obj (.text:Interrupt_defaultHandler)
                  00081933    00000015                   : dcc.obj (.text:DCC_clearDoneFlag)
                  00081948    00000015                   : sysctl.obj (.text:DCC_clearDoneFlag)
                  0008195d    00000015                   : dcc.obj (.text:DCC_clearErrorFlag)
                  00081972    00000015                   : sysctl.obj (.text:DCC_clearErrorFlag)
                  00081987    00000015                   : dcc.obj (.text:DCC_disableErrorSignal)
                  0008199c    00000015                   : sysctl.obj (.text:DCC_disableErrorSignal)
                  000819b1    00000015                   : dcc.obj (.text:DCC_isBaseValid)
                  000819c6    00000015                   : sysctl.obj (.text:DCC_isBaseValid)
                  000819db    00000014                   : dcc.obj (.text:DCC_disableModule)
                  000819ef    00000014                   : sysctl.obj (.text:DCC_disableModule)
                  00081a03    00000014                   : dcc.obj (.text:DCC_enableErrorSignal)
                  00081a17    00000014                   : dcc.obj (.text:DCC_enableModule)
                  00081a2b    00000014                   : sysctl.obj (.text:DCC_enableModule)
                  00081a3f    00000012     rts2800_fpu32_eabi.lib : args_main.c.obj (.text)
                  00081a51    0000000d     driverlib.lib : interrupt.obj (.text:Interrupt_disableGlobal)
                  00081a5e    0000000d                   : interrupt.obj (.text:Interrupt_enableGlobal)
                  00081a6b    0000000b                   : sysctl.obj (.text:SysCtl_isMCDClockFailureDetected)
                  00081a76    0000000b     arc_detection.obj (.text:__relaxed_cosf)
                  00081a81    0000000a     driverlib.lib : interrupt.obj (.text:Interrupt_illegalOperationHandler)
                  00081a8b    0000000a                   : interrupt.obj (.text:Interrupt_nmiHandler)
                  00081a95    00000009     arc_detection.obj (.text:__relaxed_sqrtf)
                  00081a9e    00000009     rts2800_fpu32_eabi.lib : _lock.c.obj (.text)
                  00081aa7    00000008                            : copy_decompress_none.c.obj (.text:decompress:none)
                  00081aaf    00000008     f28p55x_codestartbranch.obj (.text)
                  00081ab7    00000007     driverlib.lib : sysctl.obj (.text:SysCtl_resetMCD)
                  00081abe    00000007     rts2800_fpu32_eabi.lib : memset.c.obj (.text)
                  00081ac5    00000006                            : copy_zero_init.c.obj (.text:decompress:ZI)
                  00081acb    00000002                            : pre_init.c.obj (.text)
                  00081acd    00000001                            : startup.c.obj (.text)

MODULE SUMMARY

       Module                        code   ro data   rw data
       ------                        ----   -------   -------
    ./src/
       dsp_fft.obj                   145    0         1806   
       hal_c2000.obj                 798    0         513    
       arc_detection.obj             659    128       516    
       device.obj                    558    0         0      
       main.obj                      232    0         0      
       f28p55x_codestartbranch.obj   10     0         0      
    +--+-----------------------------+------+---------+---------+
       Total:                        2402   128       2835   
                                                             
    /home/mati23b/Apps_folders/ccs/tools/compiler/ti-cgt-c2000_25.11.1.LTS/lib/rts2800_fpu32_eabi.lib
       fs_div28.asm.obj              136    0         0      
       exit.c.obj                    41     0         6      
       copy_decompress_lzss.c.obj    46     0         0      
       autoinit.c.obj                43     0         0      
       memcpy.c.obj                  32     0         0      
       boot28.asm.obj                23     0         0      
       args_main.c.obj               18     0         0      
       _lock.c.obj                   9      0         4      
       copy_decompress_none.c.obj    8      0         0      
       memset.c.obj                  7      0         0      
       copy_zero_init.c.obj          6      0         0      
       pre_init.c.obj                2      0         0      
       startup.c.obj                 1      0         0      
    +--+-----------------------------+------+---------+---------+
       Total:                        372    0         10     
                                                             
    /home/mati23b/ti/C2000Ware_26_01_00_00/driverlib/f28p55x/driverlib/ccs/Debug/driverlib.lib
       sysctl.obj                    1218   154       0      
       dcc.obj                       658    151       0      
       dma.obj                       344    151       0      
       gpio.obj                      235    152       0      
       pga.obj                       156    75        0      
       interrupt.obj                 214    0         0      
    +--+-----------------------------+------+---------+---------+
       Total:                        2825   683       0      
                                                             
    /home/mati23b/ti/C2000Ware_26_01_00_00/libraries/dsp/FPU/c28/lib/c28x_fpu_dsp_library_eabi.lib
       RFFT_f32_twiddleFactors.obj   0      2040      0      
       RFFT_f32.obj                  285    0         0      
       RFFT_f32_mag.obj              156    0         0      
    +--+-----------------------------+------+---------+---------+
       Total:                        441    2040      0      
                                                             
       Stack:                        0      0         512    
       Linker Generated:             0      78        0      
    +--+-----------------------------+------+---------+---------+
       Grand Total:                  6040   2929      3357   


LINKER GENERATED COPY TABLES

__TI_cinit_table @ 00081afe records: 8, size/record: 4, table size: 32
	.data: load addr=00081ad0, load size=0000000c bytes, run addr=0000ab0c, run size=0000010f bytes, compression=lzss
	.bss: load addr=00081ae2, load size=00000004 bytes, run addr=0000aa00, run size=0000010c bytes, compression=zero_init
	dsp_buf_adc: load addr=00081ae6, load size=00000004 bytes, run addr=0000a000, run size=00000200 bytes, compression=zero_init
	dsp_buf_fft: load addr=00081aea, load size=00000004 bytes, run addr=0000a800, run size=00000200 bytes, compression=zero_init
	dsp_buf_mag: load addr=00081aee, load size=00000004 bytes, run addr=0000ba00, run size=00000102 bytes, compression=zero_init
	dsp_buf_raw_A: load addr=00081af2, load size=00000004 bytes, run addr=0000b000, run size=00000100 bytes, compression=zero_init
	dsp_buf_raw_B: load addr=00081af6, load size=00000004 bytes, run addr=0000b100, run size=00000100 bytes, compression=zero_init
	dsp_buf_win: load addr=00081afa, load size=00000004 bytes, run addr=0000b800, run size=00000200 bytes, compression=zero_init


LINKER GENERATED HANDLER TABLE

__TI_handler_table @ 00081adc records: 3, size/record: 2, table size: 6
	index: 0, handler: __TI_zero_init
	index: 1, handler: __TI_decompress_lzss
	index: 2, handler: __TI_decompress_none


GLOBAL DATA SYMBOLS: SORTED BY DATA PAGE

address     data page           name
--------    ----------------    ----
00000400      10 (00000400)     __stack

00008000     200 (00008000)     FPU32RFFTtwiddleFactors
00008000     200 (00008000)     RFFT_f32_twiddleFactors

0000a000     280 (0000a000)     adc_buffer

0000a800     2a0 (0000a800)     fft_output

0000ab00     2ac (0000ab00)     rfft

0000ac0c     2b0 (0000ac00)     __TI_enable_exit_profile_output
0000ac0e     2b0 (0000ac00)     __TI_cleanup_ptr
0000ac10     2b0 (0000ac00)     __TI_dtors_ptr
0000ac12     2b0 (0000ac00)     calib_count
0000ac14     2b0 (0000ac00)     dsp_steady_ref
0000ac16     2b0 (0000ac00)     _lock
0000ac18     2b0 (0000ac00)     _unlock

0000b800     2e0 (0000b800)     hanning_window

0000ba00     2e8 (0000ba00)     fft_mag

0008026a    2009 (00080240)     arc_template


GLOBAL SYMBOLS: SORTED ALPHABETICALLY BY Name 

page  address   name                                  
----  -------   ----                                  
0     0008089f  ArcDetection_Calibrate                
0     00080896  ArcDetection_Is_Calibrating           
0     000816b1  C$$EXIT                               
0     00080f34  DCC_verifyClockFrequency              
0     000816da  DMA_configAddresses                   
0     000815ea  DMA_configBurst                       
0     00080fff  DMA_configMode                        
0     000815ae  DMA_configTransfer                    
0     000811a0  DSP_Calcular_Energia_Banda            
0     00081174  DSP_Execute_FFT                       
0     00081138  DSP_Init                              
0     000809dc  Device_enableAllPeripherals           
0     0008094c  Device_init                           
0     00080ab7  Device_initGPIO                       
0     00080ad1  Device_verifyXTAL                     
0     00008000  FPU32RFFTtwiddleFactors               
0     00080e49  GPIO_setAnalogMode                    
0     0008064e  HAL_Aciona_Falha_de_Arco              
0     0008059b  HAL_Configurar_ADC                    
0     000805c9  HAL_Configurar_DMA                    
0     000805ff  HAL_Configurar_Timer_Arco             
0     00080570  HAL_Configurar_ePWM_Trigger           
0     00080645  HAL_Limpa_Flags_de_Interrupcao        
0     00080620  HAL_Troca_DMA_Buffers                 
0     000806df  Inferencia_DTW                        
0     0008191d  Interrupt_defaultHandler              
0     00081621  Interrupt_enable                      
0     00081a81  Interrupt_illegalOperationHandler     
0     00081571  Interrupt_initModule                  
0     00081827  Interrupt_initVectorTable             
0     00081a8b  Interrupt_nmiHandler                  
0     0008065e  Normalizacao_Z                        
0     000814f0  PGA_setOffsetTrimNMOS                 
0     000814ac  PGA_setOffsetTrimPMOS                 
0     00080829  Process_Arc_Detection_Pipeline        
0     00080c2e  RFFT_f32                              
0     0008109c  RFFT_f32_mag                          
0     00008000  RFFT_f32_twiddleFactors               
0     0008033c  RamfuncsLoadEnd                       
abs   00000004  RamfuncsLoadSize                      
0     00080338  RamfuncsLoadStart                     
0     000087fc  RamfuncsRunEnd                        
abs   00000004  RamfuncsRunSize                       
0     000087f8  RamfuncsRunStart                      
0     000087f8  SysCtl_delay                          
0     00080d4b  SysCtl_isPLLValid                     
0     0008141f  SysCtl_selectOscSource                
0     00081466  SysCtl_selectXTAL                     
0     000816ff  SysCtl_selectXTALSingleEnded          
0     00080b0b  SysCtl_setClock                       
0     00081afe  __TI_CINIT_Base                       
0     00081b1e  __TI_CINIT_Limit                      
0     00081b1e  __TI_CINIT_Warm                       
0     00081adc  __TI_Handler_Table_Base               
0     00081ae2  __TI_Handler_Table_Limit              
0     00000600  __TI_STACK_END                        
abs   00000200  __TI_STACK_SIZE                       
0     00081686  __TI_auto_init_nobinit_nopinit        
0     0000ac0e  __TI_cleanup_ptr                      
0     00081658  __TI_decompress_lzss                  
0     00081aa7  __TI_decompress_none                  
0     0000ac10  __TI_dtors_ptr                        
0     0000ac0c  __TI_enable_exit_profile_output       
abs   ffffffff  __TI_pprof_out_hndl                   
abs   ffffffff  __TI_prof_data_size                   
abs   ffffffff  __TI_prof_data_start                  
0     00081ac5  __TI_zero_init                        
0     000811c9  __c28xabi_divf                        
abs   ffffffff  __c_args__                            
0     00080b04  __error__                             
0     00081a76  __relaxed_cosf                        
0     00081a95  __relaxed_sqrtf                       
0     00000400  __stack                               
0     00081a3f  _args_main                            
0     000818c4  _c_int00                              
0     0000ac16  _lock                                 
0     00081aa6  _nop                                  
0     00081aa2  _register_lock                        
0     00081a9e  _register_unlock                      
0     00080c37  _rfft_f32_Stages1and2and3andBitReverse
0     00080ca3  _rfft_f32_Stages4andUp                
0     00081acd  _system_post_cinit                    
0     00081acb  _system_pre_init                      
0     0000ac18  _unlock                               
0     000816b1  abort                                 
0     0000a000  adc_buffer                            
0     0008026a  arc_template                          
0     0000ac12  calib_count                           
0     00080000  code_start                            
0     00081251  dma_isr_handler                       
0     0000ac14  dsp_steady_ref                        
0     000816b3  exit                                  
0     0000ba00  fft_mag                               
0     0000a800  fft_output                            
0     0000b800  hanning_window                        
0     000813f4  main                                  
0     0008178f  memcpy                                
0     00081abe  memset                                
0     0000ab00  rfft                                  
0     0008129b  timer0_arco_isr                       


GLOBAL SYMBOLS: SORTED BY Symbol Address 

page  address   name                                  
----  -------   ----                                  
0     00000400  __stack                               
0     00000600  __TI_STACK_END                        
0     00008000  FPU32RFFTtwiddleFactors               
0     00008000  RFFT_f32_twiddleFactors               
0     000087f8  RamfuncsRunStart                      
0     000087f8  SysCtl_delay                          
0     000087fc  RamfuncsRunEnd                        
0     0000a000  adc_buffer                            
0     0000a800  fft_output                            
0     0000ab00  rfft                                  
0     0000ac0c  __TI_enable_exit_profile_output       
0     0000ac0e  __TI_cleanup_ptr                      
0     0000ac10  __TI_dtors_ptr                        
0     0000ac12  calib_count                           
0     0000ac14  dsp_steady_ref                        
0     0000ac16  _lock                                 
0     0000ac18  _unlock                               
0     0000b800  hanning_window                        
0     0000ba00  fft_mag                               
0     00080000  code_start                            
0     0008026a  arc_template                          
0     00080338  RamfuncsLoadStart                     
0     0008033c  RamfuncsLoadEnd                       
0     00080570  HAL_Configurar_ePWM_Trigger           
0     0008059b  HAL_Configurar_ADC                    
0     000805c9  HAL_Configurar_DMA                    
0     000805ff  HAL_Configurar_Timer_Arco             
0     00080620  HAL_Troca_DMA_Buffers                 
0     00080645  HAL_Limpa_Flags_de_Interrupcao        
0     0008064e  HAL_Aciona_Falha_de_Arco              
0     0008065e  Normalizacao_Z                        
0     000806df  Inferencia_DTW                        
0     00080829  Process_Arc_Detection_Pipeline        
0     00080896  ArcDetection_Is_Calibrating           
0     0008089f  ArcDetection_Calibrate                
0     0008094c  Device_init                           
0     000809dc  Device_enableAllPeripherals           
0     00080ab7  Device_initGPIO                       
0     00080ad1  Device_verifyXTAL                     
0     00080b04  __error__                             
0     00080b0b  SysCtl_setClock                       
0     00080c2e  RFFT_f32                              
0     00080c37  _rfft_f32_Stages1and2and3andBitReverse
0     00080ca3  _rfft_f32_Stages4andUp                
0     00080d4b  SysCtl_isPLLValid                     
0     00080e49  GPIO_setAnalogMode                    
0     00080f34  DCC_verifyClockFrequency              
0     00080fff  DMA_configMode                        
0     0008109c  RFFT_f32_mag                          
0     00081138  DSP_Init                              
0     00081174  DSP_Execute_FFT                       
0     000811a0  DSP_Calcular_Energia_Banda            
0     000811c9  __c28xabi_divf                        
0     00081251  dma_isr_handler                       
0     0008129b  timer0_arco_isr                       
0     000813f4  main                                  
0     0008141f  SysCtl_selectOscSource                
0     00081466  SysCtl_selectXTAL                     
0     000814ac  PGA_setOffsetTrimPMOS                 
0     000814f0  PGA_setOffsetTrimNMOS                 
0     00081571  Interrupt_initModule                  
0     000815ae  DMA_configTransfer                    
0     000815ea  DMA_configBurst                       
0     00081621  Interrupt_enable                      
0     00081658  __TI_decompress_lzss                  
0     00081686  __TI_auto_init_nobinit_nopinit        
0     000816b1  C$$EXIT                               
0     000816b1  abort                                 
0     000816b3  exit                                  
0     000816da  DMA_configAddresses                   
0     000816ff  SysCtl_selectXTALSingleEnded          
0     0008178f  memcpy                                
0     00081827  Interrupt_initVectorTable             
0     000818c4  _c_int00                              
0     0008191d  Interrupt_defaultHandler              
0     00081a3f  _args_main                            
0     00081a76  __relaxed_cosf                        
0     00081a81  Interrupt_illegalOperationHandler     
0     00081a8b  Interrupt_nmiHandler                  
0     00081a95  __relaxed_sqrtf                       
0     00081a9e  _register_unlock                      
0     00081aa2  _register_lock                        
0     00081aa6  _nop                                  
0     00081aa7  __TI_decompress_none                  
0     00081abe  memset                                
0     00081ac5  __TI_zero_init                        
0     00081acb  _system_pre_init                      
0     00081acd  _system_post_cinit                    
0     00081adc  __TI_Handler_Table_Base               
0     00081ae2  __TI_Handler_Table_Limit              
0     00081afe  __TI_CINIT_Base                       
0     00081b1e  __TI_CINIT_Limit                      
0     00081b1e  __TI_CINIT_Warm                       
abs   00000004  RamfuncsLoadSize                      
abs   00000004  RamfuncsRunSize                       
abs   00000200  __TI_STACK_SIZE                       
abs   ffffffff  __TI_pprof_out_hndl                   
abs   ffffffff  __TI_prof_data_size                   
abs   ffffffff  __TI_prof_data_start                  
abs   ffffffff  __c_args__                            

[100 symbols]
