<?xml version="1.0" encoding="ISO-8859-1" ?>
<link_info>
   <banner>TMS320C2000 Linker Unix v25.11.1.LTS</banner>
   <copyright>Copyright (c) 1996-2018 Texas Instruments Incorporated</copyright>
   <command_line>/home/mati23b/Apps_folders/ccs/tools/compiler/ti-cgt-c2000_25.11.1.LTS/bin/lnk2000 -l/tmp/TIpe1WBiDaQ</command_line>
   <link_time>0x6a9c8b40</link_time>
   <link_errors>0x0</link_errors>
   <output_file>/home/mati23b/workspace_ccstheia/DTW_Project/Debug/DTW_Project.out</output_file>
   <entry_point>
      <name>_c_int00</name>
      <address>0x818c4</address>
   </entry_point>
   <input_file_list>
      <input_file id="fl-2">
         <path>/home/mati23b/workspace_ccstheia/DTW_Project/Debug/./src/</path>
         <kind>object</kind>
         <file>arc_detection.obj</file>
         <name>arc_detection.obj</name>
      </input_file>
      <input_file id="fl-3">
         <path>/home/mati23b/workspace_ccstheia/DTW_Project/Debug/./src/</path>
         <kind>object</kind>
         <file>device.obj</file>
         <name>device.obj</name>
      </input_file>
      <input_file id="fl-4">
         <path>/home/mati23b/workspace_ccstheia/DTW_Project/Debug/./src/</path>
         <kind>object</kind>
         <file>dsp_fft.obj</file>
         <name>dsp_fft.obj</name>
      </input_file>
      <input_file id="fl-5">
         <path>/home/mati23b/workspace_ccstheia/DTW_Project/Debug/./src/</path>
         <kind>object</kind>
         <file>f28p55x_codestartbranch.obj</file>
         <name>f28p55x_codestartbranch.obj</name>
      </input_file>
      <input_file id="fl-6">
         <path>/home/mati23b/workspace_ccstheia/DTW_Project/Debug/./src/</path>
         <kind>object</kind>
         <file>hal_c2000.obj</file>
         <name>hal_c2000.obj</name>
      </input_file>
      <input_file id="fl-7">
         <path>/home/mati23b/workspace_ccstheia/DTW_Project/Debug/./src/</path>
         <kind>object</kind>
         <file>main.obj</file>
         <name>main.obj</name>
      </input_file>
      <input_file id="fl-d">
         <path>/home/mati23b/workspace_ccstheia/DTW_Project/Debug/</path>
         <kind>object</kind>
         <file>&lt;internal&gt;</file>
         <name>&lt;internal&gt;</name>
      </input_file>
      <input_file id="fl-19">
         <path>/home/mati23b/Apps_folders/ccs/tools/compiler/ti-cgt-c2000_25.11.1.LTS/lib/</path>
         <kind>archive</kind>
         <file>rts2800_fpu32_eabi.lib</file>
         <name>boot28.asm.obj</name>
      </input_file>
      <input_file id="fl-1a">
         <path>/home/mati23b/Apps_folders/ccs/tools/compiler/ti-cgt-c2000_25.11.1.LTS/lib/</path>
         <kind>archive</kind>
         <file>rts2800_fpu32_eabi.lib</file>
         <name>ll_cmp28.asm.obj</name>
      </input_file>
      <input_file id="fl-1b">
         <path>/home/mati23b/Apps_folders/ccs/tools/compiler/ti-cgt-c2000_25.11.1.LTS/lib/</path>
         <kind>archive</kind>
         <file>rts2800_fpu32_eabi.lib</file>
         <name>pre_init.c.obj</name>
      </input_file>
      <input_file id="fl-1c">
         <path>/home/mati23b/Apps_folders/ccs/tools/compiler/ti-cgt-c2000_25.11.1.LTS/lib/</path>
         <kind>archive</kind>
         <file>rts2800_fpu32_eabi.lib</file>
         <name>autoinit.c.obj</name>
      </input_file>
      <input_file id="fl-1d">
         <path>/home/mati23b/Apps_folders/ccs/tools/compiler/ti-cgt-c2000_25.11.1.LTS/lib/</path>
         <kind>archive</kind>
         <file>rts2800_fpu32_eabi.lib</file>
         <name>copy_zero_init.c.obj</name>
      </input_file>
      <input_file id="fl-1e">
         <path>/home/mati23b/Apps_folders/ccs/tools/compiler/ti-cgt-c2000_25.11.1.LTS/lib/</path>
         <kind>archive</kind>
         <file>rts2800_fpu32_eabi.lib</file>
         <name>copy_decompress_none.c.obj</name>
      </input_file>
      <input_file id="fl-1f">
         <path>/home/mati23b/Apps_folders/ccs/tools/compiler/ti-cgt-c2000_25.11.1.LTS/lib/</path>
         <kind>archive</kind>
         <file>rts2800_fpu32_eabi.lib</file>
         <name>copy_decompress_lzss.c.obj</name>
      </input_file>
      <input_file id="fl-20">
         <path>/home/mati23b/Apps_folders/ccs/tools/compiler/ti-cgt-c2000_25.11.1.LTS/lib/</path>
         <kind>archive</kind>
         <file>rts2800_fpu32_eabi.lib</file>
         <name>exit.c.obj</name>
      </input_file>
      <input_file id="fl-21">
         <path>/home/mati23b/Apps_folders/ccs/tools/compiler/ti-cgt-c2000_25.11.1.LTS/lib/</path>
         <kind>archive</kind>
         <file>rts2800_fpu32_eabi.lib</file>
         <name>_lock.c.obj</name>
      </input_file>
      <input_file id="fl-22">
         <path>/home/mati23b/Apps_folders/ccs/tools/compiler/ti-cgt-c2000_25.11.1.LTS/lib/</path>
         <kind>archive</kind>
         <file>rts2800_fpu32_eabi.lib</file>
         <name>args_main.c.obj</name>
      </input_file>
      <input_file id="fl-23">
         <path>/home/mati23b/Apps_folders/ccs/tools/compiler/ti-cgt-c2000_25.11.1.LTS/lib/</path>
         <kind>archive</kind>
         <file>rts2800_fpu32_eabi.lib</file>
         <name>memset.c.obj</name>
      </input_file>
      <input_file id="fl-24">
         <path>/home/mati23b/Apps_folders/ccs/tools/compiler/ti-cgt-c2000_25.11.1.LTS/lib/</path>
         <kind>archive</kind>
         <file>rts2800_fpu32_eabi.lib</file>
         <name>cpy_tbl.c.obj</name>
      </input_file>
      <input_file id="fl-25">
         <path>/home/mati23b/Apps_folders/ccs/tools/compiler/ti-cgt-c2000_25.11.1.LTS/lib/</path>
         <kind>archive</kind>
         <file>rts2800_fpu32_eabi.lib</file>
         <name>memcpy.c.obj</name>
      </input_file>
      <input_file id="fl-26">
         <path>/home/mati23b/Apps_folders/ccs/tools/compiler/ti-cgt-c2000_25.11.1.LTS/lib/</path>
         <kind>archive</kind>
         <file>rts2800_fpu32_eabi.lib</file>
         <name>startup.c.obj</name>
      </input_file>
      <input_file id="fl-27">
         <path>/home/mati23b/ti/C2000Ware_26_01_00_00/driverlib/f28p55x/driverlib/ccs/Debug/</path>
         <kind>archive</kind>
         <file>driverlib.lib</file>
         <name>dcc.obj</name>
      </input_file>
      <input_file id="fl-28">
         <path>/home/mati23b/ti/C2000Ware_26_01_00_00/driverlib/f28p55x/driverlib/ccs/Debug/</path>
         <kind>archive</kind>
         <file>driverlib.lib</file>
         <name>dma.obj</name>
      </input_file>
      <input_file id="fl-29">
         <path>/home/mati23b/ti/C2000Ware_26_01_00_00/driverlib/f28p55x/driverlib/ccs/Debug/</path>
         <kind>archive</kind>
         <file>driverlib.lib</file>
         <name>gpio.obj</name>
      </input_file>
      <input_file id="fl-2a">
         <path>/home/mati23b/ti/C2000Ware_26_01_00_00/driverlib/f28p55x/driverlib/ccs/Debug/</path>
         <kind>archive</kind>
         <file>driverlib.lib</file>
         <name>interrupt.obj</name>
      </input_file>
      <input_file id="fl-2b">
         <path>/home/mati23b/ti/C2000Ware_26_01_00_00/driverlib/f28p55x/driverlib/ccs/Debug/</path>
         <kind>archive</kind>
         <file>driverlib.lib</file>
         <name>pga.obj</name>
      </input_file>
      <input_file id="fl-2c">
         <path>/home/mati23b/ti/C2000Ware_26_01_00_00/driverlib/f28p55x/driverlib/ccs/Debug/</path>
         <kind>archive</kind>
         <file>driverlib.lib</file>
         <name>sysctl.obj</name>
      </input_file>
      <input_file id="fl-2d">
         <path>/home/mati23b/ti/C2000Ware_26_01_00_00/libraries/dsp/FPU/c28/lib/</path>
         <kind>archive</kind>
         <file>c28x_fpu_dsp_library_eabi.lib</file>
         <name>RFFT_f32.obj</name>
      </input_file>
      <input_file id="fl-2e">
         <path>/home/mati23b/ti/C2000Ware_26_01_00_00/libraries/dsp/FPU/c28/lib/</path>
         <kind>archive</kind>
         <file>c28x_fpu_dsp_library_eabi.lib</file>
         <name>RFFT_f32_mag.obj</name>
      </input_file>
      <input_file id="fl-2f">
         <path>/home/mati23b/ti/C2000Ware_26_01_00_00/libraries/dsp/FPU/c28/lib/</path>
         <kind>archive</kind>
         <file>c28x_fpu_dsp_library_eabi.lib</file>
         <name>RFFT_f32_twiddleFactors.obj</name>
      </input_file>
      <input_file id="fl-30">
         <path>/home/mati23b/Apps_folders/ccs/tools/compiler/ti-cgt-c2000_25.11.1.LTS/lib/</path>
         <kind>archive</kind>
         <file>rts2800_fpu32_eabi.lib</file>
         <name>fs_div28.asm.obj</name>
      </input_file>
   </input_file_list>
   <object_component_list>
      <object_component id="oc-136">
         <name>FPUfftTables</name>
         <load_address>0x8000</load_address>
         <readonly>true</readonly>
         <run_address>0x8000</run_address>
         <size>0x7f8</size>
         <alignment>0x2</alignment>
         <input_file_ref idref="fl-2f"/>
      </object_component>
      <object_component id="oc-32">
         <name>codestart</name>
         <load_address>0x80000</load_address>
         <readonly>true</readonly>
         <executable>true</executable>
         <run_address>0x80000</run_address>
         <size>0x2</size>
         <alignment>0x1</alignment>
         <input_file_ref idref="fl-5"/>
      </object_component>
      <object_component id="oc-8c">
         <name>.text</name>
         <load_address>0x80340</load_address>
         <readonly>true</readonly>
         <executable>true</executable>
         <run_address>0x80340</run_address>
         <size>0x31e</size>
         <alignment>0x1</alignment>
         <input_file_ref idref="fl-6"/>
      </object_component>
      <object_component id="oc-98">
         <name>.text</name>
         <load_address>0x8065e</load_address>
         <readonly>true</readonly>
         <executable>true</executable>
         <run_address>0x8065e</run_address>
         <size>0x27f</size>
         <alignment>0x1</alignment>
         <input_file_ref idref="fl-2"/>
      </object_component>
      <object_component id="oc-9e">
         <name>.text</name>
         <load_address>0x808dd</load_address>
         <readonly>true</readonly>
         <executable>true</executable>
         <run_address>0x808dd</run_address>
         <size>0x22e</size>
         <alignment>0x1</alignment>
         <input_file_ref idref="fl-3"/>
      </object_component>
      <object_component id="oc-164">
         <name>.text:SysCtl_setClock</name>
         <load_address>0x80b0b</load_address>
         <readonly>true</readonly>
         <executable>true</executable>
         <run_address>0x80b0b</run_address>
         <size>0x123</size>
         <alignment>0x1</alignment>
         <input_file_ref idref="fl-2c"/>
      </object_component>
      <object_component id="oc-141">
         <name>.text</name>
         <load_address>0x80c2e</load_address>
         <readonly>true</readonly>
         <executable>true</executable>
         <run_address>0x80c2e</run_address>
         <size>0x11d</size>
         <alignment>0x2</alignment>
         <input_file_ref idref="fl-2d"/>
      </object_component>
      <object_component id="oc-20b">
         <name>.text:SysCtl_isPLLValid</name>
         <load_address>0x80d4b</load_address>
         <readonly>true</readonly>
         <executable>true</executable>
         <run_address>0x80d4b</run_address>
         <size>0xfe</size>
         <alignment>0x1</alignment>
         <input_file_ref idref="fl-2c"/>
      </object_component>
      <object_component id="oc-176">
         <name>.text:GPIO_setAnalogMode</name>
         <load_address>0x80e49</load_address>
         <readonly>true</readonly>
         <executable>true</executable>
         <run_address>0x80e49</run_address>
         <size>0xeb</size>
         <alignment>0x1</alignment>
         <input_file_ref idref="fl-29"/>
      </object_component>
      <object_component id="oc-17c">
         <name>.text:DCC_verifyClockFrequency</name>
         <load_address>0x80f34</load_address>
         <readonly>true</readonly>
         <executable>true</executable>
         <run_address>0x80f34</run_address>
         <size>0xcb</size>
         <alignment>0x1</alignment>
         <input_file_ref idref="fl-27"/>
      </object_component>
      <object_component id="oc-11c">
         <name>.text:DMA_configMode</name>
         <load_address>0x80fff</load_address>
         <readonly>true</readonly>
         <executable>true</executable>
         <run_address>0x80fff</run_address>
         <size>0x9d</size>
         <alignment>0x1</alignment>
         <input_file_ref idref="fl-28"/>
      </object_component>
      <object_component id="oc-146">
         <name>.text</name>
         <load_address>0x8109c</load_address>
         <readonly>true</readonly>
         <executable>true</executable>
         <run_address>0x8109c</run_address>
         <size>0x9c</size>
         <alignment>0x2</alignment>
         <input_file_ref idref="fl-2e"/>
      </object_component>
      <object_component id="oc-92">
         <name>.text</name>
         <load_address>0x81138</load_address>
         <readonly>true</readonly>
         <executable>true</executable>
         <run_address>0x81138</run_address>
         <size>0x91</size>
         <alignment>0x1</alignment>
         <input_file_ref idref="fl-4"/>
      </object_component>
      <object_component id="oc-227">
         <name>.text</name>
         <load_address>0x811c9</load_address>
         <readonly>true</readonly>
         <executable>true</executable>
         <run_address>0x811c9</run_address>
         <size>0x88</size>
         <alignment>0x1</alignment>
         <input_file_ref idref="fl-30"/>
      </object_component>
      <object_component id="oc-37">
         <name>.text:retain</name>
         <load_address>0x81251</load_address>
         <readonly>true</readonly>
         <executable>true</executable>
         <run_address>0x81251</run_address>
         <size>0x83</size>
         <alignment>0x1</alignment>
         <input_file_ref idref="fl-7"/>
      </object_component>
      <object_component id="oc-256">
         <name>.text:DCC_setCounterSeeds</name>
         <load_address>0x812d4</load_address>
         <readonly>true</readonly>
         <executable>true</executable>
         <run_address>0x812d4</run_address>
         <size>0x73</size>
         <alignment>0x1</alignment>
         <input_file_ref idref="fl-27"/>
      </object_component>
      <object_component id="oc-2db">
         <name>.text:DCC_setCounterSeeds</name>
         <load_address>0x81347</load_address>
         <readonly>true</readonly>
         <executable>true</executable>
         <run_address>0x81347</run_address>
         <size>0x73</size>
         <alignment>0x1</alignment>
         <input_file_ref idref="fl-2c"/>
      </object_component>
      <object_component id="oc-38">
         <name>.text</name>
         <load_address>0x813ba</load_address>
         <readonly>true</readonly>
         <executable>true</executable>
         <run_address>0x813ba</run_address>
         <size>0x65</size>
         <alignment>0x1</alignment>
         <input_file_ref idref="fl-7"/>
      </object_component>
      <object_component id="oc-1ff">
         <name>.text:SysCtl_selectOscSource</name>
         <load_address>0x8141f</load_address>
         <readonly>true</readonly>
         <executable>true</executable>
         <run_address>0x8141f</run_address>
         <size>0x47</size>
         <alignment>0x1</alignment>
         <input_file_ref idref="fl-2c"/>
      </object_component>
      <object_component id="oc-29d">
         <name>.text:SysCtl_selectXTAL</name>
         <load_address>0x81466</load_address>
         <readonly>true</readonly>
         <executable>true</executable>
         <run_address>0x81466</run_address>
         <size>0x46</size>
         <alignment>0x1</alignment>
         <input_file_ref idref="fl-2c"/>
      </object_component>
      <object_component id="oc-170">
         <name>.text:PGA_setOffsetTrimPMOS</name>
         <load_address>0x814ac</load_address>
         <readonly>true</readonly>
         <executable>true</executable>
         <run_address>0x814ac</run_address>
         <size>0x44</size>
         <alignment>0x1</alignment>
         <input_file_ref idref="fl-2b"/>
      </object_component>
      <object_component id="oc-16a">
         <name>.text:PGA_setOffsetTrimNMOS</name>
         <load_address>0x814f0</load_address>
         <readonly>true</readonly>
         <executable>true</executable>
         <run_address>0x814f0</run_address>
         <size>0x41</size>
         <alignment>0x1</alignment>
         <input_file_ref idref="fl-2b"/>
      </object_component>
      <object_component id="oc-313">
         <name>.text:SysCtl_pollX1Counter</name>
         <load_address>0x81531</load_address>
         <readonly>true</readonly>
         <executable>true</executable>
         <run_address>0x81531</run_address>
         <size>0x40</size>
         <alignment>0x1</alignment>
         <input_file_ref idref="fl-2c"/>
      </object_component>
      <object_component id="oc-a4">
         <name>.text:Interrupt_initModule</name>
         <load_address>0x81571</load_address>
         <readonly>true</readonly>
         <executable>true</executable>
         <run_address>0x81571</run_address>
         <size>0x3d</size>
         <alignment>0x1</alignment>
         <input_file_ref idref="fl-2a"/>
      </object_component>
      <object_component id="oc-116">
         <name>.text:DMA_configTransfer</name>
         <load_address>0x815ae</load_address>
         <readonly>true</readonly>
         <executable>true</executable>
         <run_address>0x815ae</run_address>
         <size>0x3c</size>
         <alignment>0x1</alignment>
         <input_file_ref idref="fl-28"/>
      </object_component>
      <object_component id="oc-110">
         <name>.text:DMA_configBurst</name>
         <load_address>0x815ea</load_address>
         <readonly>true</readonly>
         <executable>true</executable>
         <run_address>0x815ea</run_address>
         <size>0x37</size>
         <alignment>0x1</alignment>
         <input_file_ref idref="fl-28"/>
      </object_component>
      <object_component id="oc-aa">
         <name>.text:Interrupt_enable</name>
         <load_address>0x81621</load_address>
         <readonly>true</readonly>
         <executable>true</executable>
         <run_address>0x81621</run_address>
         <size>0x37</size>
         <alignment>0x1</alignment>
         <input_file_ref idref="fl-2a"/>
      </object_component>
      <object_component id="oc-1a">
         <name>.text:decompress:lzss</name>
         <load_address>0x81658</load_address>
         <readonly>true</readonly>
         <executable>true</executable>
         <run_address>0x81658</run_address>
         <size>0x2e</size>
         <alignment>0x1</alignment>
         <input_file_ref idref="fl-1f"/>
      </object_component>
      <object_component id="oc-cb">
         <name>.text:__TI_auto_init_nobinit_nopinit</name>
         <load_address>0x81686</load_address>
         <readonly>true</readonly>
         <executable>true</executable>
         <run_address>0x81686</run_address>
         <size>0x2b</size>
         <alignment>0x1</alignment>
         <input_file_ref idref="fl-1c"/>
      </object_component>
      <object_component id="oc-7f">
         <name>.text</name>
         <load_address>0x816b1</load_address>
         <readonly>true</readonly>
         <executable>true</executable>
         <run_address>0x816b1</run_address>
         <size>0x29</size>
         <alignment>0x1</alignment>
         <input_file_ref idref="fl-20"/>
      </object_component>
      <object_component id="oc-10a">
         <name>.text:DMA_configAddresses</name>
         <load_address>0x816da</load_address>
         <readonly>true</readonly>
         <executable>true</executable>
         <run_address>0x816da</run_address>
         <size>0x25</size>
         <alignment>0x1</alignment>
         <input_file_ref idref="fl-28"/>
      </object_component>
      <object_component id="oc-2a3">
         <name>.text:SysCtl_selectXTALSingleEnded</name>
         <load_address>0x816ff</load_address>
         <readonly>true</readonly>
         <executable>true</executable>
         <run_address>0x816ff</run_address>
         <size>0x25</size>
         <alignment>0x1</alignment>
         <input_file_ref idref="fl-2c"/>
      </object_component>
      <object_component id="oc-25c">
         <name>.text:DCC_enableSingleShotMode</name>
         <load_address>0x81724</load_address>
         <readonly>true</readonly>
         <executable>true</executable>
         <run_address>0x81724</run_address>
         <size>0x24</size>
         <alignment>0x1</alignment>
         <input_file_ref idref="fl-27"/>
      </object_component>
      <object_component id="oc-2e1">
         <name>.text:DCC_enableSingleShotMode</name>
         <load_address>0x81748</load_address>
         <readonly>true</readonly>
         <executable>true</executable>
         <run_address>0x81748</run_address>
         <size>0x24</size>
         <alignment>0x1</alignment>
         <input_file_ref idref="fl-2c"/>
      </object_component>
      <object_component id="oc-1cb">
         <name>.text:DMA_isBaseValid</name>
         <load_address>0x8176c</load_address>
         <readonly>true</readonly>
         <executable>true</executable>
         <run_address>0x8176c</run_address>
         <size>0x23</size>
         <alignment>0x1</alignment>
         <input_file_ref idref="fl-28"/>
      </object_component>
      <object_component id="oc-5e">
         <name>.text</name>
         <load_address>0x8178f</load_address>
         <readonly>true</readonly>
         <executable>true</executable>
         <run_address>0x8178f</run_address>
         <size>0x20</size>
         <alignment>0x1</alignment>
         <input_file_ref idref="fl-25"/>
      </object_component>
      <object_component id="oc-24a">
         <name>.text:DCC_setCounter0ClkSource</name>
         <load_address>0x817af</load_address>
         <readonly>true</readonly>
         <executable>true</executable>
         <run_address>0x817af</run_address>
         <size>0x1e</size>
         <alignment>0x1</alignment>
         <input_file_ref idref="fl-27"/>
      </object_component>
      <object_component id="oc-2cf">
         <name>.text:DCC_setCounter0ClkSource</name>
         <load_address>0x817cd</load_address>
         <readonly>true</readonly>
         <executable>true</executable>
         <run_address>0x817cd</run_address>
         <size>0x1e</size>
         <alignment>0x1</alignment>
         <input_file_ref idref="fl-2c"/>
      </object_component>
      <object_component id="oc-250">
         <name>.text:DCC_setCounter1ClkSource</name>
         <load_address>0x817eb</load_address>
         <readonly>true</readonly>
         <executable>true</executable>
         <run_address>0x817eb</run_address>
         <size>0x1e</size>
         <alignment>0x1</alignment>
         <input_file_ref idref="fl-27"/>
      </object_component>
      <object_component id="oc-2d5">
         <name>.text:DCC_setCounter1ClkSource</name>
         <load_address>0x81809</load_address>
         <readonly>true</readonly>
         <executable>true</executable>
         <run_address>0x81809</run_address>
         <size>0x1e</size>
         <alignment>0x1</alignment>
         <input_file_ref idref="fl-2c"/>
      </object_component>
      <object_component id="oc-45">
         <name>.text:Interrupt_initVectorTable</name>
         <load_address>0x81827</load_address>
         <readonly>true</readonly>
         <executable>true</executable>
         <run_address>0x81827</run_address>
         <size>0x1e</size>
         <alignment>0x1</alignment>
         <input_file_ref idref="fl-2a"/>
      </object_component>
      <object_component id="oc-27a">
         <name>.text:DCC_getErrorStatus</name>
         <load_address>0x81845</load_address>
         <readonly>true</readonly>
         <executable>true</executable>
         <run_address>0x81845</run_address>
         <size>0x1c</size>
         <alignment>0x1</alignment>
         <input_file_ref idref="fl-27"/>
      </object_component>
      <object_component id="oc-274">
         <name>.text:DCC_getSingleShotStatus</name>
         <load_address>0x81861</load_address>
         <readonly>true</readonly>
         <executable>true</executable>
         <run_address>0x81861</run_address>
         <size>0x1c</size>
         <alignment>0x1</alignment>
         <input_file_ref idref="fl-27"/>
      </object_component>
      <object_component id="oc-205">
         <name>.text:SysCtl_setPLLSysClk</name>
         <load_address>0x8187d</load_address>
         <readonly>true</readonly>
         <executable>true</executable>
         <run_address>0x8187d</run_address>
         <size>0x19</size>
         <alignment>0x1</alignment>
         <input_file_ref idref="fl-2c"/>
      </object_component>
      <object_component id="oc-213">
         <name>.text:PGA_isBaseValid</name>
         <load_address>0x81896</load_address>
         <readonly>true</readonly>
         <executable>true</executable>
         <run_address>0x81896</run_address>
         <size>0x17</size>
         <alignment>0x1</alignment>
         <input_file_ref idref="fl-2b"/>
      </object_component>
      <object_component id="oc-2ab">
         <name>.text:SysCtl_enablePeripheral</name>
         <load_address>0x818ad</load_address>
         <readonly>true</readonly>
         <executable>true</executable>
         <run_address>0x818ad</run_address>
         <size>0x17</size>
         <alignment>0x1</alignment>
         <input_file_ref idref="fl-2c"/>
      </object_component>
      <object_component id="oc-27">
         <name>.text</name>
         <load_address>0x818c4</load_address>
         <readonly>true</readonly>
         <executable>true</executable>
         <run_address>0x818c4</run_address>
         <size>0x17</size>
         <alignment>0x1</alignment>
         <input_file_ref idref="fl-19"/>
      </object_component>
      <object_component id="oc-244">
         <name>.text:DCC_disableDoneSignal</name>
         <load_address>0x818db</load_address>
         <readonly>true</readonly>
         <executable>true</executable>
         <run_address>0x818db</run_address>
         <size>0x16</size>
         <alignment>0x1</alignment>
         <input_file_ref idref="fl-27"/>
      </object_component>
      <object_component id="oc-2c9">
         <name>.text:DCC_disableDoneSignal</name>
         <load_address>0x818f1</load_address>
         <readonly>true</readonly>
         <executable>true</executable>
         <run_address>0x818f1</run_address>
         <size>0x16</size>
         <alignment>0x1</alignment>
         <input_file_ref idref="fl-2c"/>
      </object_component>
      <object_component id="oc-268">
         <name>.text:DCC_enableDoneSignal</name>
         <load_address>0x81907</load_address>
         <readonly>true</readonly>
         <executable>true</executable>
         <run_address>0x81907</run_address>
         <size>0x16</size>
         <alignment>0x1</alignment>
         <input_file_ref idref="fl-27"/>
      </object_component>
      <object_component id="oc-44">
         <name>.text:Interrupt_defaultHandler</name>
         <load_address>0x8191d</load_address>
         <readonly>true</readonly>
         <executable>true</executable>
         <run_address>0x8191d</run_address>
         <size>0x16</size>
         <alignment>0x1</alignment>
         <input_file_ref idref="fl-2a"/>
      </object_component>
      <object_component id="oc-232">
         <name>.text:DCC_clearDoneFlag</name>
         <load_address>0x81933</load_address>
         <readonly>true</readonly>
         <executable>true</executable>
         <run_address>0x81933</run_address>
         <size>0x15</size>
         <alignment>0x1</alignment>
         <input_file_ref idref="fl-27"/>
      </object_component>
      <object_component id="oc-2b7">
         <name>.text:DCC_clearDoneFlag</name>
         <load_address>0x81948</load_address>
         <readonly>true</readonly>
         <executable>true</executable>
         <run_address>0x81948</run_address>
         <size>0x15</size>
         <alignment>0x1</alignment>
         <input_file_ref idref="fl-2c"/>
      </object_component>
      <object_component id="oc-22c">
         <name>.text:DCC_clearErrorFlag</name>
         <load_address>0x8195d</load_address>
         <readonly>true</readonly>
         <executable>true</executable>
         <run_address>0x8195d</run_address>
         <size>0x15</size>
         <alignment>0x1</alignment>
         <input_file_ref idref="fl-27"/>
      </object_component>
      <object_component id="oc-2b1">
         <name>.text:DCC_clearErrorFlag</name>
         <load_address>0x81972</load_address>
         <readonly>true</readonly>
         <executable>true</executable>
         <run_address>0x81972</run_address>
         <size>0x15</size>
         <alignment>0x1</alignment>
         <input_file_ref idref="fl-2c"/>
      </object_component>
      <object_component id="oc-23e">
         <name>.text:DCC_disableErrorSignal</name>
         <load_address>0x81987</load_address>
         <readonly>true</readonly>
         <executable>true</executable>
         <run_address>0x81987</run_address>
         <size>0x15</size>
         <alignment>0x1</alignment>
         <input_file_ref idref="fl-27"/>
      </object_component>
      <object_component id="oc-2c3">
         <name>.text:DCC_disableErrorSignal</name>
         <load_address>0x8199c</load_address>
         <readonly>true</readonly>
         <executable>true</executable>
         <run_address>0x8199c</run_address>
         <size>0x15</size>
         <alignment>0x1</alignment>
         <input_file_ref idref="fl-2c"/>
      </object_component>
      <object_component id="oc-220">
         <name>.text:DCC_isBaseValid</name>
         <load_address>0x819b1</load_address>
         <readonly>true</readonly>
         <executable>true</executable>
         <run_address>0x819b1</run_address>
         <size>0x15</size>
         <alignment>0x1</alignment>
         <input_file_ref idref="fl-27"/>
      </object_component>
      <object_component id="oc-322">
         <name>.text:DCC_isBaseValid</name>
         <load_address>0x819c6</load_address>
         <readonly>true</readonly>
         <executable>true</executable>
         <run_address>0x819c6</run_address>
         <size>0x15</size>
         <alignment>0x1</alignment>
         <input_file_ref idref="fl-2c"/>
      </object_component>
      <object_component id="oc-238">
         <name>.text:DCC_disableModule</name>
         <load_address>0x819db</load_address>
         <readonly>true</readonly>
         <executable>true</executable>
         <run_address>0x819db</run_address>
         <size>0x14</size>
         <alignment>0x1</alignment>
         <input_file_ref idref="fl-27"/>
      </object_component>
      <object_component id="oc-2bd">
         <name>.text:DCC_disableModule</name>
         <load_address>0x819ef</load_address>
         <readonly>true</readonly>
         <executable>true</executable>
         <run_address>0x819ef</run_address>
         <size>0x14</size>
         <alignment>0x1</alignment>
         <input_file_ref idref="fl-2c"/>
      </object_component>
      <object_component id="oc-262">
         <name>.text:DCC_enableErrorSignal</name>
         <load_address>0x81a03</load_address>
         <readonly>true</readonly>
         <executable>true</executable>
         <run_address>0x81a03</run_address>
         <size>0x14</size>
         <alignment>0x1</alignment>
         <input_file_ref idref="fl-27"/>
      </object_component>
      <object_component id="oc-26e">
         <name>.text:DCC_enableModule</name>
         <load_address>0x81a17</load_address>
         <readonly>true</readonly>
         <executable>true</executable>
         <run_address>0x81a17</run_address>
         <size>0x14</size>
         <alignment>0x1</alignment>
         <input_file_ref idref="fl-27"/>
      </object_component>
      <object_component id="oc-2e7">
         <name>.text:DCC_enableModule</name>
         <load_address>0x81a2b</load_address>
         <readonly>true</readonly>
         <executable>true</executable>
         <run_address>0x81a2b</run_address>
         <size>0x14</size>
         <alignment>0x1</alignment>
         <input_file_ref idref="fl-2c"/>
      </object_component>
      <object_component id="oc-79">
         <name>.text</name>
         <load_address>0x81a3f</load_address>
         <readonly>true</readonly>
         <executable>true</executable>
         <run_address>0x81a3f</run_address>
         <size>0x12</size>
         <alignment>0x1</alignment>
         <input_file_ref idref="fl-22"/>
      </object_component>
      <object_component id="oc-184">
         <name>.text:Interrupt_disableGlobal</name>
         <load_address>0x81a51</load_address>
         <readonly>true</readonly>
         <executable>true</executable>
         <run_address>0x81a51</run_address>
         <size>0xd</size>
         <alignment>0x1</alignment>
         <input_file_ref idref="fl-2a"/>
      </object_component>
      <object_component id="oc-18b">
         <name>.text:Interrupt_enableGlobal</name>
         <load_address>0x81a5e</load_address>
         <readonly>true</readonly>
         <executable>true</executable>
         <run_address>0x81a5e</run_address>
         <size>0xd</size>
         <alignment>0x1</alignment>
         <input_file_ref idref="fl-2a"/>
      </object_component>
      <object_component id="oc-1f9">
         <name>.text:SysCtl_isMCDClockFailureDetected</name>
         <load_address>0x81a6b</load_address>
         <readonly>true</readonly>
         <executable>true</executable>
         <run_address>0x81a6b</run_address>
         <size>0xb</size>
         <alignment>0x1</alignment>
         <input_file_ref idref="fl-2c"/>
      </object_component>
      <object_component id="oc-137">
         <name>.text:__relaxed_cosf</name>
         <load_address>0x81a76</load_address>
         <readonly>true</readonly>
         <executable>true</executable>
         <run_address>0x81a76</run_address>
         <size>0xb</size>
         <alignment>0x1</alignment>
         <input_file_ref idref="fl-2"/>
      </object_component>
      <object_component id="oc-50">
         <name>.text:Interrupt_illegalOperationHandler</name>
         <load_address>0x81a81</load_address>
         <readonly>true</readonly>
         <executable>true</executable>
         <run_address>0x81a81</run_address>
         <size>0xa</size>
         <alignment>0x1</alignment>
         <input_file_ref idref="fl-2a"/>
      </object_component>
      <object_component id="oc-56">
         <name>.text:Interrupt_nmiHandler</name>
         <load_address>0x81a8b</load_address>
         <readonly>true</readonly>
         <executable>true</executable>
         <run_address>0x81a8b</run_address>
         <size>0xa</size>
         <alignment>0x1</alignment>
         <input_file_ref idref="fl-2a"/>
      </object_component>
      <object_component id="oc-14d">
         <name>.text:__relaxed_sqrtf</name>
         <load_address>0x81a95</load_address>
         <readonly>true</readonly>
         <executable>true</executable>
         <run_address>0x81a95</run_address>
         <size>0x9</size>
         <alignment>0x1</alignment>
         <input_file_ref idref="fl-2"/>
      </object_component>
      <object_component id="oc-1bd">
         <name>.text</name>
         <load_address>0x81a9e</load_address>
         <readonly>true</readonly>
         <executable>true</executable>
         <run_address>0x81a9e</run_address>
         <size>0x9</size>
         <alignment>0x1</alignment>
         <input_file_ref idref="fl-21"/>
      </object_component>
      <object_component id="oc-20">
         <name>.text:decompress:none</name>
         <load_address>0x81aa7</load_address>
         <readonly>true</readonly>
         <executable>true</executable>
         <run_address>0x81aa7</run_address>
         <size>0x8</size>
         <alignment>0x1</alignment>
         <input_file_ref idref="fl-1e"/>
      </object_component>
      <object_component id="oc-86">
         <name>.text</name>
         <load_address>0x81aaf</load_address>
         <readonly>true</readonly>
         <executable>true</executable>
         <run_address>0x81aaf</run_address>
         <size>0x8</size>
         <alignment>0x1</alignment>
         <input_file_ref idref="fl-5"/>
      </object_component>
      <object_component id="oc-319">
         <name>.text:SysCtl_resetMCD</name>
         <load_address>0x81ab7</load_address>
         <readonly>true</readonly>
         <executable>true</executable>
         <run_address>0x81ab7</run_address>
         <size>0x7</size>
         <alignment>0x1</alignment>
         <input_file_ref idref="fl-2c"/>
      </object_component>
      <object_component id="oc-c2">
         <name>.text</name>
         <load_address>0x81abe</load_address>
         <readonly>true</readonly>
         <executable>true</executable>
         <run_address>0x81abe</run_address>
         <size>0x7</size>
         <alignment>0x1</alignment>
         <input_file_ref idref="fl-23"/>
      </object_component>
      <object_component id="oc-6c">
         <name>.text:decompress:ZI</name>
         <load_address>0x81ac5</load_address>
         <readonly>true</readonly>
         <executable>true</executable>
         <run_address>0x81ac5</run_address>
         <size>0x6</size>
         <alignment>0x1</alignment>
         <input_file_ref idref="fl-1d"/>
      </object_component>
      <object_component id="oc-72">
         <name>.text</name>
         <load_address>0x81acb</load_address>
         <readonly>true</readonly>
         <executable>true</executable>
         <run_address>0x81acb</run_address>
         <size>0x2</size>
         <alignment>0x1</alignment>
         <input_file_ref idref="fl-1b"/>
      </object_component>
      <object_component id="oc-1a3">
         <name>.text</name>
         <load_address>0x81acd</load_address>
         <readonly>true</readonly>
         <executable>true</executable>
         <run_address>0x81acd</run_address>
         <size>0x1</size>
         <alignment>0x1</alignment>
         <input_file_ref idref="fl-26"/>
      </object_component>
      <object_component id="oc-36b">
         <name>.cinit..data.load</name>
         <load_address>0x81ad0</load_address>
         <readonly>true</readonly>
         <run_address>0x81ad0</run_address>
         <size>0xc</size>
         <alignment>0x1</alignment>
      </object_component>
      <object_component id="oc-362">
         <name>__TI_handler_table</name>
         <load_address>0x81adc</load_address>
         <readonly>true</readonly>
         <run_address>0x81adc</run_address>
         <size>0x6</size>
         <alignment>0x2</alignment>
      </object_component>
      <object_component id="oc-364">
         <name>.cinit..bss.load</name>
         <load_address>0x81ae2</load_address>
         <readonly>true</readonly>
         <run_address>0x81ae2</run_address>
         <size>0x4</size>
         <alignment>0x2</alignment>
      </object_component>
      <object_component id="oc-365">
         <name>.cinit.dsp_buf_adc.load</name>
         <load_address>0x81ae6</load_address>
         <readonly>true</readonly>
         <run_address>0x81ae6</run_address>
         <size>0x4</size>
         <alignment>0x2</alignment>
      </object_component>
      <object_component id="oc-366">
         <name>.cinit.dsp_buf_fft.load</name>
         <load_address>0x81aea</load_address>
         <readonly>true</readonly>
         <run_address>0x81aea</run_address>
         <size>0x4</size>
         <alignment>0x2</alignment>
      </object_component>
      <object_component id="oc-369">
         <name>.cinit.dsp_buf_mag.load</name>
         <load_address>0x81aee</load_address>
         <readonly>true</readonly>
         <run_address>0x81aee</run_address>
         <size>0x4</size>
         <alignment>0x2</alignment>
      </object_component>
      <object_component id="oc-367">
         <name>.cinit.dsp_buf_raw_A.load</name>
         <load_address>0x81af2</load_address>
         <readonly>true</readonly>
         <run_address>0x81af2</run_address>
         <size>0x4</size>
         <alignment>0x2</alignment>
      </object_component>
      <object_component id="oc-368">
         <name>.cinit.dsp_buf_raw_B.load</name>
         <load_address>0x81af6</load_address>
         <readonly>true</readonly>
         <run_address>0x81af6</run_address>
         <size>0x4</size>
         <alignment>0x2</alignment>
      </object_component>
      <object_component id="oc-36a">
         <name>.cinit.dsp_buf_win.load</name>
         <load_address>0x81afa</load_address>
         <readonly>true</readonly>
         <run_address>0x81afa</run_address>
         <size>0x4</size>
         <alignment>0x2</alignment>
      </object_component>
      <object_component id="oc-363">
         <name>__TI_cinit_table</name>
         <load_address>0x81afe</load_address>
         <readonly>true</readonly>
         <run_address>0x81afe</run_address>
         <size>0x20</size>
         <alignment>0x2</alignment>
      </object_component>
      <object_component id="oc-43">
         <name>.stack</name>
         <uninitialized>true</uninitialized>
         <readwrite>true</readwrite>
         <run_address>0x400</run_address>
         <size>0x0</size>
         <alignment>0x1</alignment>
         <input_file_ref idref="fl-19"/>
      </object_component>
      <object_component id="oc-36c">
         <name>.stack</name>
         <uninitialized>true</uninitialized>
         <readwrite>true</readwrite>
         <run_address>0x400</run_address>
         <size>0x0</size>
         <alignment>0x2</alignment>
      </object_component>
      <object_component id="oc-154">
         <name>.bss:cost_prev$1</name>
         <uninitialized>true</uninitialized>
         <readwrite>true</readwrite>
         <run_address>0xaa80</run_address>
         <size>0x80</size>
         <alignment>0x2</alignment>
         <input_file_ref idref="fl-2"/>
      </object_component>
      <object_component id="oc-155">
         <name>.bss:cost_curr$2</name>
         <uninitialized>true</uninitialized>
         <readwrite>true</readwrite>
         <run_address>0xaa00</run_address>
         <size>0x80</size>
         <alignment>0x2</alignment>
         <input_file_ref idref="fl-2"/>
      </object_component>
      <object_component id="oc-12a">
         <name>.bss</name>
         <uninitialized>true</uninitialized>
         <readwrite>true</readwrite>
         <run_address>0xab00</run_address>
         <size>0xc</size>
         <alignment>0x2</alignment>
         <input_file_ref idref="fl-4"/>
      </object_component>
      <object_component id="oc-12d">
         <name>dsp_buf_adc</name>
         <uninitialized>true</uninitialized>
         <readwrite>true</readwrite>
         <run_address>0xa000</run_address>
         <size>0x200</size>
         <alignment>0x200</alignment>
         <input_file_ref idref="fl-4"/>
      </object_component>
      <object_component id="oc-130">
         <name>dsp_buf_fft</name>
         <uninitialized>true</uninitialized>
         <readwrite>true</readwrite>
         <run_address>0xa800</run_address>
         <size>0x200</size>
         <alignment>0x200</alignment>
         <input_file_ref idref="fl-4"/>
      </object_component>
      <object_component id="oc-107">
         <name>dsp_buf_raw_A</name>
         <uninitialized>true</uninitialized>
         <readwrite>true</readwrite>
         <run_address>0xb000</run_address>
         <size>0x100</size>
         <alignment>0x1</alignment>
         <input_file_ref idref="fl-6"/>
      </object_component>
      <object_component id="oc-122">
         <name>dsp_buf_raw_B</name>
         <uninitialized>true</uninitialized>
         <readwrite>true</readwrite>
         <run_address>0xb100</run_address>
         <size>0x100</size>
         <alignment>0x1</alignment>
         <input_file_ref idref="fl-6"/>
      </object_component>
      <object_component id="oc-133">
         <name>dsp_buf_mag</name>
         <uninitialized>true</uninitialized>
         <readwrite>true</readwrite>
         <run_address>0xba00</run_address>
         <size>0x102</size>
         <alignment>0x2</alignment>
         <input_file_ref idref="fl-4"/>
      </object_component>
      <object_component id="oc-13e">
         <name>dsp_buf_win</name>
         <uninitialized>true</uninitialized>
         <readwrite>true</readwrite>
         <run_address>0xb800</run_address>
         <size>0x200</size>
         <alignment>0x2</alignment>
         <input_file_ref idref="fl-4"/>
      </object_component>
      <object_component id="oc-1f8">
         <name>.const:.string</name>
         <load_address>0x80008</load_address>
         <readonly>true</readonly>
         <run_address>0x80008</run_address>
         <size>0x9a</size>
         <alignment>0x2</alignment>
         <input_file_ref idref="fl-2c"/>
      </object_component>
      <object_component id="oc-21d">
         <name>.const:.string</name>
         <load_address>0x800a2</load_address>
         <readonly>true</readonly>
         <run_address>0x800a2</run_address>
         <size>0x98</size>
         <alignment>0x2</alignment>
         <input_file_ref idref="fl-29"/>
      </object_component>
      <object_component id="oc-226">
         <name>.const:.string</name>
         <load_address>0x8013a</load_address>
         <readonly>true</readonly>
         <run_address>0x8013a</run_address>
         <size>0x97</size>
         <alignment>0x2</alignment>
         <input_file_ref idref="fl-27"/>
      </object_component>
      <object_component id="oc-1d1">
         <name>.const:.string</name>
         <load_address>0x801d2</load_address>
         <readonly>true</readonly>
         <run_address>0x801d2</run_address>
         <size>0x97</size>
         <alignment>0x2</alignment>
         <input_file_ref idref="fl-28"/>
      </object_component>
      <object_component id="oc-15c">
         <name>.const:arc_template</name>
         <load_address>0x8026a</load_address>
         <readonly>true</readonly>
         <run_address>0x8026a</run_address>
         <size>0x80</size>
         <alignment>0x2</alignment>
         <input_file_ref idref="fl-2"/>
      </object_component>
      <object_component id="oc-219">
         <name>.const:.string</name>
         <load_address>0x802ea</load_address>
         <readonly>true</readonly>
         <run_address>0x802ea</run_address>
         <size>0x4b</size>
         <alignment>0x2</alignment>
         <input_file_ref idref="fl-2b"/>
      </object_component>
      <object_component id="oc-15f">
         <name>.data</name>
         <load_address>0xac12</load_address>
         <readwrite>true</readwrite>
         <run_address>0xac12</run_address>
         <size>0x4</size>
         <alignment>0x2</alignment>
         <input_file_ref idref="fl-2"/>
      </object_component>
      <object_component id="oc-156">
         <name>.data:rolling_buffer</name>
         <load_address>0xab8c</load_address>
         <readwrite>true</readwrite>
         <run_address>0xab8c</run_address>
         <size>0x80</size>
         <alignment>0x2</alignment>
         <input_file_ref idref="fl-2"/>
      </object_component>
      <object_component id="oc-159">
         <name>.data:norm_buffer</name>
         <load_address>0xab0c</load_address>
         <readwrite>true</readwrite>
         <run_address>0xab0c</run_address>
         <size>0x80</size>
         <alignment>0x2</alignment>
         <input_file_ref idref="fl-2"/>
      </object_component>
      <object_component id="oc-125">
         <name>.data</name>
         <load_address>0xac1a</load_address>
         <readwrite>true</readwrite>
         <run_address>0xac1a</run_address>
         <size>0x1</size>
         <alignment>0x1</alignment>
         <input_file_ref idref="fl-6"/>
      </object_component>
      <object_component id="oc-fd">
         <name>.data</name>
         <load_address>0xac0c</load_address>
         <readwrite>true</readwrite>
         <run_address>0xac0c</run_address>
         <size>0x6</size>
         <alignment>0x2</alignment>
         <input_file_ref idref="fl-20"/>
      </object_component>
      <object_component id="oc-100">
         <name>.data:_lock</name>
         <load_address>0xac16</load_address>
         <readwrite>true</readwrite>
         <run_address>0xac16</run_address>
         <size>0x2</size>
         <alignment>0x2</alignment>
         <input_file_ref idref="fl-21"/>
      </object_component>
      <object_component id="oc-291">
         <name>.data:_unlock</name>
         <load_address>0xac18</load_address>
         <readwrite>true</readwrite>
         <run_address>0xac18</run_address>
         <size>0x2</size>
         <alignment>0x2</alignment>
         <input_file_ref idref="fl-21"/>
      </object_component>
      <object_component id="oc-106">
         <name>.TI.ramfunc</name>
         <load_address>0x80338</load_address>
         <readonly>true</readonly>
         <executable>true</executable>
         <run_address>0x87f8</run_address>
         <size>0x4</size>
         <alignment>0x1</alignment>
         <input_file_ref idref="fl-2c"/>
      </object_component>
      <object_component id="oc-163">
         <name>.debug_types</name>
         <load_address>0x0</load_address>
         <run_address>0x0</run_address>
         <size>0x486</size>
         <alignment>0x0</alignment>
         <input_file_ref idref="fl-2"/>
      </object_component>
      <object_component id="oc-183">
         <name>.debug_types</name>
         <load_address>0x486</load_address>
         <run_address>0x486</run_address>
         <size>0xe58</size>
         <alignment>0x0</alignment>
         <input_file_ref idref="fl-3"/>
      </object_component>
      <object_component id="oc-14c">
         <name>.debug_types</name>
         <load_address>0x12de</load_address>
         <run_address>0x12de</run_address>
         <size>0x242</size>
         <alignment>0x0</alignment>
         <input_file_ref idref="fl-4"/>
      </object_component>
      <object_component id="oc-129">
         <name>.debug_types</name>
         <load_address>0x1520</load_address>
         <run_address>0x1520</run_address>
         <size>0x195c</size>
         <alignment>0x0</alignment>
         <input_file_ref idref="fl-6"/>
      </object_component>
      <object_component id="oc-b1">
         <name>.debug_types</name>
         <load_address>0x2e7c</load_address>
         <run_address>0x2e7c</run_address>
         <size>0x4d</size>
         <alignment>0x0</alignment>
         <input_file_ref idref="fl-7"/>
      </object_component>
      <object_component id="oc-ca">
         <name>.debug_types</name>
         <load_address>0x0</load_address>
         <run_address>0x0</run_address>
         <size>0x0</size>
         <alignment>0x0</alignment>
         <input_file_ref idref="fl-1b"/>
      </object_component>
      <object_component id="oc-1aa">
         <name>.debug_types</name>
         <load_address>0x2ec9</load_address>
         <run_address>0x2ec9</run_address>
         <size>0x46c</size>
         <alignment>0x0</alignment>
         <input_file_ref idref="fl-1c"/>
      </object_component>
      <object_component id="oc-c1">
         <name>.debug_types</name>
         <load_address>0x3335</load_address>
         <run_address>0x3335</run_address>
         <size>0x1f3</size>
         <alignment>0x0</alignment>
         <input_file_ref idref="fl-1d"/>
      </object_component>
      <object_component id="oc-65">
         <name>.debug_types</name>
         <load_address>0x0</load_address>
         <run_address>0x0</run_address>
         <size>0x0</size>
         <alignment>0x0</alignment>
         <input_file_ref idref="fl-1e"/>
      </object_component>
      <object_component id="oc-5d">
         <name>.debug_types</name>
         <load_address>0x3528</load_address>
         <run_address>0x3528</run_address>
         <size>0x191</size>
         <alignment>0x0</alignment>
         <input_file_ref idref="fl-1f"/>
      </object_component>
      <object_component id="oc-104">
         <name>.debug_types</name>
         <load_address>0x36b9</load_address>
         <run_address>0x36b9</run_address>
         <size>0xbf</size>
         <alignment>0x0</alignment>
         <input_file_ref idref="fl-20"/>
      </object_component>
      <object_component id="oc-1c5">
         <name>.debug_types</name>
         <load_address>0x3778</load_address>
         <run_address>0x3778</run_address>
         <size>0x2f</size>
         <alignment>0x0</alignment>
         <input_file_ref idref="fl-21"/>
      </object_component>
      <object_component id="oc-fc">
         <name>.debug_types</name>
         <load_address>0x37a7</load_address>
         <run_address>0x37a7</run_address>
         <size>0xe1</size>
         <alignment>0x0</alignment>
         <input_file_ref idref="fl-22"/>
      </object_component>
      <object_component id="oc-19f">
         <name>.debug_types</name>
         <load_address>0x3888</load_address>
         <run_address>0x3888</run_address>
         <size>0x2f</size>
         <alignment>0x0</alignment>
         <input_file_ref idref="fl-23"/>
      </object_component>
      <object_component id="oc-bc">
         <name>.debug_types</name>
         <load_address>0x38b7</load_address>
         <run_address>0x38b7</run_address>
         <size>0x2f</size>
         <alignment>0x0</alignment>
         <input_file_ref idref="fl-25"/>
      </object_component>
      <object_component id="oc-28b">
         <name>.debug_types</name>
         <load_address>0x0</load_address>
         <run_address>0x0</run_address>
         <size>0x0</size>
         <alignment>0x0</alignment>
         <input_file_ref idref="fl-26"/>
      </object_component>
      <object_component id="oc-281">
         <name>.debug_types</name>
         <load_address>0x38e6</load_address>
         <run_address>0x38e6</run_address>
         <size>0x110</size>
         <alignment>0x0</alignment>
         <input_file_ref idref="fl-27"/>
      </object_component>
      <object_component id="oc-1d3">
         <name>.debug_types</name>
         <load_address>0x39f6</load_address>
         <run_address>0x39f6</run_address>
         <size>0x333</size>
         <alignment>0x0</alignment>
         <input_file_ref idref="fl-28"/>
      </object_component>
      <object_component id="oc-21f">
         <name>.debug_types</name>
         <load_address>0x3d29</load_address>
         <run_address>0x3d29</run_address>
         <size>0x43c</size>
         <alignment>0x0</alignment>
         <input_file_ref idref="fl-29"/>
      </object_component>
      <object_component id="oc-b4">
         <name>.debug_types</name>
         <load_address>0x0</load_address>
         <run_address>0x0</run_address>
         <size>0x0</size>
         <alignment>0x0</alignment>
         <input_file_ref idref="fl-2a"/>
      </object_component>
      <object_component id="oc-21b">
         <name>.debug_types</name>
         <load_address>0x0</load_address>
         <run_address>0x0</run_address>
         <size>0x0</size>
         <alignment>0x0</alignment>
         <input_file_ref idref="fl-2b"/>
      </object_component>
      <object_component id="oc-212">
         <name>.debug_types</name>
         <load_address>0x4165</load_address>
         <run_address>0x4165</run_address>
         <size>0xa34</size>
         <alignment>0x0</alignment>
         <input_file_ref idref="fl-2c"/>
      </object_component>
      <object_component id="oc-160">
         <name>.debug_info</name>
         <load_address>0x0</load_address>
         <run_address>0x0</run_address>
         <size>0x120</size>
         <alignment>0x0</alignment>
         <input_file_ref idref="fl-2"/>
      </object_component>
      <object_component id="oc-15d">
         <name>.debug_info</name>
         <load_address>0x120</load_address>
         <run_address>0x120</run_address>
         <size>0xf2</size>
         <alignment>0x0</alignment>
         <input_file_ref idref="fl-2"/>
      </object_component>
      <object_component id="oc-157">
         <name>.debug_info</name>
         <load_address>0x212</load_address>
         <run_address>0x212</run_address>
         <size>0xf6</size>
         <alignment>0x0</alignment>
         <input_file_ref idref="fl-2"/>
      </object_component>
      <object_component id="oc-15a">
         <name>.debug_info</name>
         <load_address>0x308</load_address>
         <run_address>0x308</run_address>
         <size>0xf0</size>
         <alignment>0x0</alignment>
         <input_file_ref idref="fl-2"/>
      </object_component>
      <object_component id="oc-14e">
         <name>.debug_info</name>
         <load_address>0x3f8</load_address>
         <run_address>0x3f8</run_address>
         <size>0x183</size>
         <alignment>0x0</alignment>
         <input_file_ref idref="fl-2"/>
      </object_component>
      <object_component id="oc-138">
         <name>.debug_info</name>
         <load_address>0x57b</load_address>
         <run_address>0x57b</run_address>
         <size>0x181</size>
         <alignment>0x0</alignment>
         <input_file_ref idref="fl-2"/>
      </object_component>
      <object_component id="oc-99">
         <name>.debug_info</name>
         <load_address>0x6fc</load_address>
         <run_address>0x6fc</run_address>
         <size>0x61e</size>
         <alignment>0x0</alignment>
         <input_file_ref idref="fl-2"/>
      </object_component>
      <object_component id="oc-9f">
         <name>.debug_info</name>
         <load_address>0xd1a</load_address>
         <run_address>0xd1a</run_address>
         <size>0x12c2</size>
         <alignment>0x0</alignment>
         <input_file_ref idref="fl-3"/>
      </object_component>
      <object_component id="oc-12b">
         <name>.debug_info</name>
         <load_address>0x1fdc</load_address>
         <run_address>0x1fdc</run_address>
         <size>0xdc</size>
         <alignment>0x0</alignment>
         <input_file_ref idref="fl-4"/>
      </object_component>
      <object_component id="oc-134">
         <name>.debug_info</name>
         <load_address>0x20b8</load_address>
         <run_address>0x20b8</run_address>
         <size>0xe2</size>
         <alignment>0x0</alignment>
         <input_file_ref idref="fl-4"/>
      </object_component>
      <object_component id="oc-12e">
         <name>.debug_info</name>
         <load_address>0x219a</load_address>
         <run_address>0x219a</run_address>
         <size>0xe8</size>
         <alignment>0x0</alignment>
         <input_file_ref idref="fl-4"/>
      </object_component>
      <object_component id="oc-131">
         <name>.debug_info</name>
         <load_address>0x2282</load_address>
         <run_address>0x2282</run_address>
         <size>0xe8</size>
         <alignment>0x0</alignment>
         <input_file_ref idref="fl-4"/>
      </object_component>
      <object_component id="oc-13f">
         <name>.debug_info</name>
         <load_address>0x236a</load_address>
         <run_address>0x236a</run_address>
         <size>0xf0</size>
         <alignment>0x0</alignment>
         <input_file_ref idref="fl-4"/>
      </object_component>
      <object_component id="oc-93">
         <name>.debug_info</name>
         <load_address>0x245a</load_address>
         <run_address>0x245a</run_address>
         <size>0x255</size>
         <alignment>0x0</alignment>
         <input_file_ref idref="fl-4"/>
      </object_component>
      <object_component id="oc-33">
         <name>.debug_info</name>
         <load_address>0x26af</load_address>
         <run_address>0x26af</run_address>
         <size>0x103</size>
         <alignment>0x0</alignment>
         <input_file_ref idref="fl-5"/>
      </object_component>
      <object_component id="oc-87">
         <name>.debug_info</name>
         <load_address>0x27b2</load_address>
         <run_address>0x27b2</run_address>
         <size>0x104</size>
         <alignment>0x0</alignment>
         <input_file_ref idref="fl-5"/>
      </object_component>
      <object_component id="oc-126">
         <name>.debug_info</name>
         <load_address>0x28b6</load_address>
         <run_address>0x28b6</run_address>
         <size>0x100</size>
         <alignment>0x0</alignment>
         <input_file_ref idref="fl-6"/>
      </object_component>
      <object_component id="oc-108">
         <name>.debug_info</name>
         <load_address>0x29b6</load_address>
         <run_address>0x29b6</run_address>
         <size>0xee</size>
         <alignment>0x0</alignment>
         <input_file_ref idref="fl-6"/>
      </object_component>
      <object_component id="oc-123">
         <name>.debug_info</name>
         <load_address>0x2aa4</load_address>
         <run_address>0x2aa4</run_address>
         <size>0xee</size>
         <alignment>0x0</alignment>
         <input_file_ref idref="fl-6"/>
      </object_component>
      <object_component id="oc-8d">
         <name>.debug_info</name>
         <load_address>0x2b92</load_address>
         <run_address>0x2b92</run_address>
         <size>0x20e6</size>
         <alignment>0x0</alignment>
         <input_file_ref idref="fl-6"/>
      </object_component>
      <object_component id="oc-39">
         <name>.debug_info</name>
         <load_address>0x4c78</load_address>
         <run_address>0x4c78</run_address>
         <size>0x56c</size>
         <alignment>0x0</alignment>
         <input_file_ref idref="fl-7"/>
      </object_component>
      <object_component id="oc-3e">
         <name>.debug_info</name>
         <load_address>0x51e4</load_address>
         <run_address>0x51e4</run_address>
         <size>0x2e8</size>
         <alignment>0x0</alignment>
         <input_file_ref idref="fl-7"/>
      </object_component>
      <object_component id="oc-28">
         <name>.debug_info</name>
         <load_address>0x54cc</load_address>
         <run_address>0x54cc</run_address>
         <size>0x14e</size>
         <alignment>0x0</alignment>
         <input_file_ref idref="fl-19"/>
      </object_component>
      <object_component id="oc-73">
         <name>.debug_info</name>
         <load_address>0x561a</load_address>
         <run_address>0x561a</run_address>
         <size>0x143</size>
         <alignment>0x0</alignment>
         <input_file_ref idref="fl-1b"/>
      </object_component>
      <object_component id="oc-cc">
         <name>.debug_info</name>
         <load_address>0x575d</load_address>
         <run_address>0x575d</run_address>
         <size>0x1b5</size>
         <alignment>0x0</alignment>
         <input_file_ref idref="fl-1c"/>
      </object_component>
      <object_component id="oc-6d">
         <name>.debug_info</name>
         <load_address>0x5912</load_address>
         <run_address>0x5912</run_address>
         <size>0x195</size>
         <alignment>0x0</alignment>
         <input_file_ref idref="fl-1d"/>
      </object_component>
      <object_component id="oc-21">
         <name>.debug_info</name>
         <load_address>0x5aa7</load_address>
         <run_address>0x5aa7</run_address>
         <size>0x1ad</size>
         <alignment>0x0</alignment>
         <input_file_ref idref="fl-1e"/>
      </object_component>
      <object_component id="oc-1b">
         <name>.debug_info</name>
         <load_address>0x5c54</load_address>
         <run_address>0x5c54</run_address>
         <size>0x202</size>
         <alignment>0x0</alignment>
         <input_file_ref idref="fl-1f"/>
      </object_component>
      <object_component id="oc-fe">
         <name>.debug_info</name>
         <load_address>0x5e56</load_address>
         <run_address>0x5e56</run_address>
         <size>0x194</size>
         <alignment>0x0</alignment>
         <input_file_ref idref="fl-20"/>
      </object_component>
      <object_component id="oc-80">
         <name>.debug_info</name>
         <load_address>0x5fea</load_address>
         <run_address>0x5fea</run_address>
         <size>0x19f</size>
         <alignment>0x0</alignment>
         <input_file_ref idref="fl-20"/>
      </object_component>
      <object_component id="oc-101">
         <name>.debug_info</name>
         <load_address>0x6189</load_address>
         <run_address>0x6189</run_address>
         <size>0xfd</size>
         <alignment>0x0</alignment>
         <input_file_ref idref="fl-21"/>
      </object_component>
      <object_component id="oc-292">
         <name>.debug_info</name>
         <load_address>0x6286</load_address>
         <run_address>0x6286</run_address>
         <size>0x101</size>
         <alignment>0x0</alignment>
         <input_file_ref idref="fl-21"/>
      </object_component>
      <object_component id="oc-1be">
         <name>.debug_info</name>
         <load_address>0x6387</load_address>
         <run_address>0x6387</run_address>
         <size>0x1f9</size>
         <alignment>0x0</alignment>
         <input_file_ref idref="fl-21"/>
      </object_component>
      <object_component id="oc-7a">
         <name>.debug_info</name>
         <load_address>0x6580</load_address>
         <run_address>0x6580</run_address>
         <size>0x163</size>
         <alignment>0x0</alignment>
         <input_file_ref idref="fl-22"/>
      </object_component>
      <object_component id="oc-c3">
         <name>.debug_info</name>
         <load_address>0x66e3</load_address>
         <run_address>0x66e3</run_address>
         <size>0x1f3</size>
         <alignment>0x0</alignment>
         <input_file_ref idref="fl-23"/>
      </object_component>
      <object_component id="oc-5f">
         <name>.debug_info</name>
         <load_address>0x68d6</load_address>
         <run_address>0x68d6</run_address>
         <size>0x191</size>
         <alignment>0x0</alignment>
         <input_file_ref idref="fl-25"/>
      </object_component>
      <object_component id="oc-1a4">
         <name>.debug_info</name>
         <load_address>0x6a67</load_address>
         <run_address>0x6a67</run_address>
         <size>0x13d</size>
         <alignment>0x0</alignment>
         <input_file_ref idref="fl-26"/>
      </object_component>
      <object_component id="oc-221">
         <name>.debug_info</name>
         <load_address>0x6ba4</load_address>
         <run_address>0x6ba4</run_address>
         <size>0x1ca</size>
         <alignment>0x0</alignment>
         <input_file_ref idref="fl-27"/>
      </object_component>
      <object_component id="oc-26f">
         <name>.debug_info</name>
         <load_address>0x6d6e</load_address>
         <run_address>0x6d6e</run_address>
         <size>0x1e8</size>
         <alignment>0x0</alignment>
         <input_file_ref idref="fl-27"/>
      </object_component>
      <object_component id="oc-239">
         <name>.debug_info</name>
         <load_address>0x6f56</load_address>
         <run_address>0x6f56</run_address>
         <size>0x1ea</size>
         <alignment>0x0</alignment>
         <input_file_ref idref="fl-27"/>
      </object_component>
      <object_component id="oc-263">
         <name>.debug_info</name>
         <load_address>0x7140</load_address>
         <run_address>0x7140</run_address>
         <size>0x1f2</size>
         <alignment>0x0</alignment>
         <input_file_ref idref="fl-27"/>
      </object_component>
      <object_component id="oc-269">
         <name>.debug_info</name>
         <load_address>0x7332</load_address>
         <run_address>0x7332</run_address>
         <size>0x1f2</size>
         <alignment>0x0</alignment>
         <input_file_ref idref="fl-27"/>
      </object_component>
      <object_component id="oc-23f">
         <name>.debug_info</name>
         <load_address>0x7524</load_address>
         <run_address>0x7524</run_address>
         <size>0x1f6</size>
         <alignment>0x0</alignment>
         <input_file_ref idref="fl-27"/>
      </object_component>
      <object_component id="oc-245">
         <name>.debug_info</name>
         <load_address>0x771a</load_address>
         <run_address>0x771a</run_address>
         <size>0x1f4</size>
         <alignment>0x0</alignment>
         <input_file_ref idref="fl-27"/>
      </object_component>
      <object_component id="oc-25d">
         <name>.debug_info</name>
         <load_address>0x790e</load_address>
         <run_address>0x790e</run_address>
         <size>0x21b</size>
         <alignment>0x0</alignment>
         <input_file_ref idref="fl-27"/>
      </object_component>
      <object_component id="oc-27b">
         <name>.debug_info</name>
         <load_address>0x7b29</load_address>
         <run_address>0x7b29</run_address>
         <size>0x1f6</size>
         <alignment>0x0</alignment>
         <input_file_ref idref="fl-27"/>
      </object_component>
      <object_component id="oc-275">
         <name>.debug_info</name>
         <load_address>0x7d1f</load_address>
         <run_address>0x7d1f</run_address>
         <size>0x200</size>
         <alignment>0x0</alignment>
         <input_file_ref idref="fl-27"/>
      </object_component>
      <object_component id="oc-22d">
         <name>.debug_info</name>
         <load_address>0x7f1f</load_address>
         <run_address>0x7f1f</run_address>
         <size>0x1ee</size>
         <alignment>0x0</alignment>
         <input_file_ref idref="fl-27"/>
      </object_component>
      <object_component id="oc-233">
         <name>.debug_info</name>
         <load_address>0x810d</load_address>
         <run_address>0x810d</run_address>
         <size>0x1ec</size>
         <alignment>0x0</alignment>
         <input_file_ref idref="fl-27"/>
      </object_component>
      <object_component id="oc-251">
         <name>.debug_info</name>
         <load_address>0x82f9</load_address>
         <run_address>0x82f9</run_address>
         <size>0x21f</size>
         <alignment>0x0</alignment>
         <input_file_ref idref="fl-27"/>
      </object_component>
      <object_component id="oc-24b">
         <name>.debug_info</name>
         <load_address>0x8518</load_address>
         <run_address>0x8518</run_address>
         <size>0x21f</size>
         <alignment>0x0</alignment>
         <input_file_ref idref="fl-27"/>
      </object_component>
      <object_component id="oc-257">
         <name>.debug_info</name>
         <load_address>0x8737</load_address>
         <run_address>0x8737</run_address>
         <size>0x28e</size>
         <alignment>0x0</alignment>
         <input_file_ref idref="fl-27"/>
      </object_component>
      <object_component id="oc-17d">
         <name>.debug_info</name>
         <load_address>0x89c5</load_address>
         <run_address>0x89c5</run_address>
         <size>0x579</size>
         <alignment>0x0</alignment>
         <input_file_ref idref="fl-27"/>
      </object_component>
      <object_component id="oc-1cc">
         <name>.debug_info</name>
         <load_address>0x8f3e</load_address>
         <run_address>0x8f3e</run_address>
         <size>0x1cc</size>
         <alignment>0x0</alignment>
         <input_file_ref idref="fl-28"/>
      </object_component>
      <object_component id="oc-10b">
         <name>.debug_info</name>
         <load_address>0x910a</load_address>
         <run_address>0x910a</run_address>
         <size>0x23e</size>
         <alignment>0x0</alignment>
         <input_file_ref idref="fl-28"/>
      </object_component>
      <object_component id="oc-111">
         <name>.debug_info</name>
         <load_address>0x9348</load_address>
         <run_address>0x9348</run_address>
         <size>0x261</size>
         <alignment>0x0</alignment>
         <input_file_ref idref="fl-28"/>
      </object_component>
      <object_component id="oc-117">
         <name>.debug_info</name>
         <load_address>0x95a9</load_address>
         <run_address>0x95a9</run_address>
         <size>0x273</size>
         <alignment>0x0</alignment>
         <input_file_ref idref="fl-28"/>
      </object_component>
      <object_component id="oc-11d">
         <name>.debug_info</name>
         <load_address>0x981c</load_address>
         <run_address>0x981c</run_address>
         <size>0x21f</size>
         <alignment>0x0</alignment>
         <input_file_ref idref="fl-28"/>
      </object_component>
      <object_component id="oc-177">
         <name>.debug_info</name>
         <load_address>0x9a3b</load_address>
         <run_address>0x9a3b</run_address>
         <size>0x227</size>
         <alignment>0x0</alignment>
         <input_file_ref idref="fl-29"/>
      </object_component>
      <object_component id="oc-18c">
         <name>.debug_info</name>
         <load_address>0x9c62</load_address>
         <run_address>0x9c62</run_address>
         <size>0x1c3</size>
         <alignment>0x0</alignment>
         <input_file_ref idref="fl-2a"/>
      </object_component>
      <object_component id="oc-185">
         <name>.debug_info</name>
         <load_address>0x9e25</load_address>
         <run_address>0x9e25</run_address>
         <size>0x1c5</size>
         <alignment>0x0</alignment>
         <input_file_ref idref="fl-2a"/>
      </object_component>
      <object_component id="oc-a5">
         <name>.debug_info</name>
         <load_address>0x9fea</load_address>
         <run_address>0x9fea</run_address>
         <size>0x1d4</size>
         <alignment>0x0</alignment>
         <input_file_ref idref="fl-2a"/>
      </object_component>
      <object_component id="oc-4b">
         <name>.debug_info</name>
         <load_address>0xa1be</load_address>
         <run_address>0xa1be</run_address>
         <size>0x1e1</size>
         <alignment>0x0</alignment>
         <input_file_ref idref="fl-2a"/>
      </object_component>
      <object_component id="oc-51">
         <name>.debug_info</name>
         <load_address>0xa39f</load_address>
         <run_address>0xa39f</run_address>
         <size>0x1c7</size>
         <alignment>0x0</alignment>
         <input_file_ref idref="fl-2a"/>
      </object_component>
      <object_component id="oc-57">
         <name>.debug_info</name>
         <load_address>0xa566</load_address>
         <run_address>0xa566</run_address>
         <size>0x1ad</size>
         <alignment>0x0</alignment>
         <input_file_ref idref="fl-2a"/>
      </object_component>
      <object_component id="oc-46">
         <name>.debug_info</name>
         <load_address>0xa713</load_address>
         <run_address>0xa713</run_address>
         <size>0x1cf</size>
         <alignment>0x0</alignment>
         <input_file_ref idref="fl-2a"/>
      </object_component>
      <object_component id="oc-ab">
         <name>.debug_info</name>
         <load_address>0xa8e2</load_address>
         <run_address>0xa8e2</run_address>
         <size>0x278</size>
         <alignment>0x0</alignment>
         <input_file_ref idref="fl-2a"/>
      </object_component>
      <object_component id="oc-214">
         <name>.debug_info</name>
         <load_address>0xab5a</load_address>
         <run_address>0xab5a</run_address>
         <size>0x1ca</size>
         <alignment>0x0</alignment>
         <input_file_ref idref="fl-2b"/>
      </object_component>
      <object_component id="oc-16b">
         <name>.debug_info</name>
         <load_address>0xad24</load_address>
         <run_address>0xad24</run_address>
         <size>0x221</size>
         <alignment>0x0</alignment>
         <input_file_ref idref="fl-2b"/>
      </object_component>
      <object_component id="oc-171">
         <name>.debug_info</name>
         <load_address>0xaf45</load_address>
         <run_address>0xaf45</run_address>
         <size>0x221</size>
         <alignment>0x0</alignment>
         <input_file_ref idref="fl-2b"/>
      </object_component>
      <object_component id="oc-2ac">
         <name>.debug_info</name>
         <load_address>0xb166</load_address>
         <run_address>0xb166</run_address>
         <size>0x210</size>
         <alignment>0x0</alignment>
         <input_file_ref idref="fl-2c"/>
      </object_component>
      <object_component id="oc-1fa">
         <name>.debug_info</name>
         <load_address>0xb376</load_address>
         <run_address>0xb376</run_address>
         <size>0x1d3</size>
         <alignment>0x0</alignment>
         <input_file_ref idref="fl-2c"/>
      </object_component>
      <object_component id="oc-31a">
         <name>.debug_info</name>
         <load_address>0xb549</load_address>
         <run_address>0xb549</run_address>
         <size>0x1a9</size>
         <alignment>0x0</alignment>
         <input_file_ref idref="fl-2c"/>
      </object_component>
      <object_component id="oc-206">
         <name>.debug_info</name>
         <load_address>0xb6f2</load_address>
         <run_address>0xb6f2</run_address>
         <size>0x1d8</size>
         <alignment>0x0</alignment>
         <input_file_ref idref="fl-2c"/>
      </object_component>
      <object_component id="oc-323">
         <name>.debug_info</name>
         <load_address>0xb8ca</load_address>
         <run_address>0xb8ca</run_address>
         <size>0x1cd</size>
         <alignment>0x0</alignment>
         <input_file_ref idref="fl-2c"/>
      </object_component>
      <object_component id="oc-2e8">
         <name>.debug_info</name>
         <load_address>0xba97</load_address>
         <run_address>0xba97</run_address>
         <size>0x1eb</size>
         <alignment>0x0</alignment>
         <input_file_ref idref="fl-2c"/>
      </object_component>
      <object_component id="oc-2be">
         <name>.debug_info</name>
         <load_address>0xbc82</load_address>
         <run_address>0xbc82</run_address>
         <size>0x1ed</size>
         <alignment>0x0</alignment>
         <input_file_ref idref="fl-2c"/>
      </object_component>
      <object_component id="oc-2c4">
         <name>.debug_info</name>
         <load_address>0xbe6f</load_address>
         <run_address>0xbe6f</run_address>
         <size>0x1f9</size>
         <alignment>0x0</alignment>
         <input_file_ref idref="fl-2c"/>
      </object_component>
      <object_component id="oc-2ca">
         <name>.debug_info</name>
         <load_address>0xc068</load_address>
         <run_address>0xc068</run_address>
         <size>0x1f7</size>
         <alignment>0x0</alignment>
         <input_file_ref idref="fl-2c"/>
      </object_component>
      <object_component id="oc-2e2">
         <name>.debug_info</name>
         <load_address>0xc25f</load_address>
         <run_address>0xc25f</run_address>
         <size>0x21e</size>
         <alignment>0x0</alignment>
         <input_file_ref idref="fl-2c"/>
      </object_component>
      <object_component id="oc-2b2">
         <name>.debug_info</name>
         <load_address>0xc47d</load_address>
         <run_address>0xc47d</run_address>
         <size>0x1f1</size>
         <alignment>0x0</alignment>
         <input_file_ref idref="fl-2c"/>
      </object_component>
      <object_component id="oc-2b8">
         <name>.debug_info</name>
         <load_address>0xc66e</load_address>
         <run_address>0xc66e</run_address>
         <size>0x1ef</size>
         <alignment>0x0</alignment>
         <input_file_ref idref="fl-2c"/>
      </object_component>
      <object_component id="oc-2d6">
         <name>.debug_info</name>
         <load_address>0xc85d</load_address>
         <run_address>0xc85d</run_address>
         <size>0x222</size>
         <alignment>0x0</alignment>
         <input_file_ref idref="fl-2c"/>
      </object_component>
      <object_component id="oc-2d0">
         <name>.debug_info</name>
         <load_address>0xca7f</load_address>
         <run_address>0xca7f</run_address>
         <size>0x222</size>
[...]
         <length>0x20000</length>
         <used_space>0x0</used_space>
         <unused_space>0x20000</unused_space>
         <attributes>RWIX</attributes>
         <usage_details>
         </usage_details>
      </memory_area>
      <memory_area display="yes" color="green">
         <name>FLASH_BANK2</name>
         <page_id>0x0</page_id>
         <origin>0xc0000</origin>
         <length>0x20000</length>
         <used_space>0x0</used_space>
         <unused_space>0x20000</unused_space>
         <attributes>RWIX</attributes>
         <usage_details>
         </usage_details>
      </memory_area>
      <memory_area display="yes" color="green">
         <name>FLASH_BANK3</name>
         <page_id>0x0</page_id>
         <origin>0xe0000</origin>
         <length>0x20000</length>
         <used_space>0x0</used_space>
         <unused_space>0x20000</unused_space>
         <attributes>RWIX</attributes>
         <usage_details>
         </usage_details>
      </memory_area>
      <memory_area display="yes" color="green">
         <name>FLASH_BANK4</name>
         <page_id>0x0</page_id>
         <origin>0x100000</origin>
         <length>0x8000</length>
         <used_space>0x0</used_space>
         <unused_space>0x8000</unused_space>
         <attributes>RWIX</attributes>
         <usage_details>
         </usage_details>
      </memory_area>
      <memory_area display="no" color="green">
         <name>RESET</name>
         <page_id>0x0</page_id>
         <origin>0x3fffc0</origin>
         <length>0x2</length>
         <used_space>0x0</used_space>
         <unused_space>0x2</unused_space>
         <attributes>RWIX</attributes>
         <usage_details>
         </usage_details>
      </memory_area>
   </placement_map>
   <cptbl_list>
      <cptbl>
         <name>__TI_cinit_table</name>
         <cprec>
            <name>.data</name>
            <load_address>0x81ad0</load_address>
            <load_size>0xc</load_size>
            <run_address>0xab0c</run_address>
            <run_size>0x10f</run_size>
            <compression>lzss</compression>
         </cprec>
         <cprec>
            <name>.bss</name>
            <load_address>0x81ae2</load_address>
            <load_size>0x4</load_size>
            <run_address>0xaa00</run_address>
            <run_size>0x10c</run_size>
            <compression>zero_init</compression>
         </cprec>
         <cprec>
            <name>dsp_buf_adc</name>
            <load_address>0x81ae6</load_address>
            <load_size>0x4</load_size>
            <run_address>0xa000</run_address>
            <run_size>0x200</run_size>
            <compression>zero_init</compression>
         </cprec>
         <cprec>
            <name>dsp_buf_fft</name>
            <load_address>0x81aea</load_address>
            <load_size>0x4</load_size>
            <run_address>0xa800</run_address>
            <run_size>0x200</run_size>
            <compression>zero_init</compression>
         </cprec>
         <cprec>
            <name>dsp_buf_mag</name>
            <load_address>0x81aee</load_address>
            <load_size>0x4</load_size>
            <run_address>0xba00</run_address>
            <run_size>0x102</run_size>
            <compression>zero_init</compression>
         </cprec>
         <cprec>
            <name>dsp_buf_raw_A</name>
            <load_address>0x81af2</load_address>
            <load_size>0x4</load_size>
            <run_address>0xb000</run_address>
            <run_size>0x100</run_size>
            <compression>zero_init</compression>
         </cprec>
         <cprec>
            <name>dsp_buf_raw_B</name>
            <load_address>0x81af6</load_address>
            <load_size>0x4</load_size>
            <run_address>0xb100</run_address>
            <run_size>0x100</run_size>
            <compression>zero_init</compression>
         </cprec>
         <cprec>
            <name>dsp_buf_win</name>
            <load_address>0x81afa</load_address>
            <load_size>0x4</load_size>
            <run_address>0xb800</run_address>
            <run_size>0x200</run_size>
            <compression>zero_init</compression>
         </cprec>
      </cptbl>
   </cptbl_list>
   <handler_table>
      <handler_table_name>__TI_handler_table</handler_table_name>
      <handler>
         <index>0x0</index>
         <name>__TI_zero_init</name>
      </handler>
      <handler>
         <index>0x1</index>
         <name>__TI_decompress_lzss</name>
      </handler>
      <handler>
         <index>0x2</index>
         <name>__TI_decompress_none</name>
      </handler>
   </handler_table>
   <symbol_table>
      <symbol id="sm-1">
         <name>RamfuncsLoadStart</name>
         <value>0x80338</value>
      </symbol>
      <symbol id="sm-2">
         <name>RamfuncsLoadSize</name>
         <value>0x4</value>
      </symbol>
      <symbol id="sm-3">
         <name>RamfuncsLoadEnd</name>
         <value>0x8033c</value>
      </symbol>
      <symbol id="sm-4">
         <name>RamfuncsRunStart</name>
         <value>0x87f8</value>
      </symbol>
      <symbol id="sm-5">
         <name>RamfuncsRunSize</name>
         <value>0x4</value>
      </symbol>
      <symbol id="sm-6">
         <name>RamfuncsRunEnd</name>
         <value>0x87fc</value>
      </symbol>
      <symbol id="sm-7">
         <name>__TI_CINIT_Base</name>
         <value>0x81afe</value>
      </symbol>
      <symbol id="sm-8">
         <name>__TI_CINIT_Limit</name>
         <value>0x81b1e</value>
      </symbol>
      <symbol id="sm-9">
         <name>__TI_CINIT_Warm</name>
         <value>0x81b1e</value>
      </symbol>
      <symbol id="sm-a">
         <name>__TI_Handler_Table_Base</name>
         <value>0x81adc</value>
      </symbol>
      <symbol id="sm-b">
         <name>__TI_Handler_Table_Limit</name>
         <value>0x81ae2</value>
      </symbol>
      <symbol id="sm-c">
         <name>__TI_STACK_SIZE</name>
         <value>0x200</value>
      </symbol>
      <symbol id="sm-d">
         <name>__TI_STACK_END</name>
         <value>0x600</value>
      </symbol>
      <symbol id="sm-e">
         <name>__c_args__</name>
         <value>0xffffffff</value>
      </symbol>
      <symbol id="sm-f">
         <name>__TI_pprof_out_hndl</name>
         <value>0xffffffff</value>
      </symbol>
      <symbol id="sm-10">
         <name>__TI_prof_data_start</name>
         <value>0xffffffff</value>
      </symbol>
      <symbol id="sm-11">
         <name>__TI_prof_data_size</name>
         <value>0xffffffff</value>
      </symbol>
      <symbol id="sm-8b">
         <name>Process_Arc_Detection_Pipeline</name>
         <value>0x80829</value>
         <object_component_ref idref="oc-98"/>
      </symbol>
      <symbol id="sm-8c">
         <name>Inferencia_DTW</name>
         <value>0x806df</value>
         <object_component_ref idref="oc-98"/>
      </symbol>
      <symbol id="sm-8d">
         <name>ArcDetection_Calibrate</name>
         <value>0x8089f</value>
         <object_component_ref idref="oc-98"/>
      </symbol>
      <symbol id="sm-8e">
         <name>__relaxed_sqrtf</name>
         <value>0x81a95</value>
         <object_component_ref idref="oc-14d"/>
      </symbol>
      <symbol id="sm-8f">
         <name>ArcDetection_Is_Calibrating</name>
         <value>0x80896</value>
         <object_component_ref idref="oc-98"/>
      </symbol>
      <symbol id="sm-90">
         <name>__relaxed_cosf</name>
         <value>0x81a76</value>
         <object_component_ref idref="oc-137"/>
      </symbol>
      <symbol id="sm-91">
         <name>arc_template</name>
         <value>0x8026a</value>
         <object_component_ref idref="oc-15c"/>
      </symbol>
      <symbol id="sm-92">
         <name>dsp_steady_ref</name>
         <value>0xac14</value>
         <object_component_ref idref="oc-15f"/>
      </symbol>
      <symbol id="sm-93">
         <name>Normalizacao_Z</name>
         <value>0x8065e</value>
         <object_component_ref idref="oc-98"/>
      </symbol>
      <symbol id="sm-94">
         <name>calib_count</name>
         <value>0xac12</value>
         <object_component_ref idref="oc-15f"/>
      </symbol>
      <symbol id="sm-b5">
         <name>Device_enableAllPeripherals</name>
         <value>0x809dc</value>
         <object_component_ref idref="oc-9e"/>
      </symbol>
      <symbol id="sm-b6">
         <name>Device_verifyXTAL</name>
         <value>0x80ad1</value>
         <object_component_ref idref="oc-9e"/>
      </symbol>
      <symbol id="sm-b7">
         <name>Device_initGPIO</name>
         <value>0x80ab7</value>
         <object_component_ref idref="oc-9e"/>
      </symbol>
      <symbol id="sm-b8">
         <name>Device_init</name>
         <value>0x8094c</value>
         <object_component_ref idref="oc-9e"/>
      </symbol>
      <symbol id="sm-b9">
         <name>__error__</name>
         <value>0x80b04</value>
         <object_component_ref idref="oc-9e"/>
      </symbol>
      <symbol id="sm-e5">
         <name>fft_output</name>
         <value>0xa800</value>
         <object_component_ref idref="oc-130"/>
      </symbol>
      <symbol id="sm-e6">
         <name>fft_mag</name>
         <value>0xba00</value>
         <object_component_ref idref="oc-133"/>
      </symbol>
      <symbol id="sm-e7">
         <name>DSP_Execute_FFT</name>
         <value>0x81174</value>
         <object_component_ref idref="oc-92"/>
      </symbol>
      <symbol id="sm-e8">
         <name>rfft</name>
         <value>0xab00</value>
         <object_component_ref idref="oc-12a"/>
      </symbol>
      <symbol id="sm-e9">
         <name>DSP_Calcular_Energia_Banda</name>
         <value>0x811a0</value>
         <object_component_ref idref="oc-92"/>
      </symbol>
      <symbol id="sm-ea">
         <name>DSP_Init</name>
         <value>0x81138</value>
         <object_component_ref idref="oc-92"/>
      </symbol>
      <symbol id="sm-eb">
         <name>adc_buffer</name>
         <value>0xa000</value>
         <object_component_ref idref="oc-12d"/>
      </symbol>
      <symbol id="sm-ec">
         <name>hanning_window</name>
         <value>0xb800</value>
         <object_component_ref idref="oc-13e"/>
      </symbol>
      <symbol id="sm-fb">
         <name>code_start</name>
         <value>0x80000</value>
         <object_component_ref idref="oc-32"/>
      </symbol>
      <symbol id="sm-14c">
         <name>HAL_Aciona_Falha_de_Arco</name>
         <value>0x8064e</value>
         <object_component_ref idref="oc-8c"/>
      </symbol>
      <symbol id="sm-14d">
         <name>HAL_Limpa_Flags_de_Interrupcao</name>
         <value>0x80645</value>
         <object_component_ref idref="oc-8c"/>
      </symbol>
      <symbol id="sm-14e">
         <name>HAL_Configurar_Timer_Arco</name>
         <value>0x805ff</value>
         <object_component_ref idref="oc-8c"/>
      </symbol>
      <symbol id="sm-14f">
         <name>HAL_Configurar_ePWM_Trigger</name>
         <value>0x80570</value>
         <object_component_ref idref="oc-8c"/>
      </symbol>
      <symbol id="sm-150">
         <name>HAL_Troca_DMA_Buffers</name>
         <value>0x80620</value>
         <object_component_ref idref="oc-8c"/>
      </symbol>
      <symbol id="sm-151">
         <name>HAL_Configurar_ADC</name>
         <value>0x8059b</value>
         <object_component_ref idref="oc-8c"/>
      </symbol>
      <symbol id="sm-152">
         <name>HAL_Configurar_DMA</name>
         <value>0x805c9</value>
         <object_component_ref idref="oc-8c"/>
      </symbol>
      <symbol id="sm-170">
         <name>dma_isr_handler</name>
         <value>0x81251</value>
         <object_component_ref idref="oc-37"/>
      </symbol>
      <symbol id="sm-171">
         <name>main</name>
         <value>0x813f4</value>
         <object_component_ref idref="oc-38"/>
      </symbol>
      <symbol id="sm-172">
         <name>timer0_arco_isr</name>
         <value>0x8129b</value>
         <object_component_ref idref="oc-37"/>
      </symbol>
      <symbol id="sm-17c">
         <name>_c_int00</name>
         <value>0x818c4</value>
         <object_component_ref idref="oc-27"/>
      </symbol>
      <symbol id="sm-17d">
         <name>__stack</name>
         <value>0x400</value>
         <object_component_ref idref="oc-43"/>
      </symbol>
      <symbol id="sm-18b">
         <name>_system_pre_init</name>
         <value>0x81acb</value>
         <object_component_ref idref="oc-72"/>
      </symbol>
      <symbol id="sm-19a">
         <name>__TI_auto_init_nobinit_nopinit</name>
         <value>0x81686</value>
         <object_component_ref idref="oc-cb"/>
      </symbol>
      <symbol id="sm-1a7">
         <name>__TI_zero_init</name>
         <value>0x81ac5</value>
         <object_component_ref idref="oc-6c"/>
      </symbol>
      <symbol id="sm-1b4">
         <name>__TI_decompress_none</name>
         <value>0x81aa7</value>
         <object_component_ref idref="oc-20"/>
      </symbol>
      <symbol id="sm-1c8">
         <name>__TI_decompress_lzss</name>
         <value>0x81658</value>
         <object_component_ref idref="oc-1a"/>
      </symbol>
      <symbol id="sm-1de">
         <name>C$$EXIT</name>
         <value>0x816b1</value>
         <object_component_ref idref="oc-7f"/>
      </symbol>
      <symbol id="sm-1df">
         <name>abort</name>
         <value>0x816b1</value>
         <object_component_ref idref="oc-7f"/>
      </symbol>
      <symbol id="sm-1e0">
         <name>exit</name>
         <value>0x816b3</value>
         <object_component_ref idref="oc-7f"/>
      </symbol>
      <symbol id="sm-1e1">
         <name>__TI_dtors_ptr</name>
         <value>0xac10</value>
         <object_component_ref idref="oc-fd"/>
      </symbol>
      <symbol id="sm-1e2">
         <name>__TI_cleanup_ptr</name>
         <value>0xac0e</value>
         <object_component_ref idref="oc-fd"/>
      </symbol>
      <symbol id="sm-1e3">
         <name>__TI_enable_exit_profile_output</name>
         <value>0xac0c</value>
         <object_component_ref idref="oc-fd"/>
      </symbol>
      <symbol id="sm-1fa">
         <name>_nop</name>
         <value>0x81aa6</value>
         <object_component_ref idref="oc-1bd"/>
      </symbol>
      <symbol id="sm-1fb">
         <name>_lock</name>
         <value>0xac16</value>
         <object_component_ref idref="oc-100"/>
      </symbol>
      <symbol id="sm-1fc">
         <name>_unlock</name>
         <value>0xac18</value>
         <object_component_ref idref="oc-291"/>
      </symbol>
      <symbol id="sm-1fd">
         <name>_register_lock</name>
         <value>0x81aa2</value>
         <object_component_ref idref="oc-1bd"/>
      </symbol>
      <symbol id="sm-1fe">
         <name>_register_unlock</name>
         <value>0x81a9e</value>
         <object_component_ref idref="oc-1bd"/>
      </symbol>
      <symbol id="sm-20d">
         <name>_args_main</name>
         <value>0x81a3f</value>
         <object_component_ref idref="oc-79"/>
      </symbol>
      <symbol id="sm-21c">
         <name>memset</name>
         <value>0x81abe</value>
         <object_component_ref idref="oc-c2"/>
      </symbol>
      <symbol id="sm-22f">
         <name>memcpy</name>
         <value>0x8178f</value>
         <object_component_ref idref="oc-5e"/>
      </symbol>
      <symbol id="sm-23c">
         <name>_system_post_cinit</name>
         <value>0x81acd</value>
         <object_component_ref idref="oc-1a3"/>
      </symbol>
      <symbol id="sm-2e7">
         <name>DCC_verifyClockFrequency</name>
         <value>0x80f34</value>
         <object_component_ref idref="oc-17c"/>
      </symbol>
      <symbol id="sm-32a">
         <name>DMA_configTransfer</name>
         <value>0x815ae</value>
         <object_component_ref idref="oc-116"/>
      </symbol>
      <symbol id="sm-32b">
         <name>DMA_configAddresses</name>
         <value>0x816da</value>
         <object_component_ref idref="oc-10a"/>
      </symbol>
      <symbol id="sm-32c">
         <name>DMA_configBurst</name>
         <value>0x815ea</value>
         <object_component_ref idref="oc-110"/>
      </symbol>
      <symbol id="sm-32d">
         <name>DMA_configMode</name>
         <value>0x80fff</value>
         <object_component_ref idref="oc-11c"/>
      </symbol>
      <symbol id="sm-34b">
         <name>GPIO_setAnalogMode</name>
         <value>0x80e49</value>
         <object_component_ref idref="oc-176"/>
      </symbol>
      <symbol id="sm-39a">
         <name>Interrupt_defaultHandler</name>
         <value>0x8191d</value>
         <object_component_ref idref="oc-44"/>
      </symbol>
      <symbol id="sm-39b">
         <name>Interrupt_initModule</name>
         <value>0x81571</value>
         <object_component_ref idref="oc-a4"/>
      </symbol>
      <symbol id="sm-39c">
         <name>Interrupt_nmiHandler</name>
         <value>0x81a8b</value>
         <object_component_ref idref="oc-56"/>
      </symbol>
      <symbol id="sm-39d">
         <name>Interrupt_enable</name>
         <value>0x81621</value>
         <object_component_ref idref="oc-aa"/>
      </symbol>
      <symbol id="sm-39e">
         <name>Interrupt_initVectorTable</name>
         <value>0x81827</value>
         <object_component_ref idref="oc-45"/>
      </symbol>
      <symbol id="sm-39f">
         <name>Interrupt_illegalOperationHandler</name>
         <value>0x81a81</value>
         <object_component_ref idref="oc-50"/>
      </symbol>
      <symbol id="sm-3d1">
         <name>PGA_setOffsetTrimNMOS</name>
         <value>0x814f0</value>
         <object_component_ref idref="oc-16a"/>
      </symbol>
      <symbol id="sm-3d2">
         <name>PGA_setOffsetTrimPMOS</name>
         <value>0x814ac</value>
         <object_component_ref idref="oc-170"/>
      </symbol>
      <symbol id="sm-4cc">
         <name>SysCtl_isPLLValid</name>
         <value>0x80d4b</value>
         <object_component_ref idref="oc-20b"/>
      </symbol>
      <symbol id="sm-4cd">
         <name>SysCtl_delay</name>
         <value>0x87f8</value>
         <object_component_ref idref="oc-106"/>
      </symbol>
      <symbol id="sm-4ce">
         <name>SysCtl_selectXTALSingleEnded</name>
         <value>0x816ff</value>
         <object_component_ref idref="oc-2a3"/>
      </symbol>
      <symbol id="sm-4cf">
         <name>SysCtl_selectXTAL</name>
         <value>0x81466</value>
         <object_component_ref idref="oc-29d"/>
      </symbol>
      <symbol id="sm-4d0">
         <name>SysCtl_selectOscSource</name>
         <value>0x8141f</value>
         <object_component_ref idref="oc-1ff"/>
      </symbol>
      <symbol id="sm-4d1">
         <name>SysCtl_setClock</name>
         <value>0x80b0b</value>
         <object_component_ref idref="oc-164"/>
      </symbol>
      <symbol id="sm-4de">
         <name>_rfft_f32_Stages1and2and3andBitReverse</name>
         <value>0x80c37</value>
         <object_component_ref idref="oc-141"/>
      </symbol>
      <symbol id="sm-4df">
         <name>RFFT_f32</name>
         <value>0x80c2e</value>
         <object_component_ref idref="oc-141"/>
      </symbol>
      <symbol id="sm-4e0">
         <name>_rfft_f32_Stages4andUp</name>
         <value>0x80ca3</value>
         <object_component_ref idref="oc-141"/>
      </symbol>
      <symbol id="sm-4ea">
         <name>RFFT_f32_mag</name>
         <value>0x8109c</value>
         <object_component_ref idref="oc-146"/>
      </symbol>
      <symbol id="sm-4ed">
         <name>FPU32RFFTtwiddleFactors</name>
         <value>0x8000</value>
         <object_component_ref idref="oc-136"/>
      </symbol>
      <symbol id="sm-4ee">
         <name>RFFT_f32_twiddleFactors</name>
         <value>0x8000</value>
         <object_component_ref idref="oc-136"/>
      </symbol>
      <symbol id="sm-4fb">
         <name>__c28xabi_divf</name>
         <value>0x811c9</value>
         <object_component_ref idref="oc-227"/>
      </symbol>
   </symbol_table>
   <title>Link successful</title>
</link_info>
