******************************************************************************
             TMS320C2000 Linker PC v22.6.1                     
******************************************************************************
>> Linked Tue Jul 21 17:27:12 2026

OUTPUT FILE NAME:   <DTW_Project.out>
ENTRY POINT SYMBOL: "_c_int00"  address: 00081331


MEMORY CONFIGURATION

         name            origin    length      used     unused   attr    fill
----------------------  --------  ---------  --------  --------  ----  --------
  BOOT_RSVD             00000002   00000126  00000000  00000126  RWIX
  RAMM0                 00000128   000002d8  00000000  000002d8  RWIX
  RAMM1                 00000400   00000400  00000200  00000200  RWIX
  CLATOCPURAM           00001480   00000080  00000000  00000080  RWIX
  CPUTOCLARAM           00001500   00000080  00000000  00000080  RWIX
  CLATODMARAM           00001680   00000080  00000000  00000080  RWIX
  DMATOCLARAM           00001700   00000080  00000000  00000080  RWIX
  RAMLS0                00008000   00000800  000007fc  00000004  RWIX
  RAMLS1                00008800   00000800  00000480  00000380  RWIX
  RAMLS2                00009000   00000800  00000000  00000800  RWIX
  RAMLS3                00009800   00000800  00000000  00000800  RWIX
  RAMLS4                0000a000   00000800  00000000  00000800  RWIX
  RAMLS5                0000a800   00000800  00000016  000007ea  RWIX
  RAMLS6                0000b000   00000800  00000000  00000800  RWIX
  RAMLS7                0000b800   00000800  00000000  00000800  RWIX
  RAMGS0                0000c000   00002000  00000000  00002000  RWIX
  RAMGS1                0000e000   00002000  00000000  00002000  RWIX
  RAMGS2                00010000   00002000  00000000  00002000  RWIX
  RAMGS3                00012000   00002000  00000000  00002000  RWIX
  RAMLS8                00014000   00002000  00000000  00002000  RWIX
  RAMLS9                00016000   00002000  00000000  00002000  RWIX
  BEGIN                 00080000   00000002  00000002  00000000  RWIX
  FLASH_BANK0           00080002   0001fffe  00001537  0001eac7  RWIX
  FLASH_BANK1           000a0000   00020000  00000000  00020000  RWIX
  FLASH_BANK2           000c0000   00020000  00000000  00020000  RWIX
  FLASH_BANK3           000e0000   00020000  00000000  00020000  RWIX
  FLASH_BANK4           00100000   00008000  00000000  00008000  RWIX
  RESET                 003fffc0   00000002  00000000  00000002  RWIX


SECTION ALLOCATION MAP

 output                                  attributes/
section   page    origin      length       input sections
--------  ----  ----------  ----------   ----------------
codestart 
*          0    00080000    00000002     
                  00080000    00000002     f28p55x_codestartbranch.obj (codestart)

.cinit     0    00081520    00000026     
                  00081520    00000009     (.cinit..data.load) [load image, compression = lzss]
                  00081529    00000006     (.cinit..ebss.load) [load image, compression = lzss]
                  0008152f    00000001     --HOLE-- [fill = 0]
                  00081530    00000006     (__TI_handler_table)
                  00081536    00000004     (.cinit..bss.load) [load image, compression = zero_init]
                  0008153a    0000000c     (__TI_cinit_table)

.reset     0    003fffc0    00000000     DSECT

.stack     0    00000400    00000200     UNINITIALIZED
                  00000400    00000200     --HOLE--

.bss       0    0000a800    0000000c     UNINITIALIZED
                  0000a800    0000000c     main.obj (.bss)

.init_array 
*          0    00080008    00000000     UNINITIALIZED

.data      0    0000a80c    0000000a     UNINITIALIZED
                  0000a80c    00000006     rts2800_fpu32_eabi.lib : exit.c.obj (.data)
                  0000a812    00000002                            : _lock.c.obj (.data:_lock)
                  0000a814    00000002                            : _lock.c.obj (.data:_unlock)

.const     0    00080008    00000295     
                  00080008    0000009a     driverlib.lib : sysctl.obj (.const:.string)
                  000800a2    00000098                   : gpio.obj (.const:.string)
                  0008013a    00000097                   : dcc.obj (.const:.string)
                  000801d1    00000001     --HOLE-- [fill = 0]
                  000801d2    00000080     main.obj (.const:arc_template)
                  00080252    0000004b     driverlib.lib : pga.obj (.const:.string)

.TI.ramfunc 
*          0    000802a0    00000004     RUN ADDR = 00008000
                  000802a0    00000004     driverlib.lib : sysctl.obj (.TI.ramfunc)

FPUfftTables 
*          0    00008004    000007f8     
                  00008004    000007f8     RFFT_f32_twiddleFactors.obj (FPUfftTables)

.ebss      0    00008800    00000480     UNINITIALIZED
                  00008800    00000400     main.obj (.ebss:uninit)
                  00008c00    00000080     main.obj (.ebss:init)

.text      0    000802a8    00001278     
                  000802a8    0000022e     device.obj (.text)
                  000804d6    000001fc     main.obj (.text)
                  000806d2    00000123     driverlib.lib : sysctl.obj (.text:SysCtl_setClock)
                  000807f5    00000001     rts2800_fpu32_eabi.lib : startup.c.obj (.text)
                  000807f6    0000011d     c28x_fpu_dsp_library_eabi.lib : RFFT_f32.obj (.text)
                  00080913    000000fe     driverlib.lib : sysctl.obj (.text:SysCtl_isPLLValid)
                  00080a11    000000eb                   : gpio.obj (.text:GPIO_setAnalogMode)
                  00080afc    000000cb                   : dcc.obj (.text:DCC_verifyClockFrequency)
                  00080bc7    00000001     --HOLE-- [fill = 0]
                  00080bc8    0000009c     c28x_fpu_dsp_library_eabi.lib : RFFT_f32_mag.obj (.text)
                  00080c64    00000088     rts2800_fpu32_eabi.lib : fs_div28.asm.obj (.text)
                  00080cec    00000073     driverlib.lib : dcc.obj (.text:DCC_setCounterSeeds)
                  00080d5f    00000073                   : sysctl.obj (.text:DCC_setCounterSeeds)
                  00080dd2    0000006c     c28x_fpu_dsp_library_eabi.lib : RFFT_f32_sincostable.obj (.text)
                  00080e3e    00000066     rts2800_fpu32_eabi.lib : s_sinf.c.obj (.text)
                  00080ea4    00000063                            : s_cosf.c.obj (.text)
                  00080f07    00000047     driverlib.lib : sysctl.obj (.text:SysCtl_selectOscSource)
                  00080f4e    00000046                   : sysctl.obj (.text:SysCtl_selectXTAL)
                  00080f94    00000044                   : pga.obj (.text:PGA_setOffsetTrimPMOS)
                  00080fd8    00000041                   : pga.obj (.text:PGA_setOffsetTrimNMOS)
                  00081019    00000041     main.obj (.text:retain)
                  0008105a    00000040     driverlib.lib : sysctl.obj (.text:SysCtl_pollX1Counter)
                  0008109a    0000003d                   : interrupt.obj (.text:Interrupt_initModule)
                  000810d7    00000037                   : interrupt.obj (.text:Interrupt_enable)
                  0008110e    00000030     rts2800_fpu32_eabi.lib : copy_decompress_lzss.c.obj (.text:decompress:lzss)
                  0008113e    0000002b                            : autoinit.c.obj (.text:__TI_auto_init_nobinit_nopinit)
                  00081169    00000029                            : exit.c.obj (.text)
                  00081192    00000025     driverlib.lib : sysctl.obj (.text:SysCtl_selectXTALSingleEnded)
                  000811b7    00000024                   : dcc.obj (.text:DCC_enableSingleShotMode)
                  000811db    00000024                   : sysctl.obj (.text:DCC_enableSingleShotMode)
                  000811ff    0000001e                   : dcc.obj (.text:DCC_setCounter0ClkSource)
                  0008121d    0000001e                   : sysctl.obj (.text:DCC_setCounter0ClkSource)
                  0008123b    0000001e                   : dcc.obj (.text:DCC_setCounter1ClkSource)
                  00081259    0000001e                   : sysctl.obj (.text:DCC_setCounter1ClkSource)
                  00081277    0000001e                   : interrupt.obj (.text:Interrupt_initVectorTable)
                  00081295    0000001d     rts2800_fpu32_eabi.lib : memcpy.c.obj (.text)
                  000812b2    0000001c     driverlib.lib : dcc.obj (.text:DCC_getErrorStatus)
                  000812ce    0000001c                   : dcc.obj (.text:DCC_getSingleShotStatus)
                  000812ea    00000019                   : sysctl.obj (.text:SysCtl_setPLLSysClk)
                  00081303    00000017                   : pga.obj (.text:PGA_isBaseValid)
                  0008131a    00000017                   : sysctl.obj (.text:SysCtl_enablePeripheral)
                  00081331    00000017     rts2800_fpu32_eabi.lib : boot28.asm.obj (.text)
                  00081348    00000016     driverlib.lib : dcc.obj (.text:DCC_disableDoneSignal)
                  0008135e    00000016                   : sysctl.obj (.text:DCC_disableDoneSignal)
                  00081374    00000016                   : dcc.obj (.text:DCC_enableDoneSignal)
                  0008138a    00000016                   : interrupt.obj (.text:Interrupt_defaultHandler)
                  000813a0    00000015                   : dcc.obj (.text:DCC_clearDoneFlag)
                  000813b5    00000015                   : sysctl.obj (.text:DCC_clearDoneFlag)
                  000813ca    00000015                   : dcc.obj (.text:DCC_clearErrorFlag)
                  000813df    00000015                   : sysctl.obj (.text:DCC_clearErrorFlag)
                  000813f4    00000015                   : dcc.obj (.text:DCC_disableErrorSignal)
                  00081409    00000015                   : sysctl.obj (.text:DCC_disableErrorSignal)
                  0008141e    00000015                   : dcc.obj (.text:DCC_isBaseValid)
                  00081433    00000015                   : sysctl.obj (.text:DCC_isBaseValid)
                  00081448    00000014                   : dcc.obj (.text:DCC_disableModule)
                  0008145c    00000014                   : sysctl.obj (.text:DCC_disableModule)
                  00081470    00000014                   : dcc.obj (.text:DCC_enableErrorSignal)
                  00081484    00000014                   : dcc.obj (.text:DCC_enableModule)
                  00081498    00000014                   : sysctl.obj (.text:DCC_enableModule)
                  000814ac    0000000d                   : interrupt.obj (.text:Interrupt_disableGlobal)
                  000814b9    0000000d                   : interrupt.obj (.text:Interrupt_enableGlobal)
                  000814c6    0000000d     rts2800_fpu32_eabi.lib : copy_zero_init.c.obj (.text:decompress:ZI:__TI_zero_init_nomemset)
                  000814d3    0000000c                            : args_main.c.obj (.text)
                  000814df    0000000b     driverlib.lib : sysctl.obj (.text:SysCtl_isMCDClockFailureDetected)
                  000814ea    0000000a                   : interrupt.obj (.text:Interrupt_illegalOperationHandler)
                  000814f4    0000000a                   : interrupt.obj (.text:Interrupt_nmiHandler)
                  000814fe    00000009     rts2800_fpu32_eabi.lib : _lock.c.obj (.text)
                  00081507    00000008                            : copy_decompress_none.c.obj (.text:decompress:none)
                  0008150f    00000008     f28p55x_codestartbranch.obj (.text)
                  00081517    00000007     driverlib.lib : sysctl.obj (.text:SysCtl_resetMCD)
                  0008151e    00000002     rts2800_fpu32_eabi.lib : pre_init.c.obj (.text)

MODULE SUMMARY

       Module                        code   ro data   rw data
       ------                        ----   -------   -------
    .\
       RFFT_f32_twiddleFactors.obj   0      2040      0      
    +--+-----------------------------+------+---------+---------+
       Total:                        0      2040      0      
                                                             
    .\src\
       main.obj                      573    128       1164   
       device.obj                    558    0         0      
       f28p55x_codestartbranch.obj   10     0         0      
    +--+-----------------------------+------+---------+---------+
       Total:                        1141   128       1164   
                                                             
    C:/ti/C2000Ware_26_01_00_00/driverlib/f28p55x/driverlib/ccs/Debug/driverlib.lib
       sysctl.obj                    1218   154       0      
       dcc.obj                       658    151       0      
       gpio.obj                      235    152       0      
       pga.obj                       156    75        0      
       interrupt.obj                 214    0         0      
    +--+-----------------------------+------+---------+---------+
       Total:                        2481   532       0      
                                                             
    C:/ti/C2000Ware_26_01_00_00/libraries/dsp/FPU/c28/lib/c28x_fpu_dsp_library_eabi.lib
       RFFT_f32.obj                  285    0         0      
       RFFT_f32_mag.obj              156    0         0      
       RFFT_f32_sincostable.obj      108    0         0      
    +--+-----------------------------+------+---------+---------+
       Total:                        549    0         0      
                                                             
    C:\ti\ccs1281\ccs\tools\compiler\ti-cgt-c2000_22.6.1.LTS\lib\rts2800_fpu32_eabi.lib
       fs_div28.asm.obj              136    0         0      
       s_sinf.c.obj                  102    0         0      
       s_cosf.c.obj                  99     0         0      
       copy_decompress_lzss.c.obj    48     0         0      
       exit.c.obj                    41     0         6      
       autoinit.c.obj                43     0         0      
       memcpy.c.obj                  29     0         0      
       boot28.asm.obj                23     0         0      
       _lock.c.obj                   9      0         4      
       copy_zero_init.c.obj          13     0         0      
       args_main.c.obj               12     0         0      
       copy_decompress_none.c.obj    8      0         0      
       pre_init.c.obj                2      0         0      
       startup.c.obj                 1      0         0      
    +--+-----------------------------+------+---------+---------+
       Total:                        566    0         10     
                                                             
       Stack:                        0      0         512    
       Linker Generated:             0      37        0      
    +--+-----------------------------+------+---------+---------+
       Grand Total:                  4737   2737      1686   


LINKER GENERATED COPY TABLES

__TI_cinit_table @ 0008153a records: 3, size/record: 4, table size: 12
	.data: load addr=00081520, load size=00000009 bytes, run addr=0000a80c, run size=0000000a bytes, compression=lzss
	.ebss: load addr=00081529, load size=00000006 bytes, run addr=00008800, run size=00000480 bytes, compression=lzss
	.bss: load addr=00081536, load size=00000004 bytes, run addr=0000a800, run size=0000000c bytes, compression=zero_init


LINKER GENERATED HANDLER TABLE

__TI_handler_table @ 00081530 records: 3, size/record: 2, table size: 6
	index: 0, handler: __TI_zero_init
	index: 1, handler: __TI_decompress_lzss
	index: 2, handler: __TI_decompress_none


GLOBAL DATA SYMBOLS: SORTED BY DATA PAGE

address     data page           name
--------    ----------------    ----
00000400      10 (00000400)     __stack

00008004     200 (00008000)     FPU32RFFTtwiddleFactors
00008004     200 (00008000)     RFFT_f32_twiddleFactors

00008800     220 (00008800)     adc_buffer

00008a00     228 (00008a00)     fft_output

0000a800     2a0 (0000a800)     rfft
0000a80c     2a0 (0000a800)     __TI_enable_exit_profile_output
0000a80e     2a0 (0000a800)     __TI_cleanup_ptr
0000a810     2a0 (0000a800)     __TI_dtors_ptr
0000a812     2a0 (0000a800)     _lock
0000a814     2a0 (0000a800)     _unlock

000801d2    2007 (000801c0)     arc_template


GLOBAL SYMBOLS: SORTED ALPHABETICALLY BY Name 

page  address   name                                  
----  -------   ----                                  
0     00081169  C$$EXIT                               
0     0008061a  Calcular_Energia_Banda                
0     0008069d  Configurar_ADC                        
0     0008069e  Configurar_DMA                        
0     0008069c  Configurar_ePWM_Trigger               
0     00080afc  DCC_verifyClockFrequency              
0     000803a7  Device_enableAllPeripherals           
0     00080317  Device_init                           
0     00080482  Device_initGPIO                       
0     0008049c  Device_verifyXTAL                     
0     00008004  FPU32RFFTtwiddleFactors               
0     00080a11  GPIO_setAnalogMode                    
0     0008138a  Interrupt_defaultHandler              
0     000810d7  Interrupt_enable                      
0     000814ea  Interrupt_illegalOperationHandler     
0     0008109a  Interrupt_initModule                  
0     00081277  Interrupt_initVectorTable             
0     000814f4  Interrupt_nmiHandler                  
0     00080fd8  PGA_setOffsetTrimNMOS                 
0     00080f94  PGA_setOffsetTrimPMOS                 
0     00080640  Process_Arc_Detection_Pipeline        
0     000807f6  RFFT_f32                              
0     00080bc8  RFFT_f32_mag                          
0     00080dd2  RFFT_f32_sincostable                  
0     00008004  RFFT_f32_twiddleFactors               
0     000802a4  RamfuncsLoadEnd                       
abs   00000004  RamfuncsLoadSize                      
0     000802a0  RamfuncsLoadStart                     
0     00008004  RamfuncsRunEnd                        
abs   00000004  RamfuncsRunSize                       
0     00008000  RamfuncsRunStart                      
0     000804eb  Run_DTW_Inference                     
0     00008000  SysCtl_delay                          
0     00080913  SysCtl_isPLLValid                     
0     00080f07  SysCtl_selectOscSource                
0     00080f4e  SysCtl_selectXTAL                     
0     00081192  SysCtl_selectXTALSingleEnded          
0     000806d2  SysCtl_setClock                       
0     0008153a  __TI_CINIT_Base                       
0     00081546  __TI_CINIT_Limit                      
0     00081546  __TI_CINIT_Warm                       
0     00081530  __TI_Handler_Table_Base               
0     00081536  __TI_Handler_Table_Limit              
0     00000600  __TI_STACK_END                        
abs   00000200  __TI_STACK_SIZE                       
0     0008113e  __TI_auto_init_nobinit_nopinit        
0     0000a80e  __TI_cleanup_ptr                      
0     0008110e  __TI_decompress_lzss                  
0     00081507  __TI_decompress_none                  
0     0000a810  __TI_dtors_ptr                        
0     0000a80c  __TI_enable_exit_profile_output       
abs   ffffffff  __TI_pprof_out_hndl                   
abs   ffffffff  __TI_prof_data_size                   
abs   ffffffff  __TI_prof_data_start                  
0     000814c6  __TI_zero_init_nomemset               
0     00080c64  __c28xabi_divf                        
n/a   UNDEFED   __c_args__                            
0     000804cf  __error__                             
0     00000400  __stack                               
0     000814d3  _args_main                            
0     00081331  _c_int00                              
0     0000a812  _lock                                 
0     00081506  _nop                                  
0     00081502  _register_lock                        
0     000814fe  _register_unlock                      
0     000807ff  _rfft_f32_Stages1and2and3andBitReverse
0     0008086b  _rfft_f32_Stages4andUp                
0     000807f5  _system_post_cinit                    
0     0008151e  _system_pre_init                      
0     0000a814  _unlock                               
0     00081169  abort                                 
0     00008800  adc_buffer                            
0     000801d2  arc_template                          
0     00080000  code_start                            
0     00080ea4  cosf                                  
0     00081019  dma_isr_handler                       
0     0008116b  exit                                  
0     00008a00  fft_output                            
0     0008069f  main                                  
0     00081295  memcpy                                
0     0000a800  rfft                                  
0     00080e3e  sinf                                  


GLOBAL SYMBOLS: SORTED BY Symbol Address 

page  address   name                                  
----  -------   ----                                  
0     00000400  __stack                               
0     00000600  __TI_STACK_END                        
0     00008000  RamfuncsRunStart                      
0     00008000  SysCtl_delay                          
0     00008004  FPU32RFFTtwiddleFactors               
0     00008004  RFFT_f32_twiddleFactors               
0     00008004  RamfuncsRunEnd                        
0     00008800  adc_buffer                            
0     00008a00  fft_output                            
0     0000a800  rfft                                  
0     0000a80c  __TI_enable_exit_profile_output       
0     0000a80e  __TI_cleanup_ptr                      
0     0000a810  __TI_dtors_ptr                        
0     0000a812  _lock                                 
0     0000a814  _unlock                               
0     00080000  code_start                            
0     000801d2  arc_template                          
0     000802a0  RamfuncsLoadStart                     
0     000802a4  RamfuncsLoadEnd                       
0     00080317  Device_init                           
0     000803a7  Device_enableAllPeripherals           
0     00080482  Device_initGPIO                       
0     0008049c  Device_verifyXTAL                     
0     000804cf  __error__                             
0     000804eb  Run_DTW_Inference                     
0     0008061a  Calcular_Energia_Banda                
0     00080640  Process_Arc_Detection_Pipeline        
0     0008069c  Configurar_ePWM_Trigger               
0     0008069d  Configurar_ADC                        
0     0008069e  Configurar_DMA                        
0     0008069f  main                                  
0     000806d2  SysCtl_setClock                       
0     000807f5  _system_post_cinit                    
0     000807f6  RFFT_f32                              
0     000807ff  _rfft_f32_Stages1and2and3andBitReverse
0     0008086b  _rfft_f32_Stages4andUp                
0     00080913  SysCtl_isPLLValid                     
0     00080a11  GPIO_setAnalogMode                    
0     00080afc  DCC_verifyClockFrequency              
0     00080bc8  RFFT_f32_mag                          
0     00080c64  __c28xabi_divf                        
0     00080dd2  RFFT_f32_sincostable                  
0     00080e3e  sinf                                  
0     00080ea4  cosf                                  
0     00080f07  SysCtl_selectOscSource                
0     00080f4e  SysCtl_selectXTAL                     
0     00080f94  PGA_setOffsetTrimPMOS                 
0     00080fd8  PGA_setOffsetTrimNMOS                 
0     00081019  dma_isr_handler                       
0     0008109a  Interrupt_initModule                  
0     000810d7  Interrupt_enable                      
0     0008110e  __TI_decompress_lzss                  
0     0008113e  __TI_auto_init_nobinit_nopinit        
0     00081169  C$$EXIT                               
0     00081169  abort                                 
0     0008116b  exit                                  
0     00081192  SysCtl_selectXTALSingleEnded          
0     00081277  Interrupt_initVectorTable             
0     00081295  memcpy                                
0     00081331  _c_int00                              
0     0008138a  Interrupt_defaultHandler              
0     000814c6  __TI_zero_init_nomemset               
0     000814d3  _args_main                            
0     000814ea  Interrupt_illegalOperationHandler     
0     000814f4  Interrupt_nmiHandler                  
0     000814fe  _register_unlock                      
0     00081502  _register_lock                        
0     00081506  _nop                                  
0     00081507  __TI_decompress_none                  
0     0008151e  _system_pre_init                      
0     00081530  __TI_Handler_Table_Base               
0     00081536  __TI_Handler_Table_Limit              
0     0008153a  __TI_CINIT_Base                       
0     00081546  __TI_CINIT_Limit                      
0     00081546  __TI_CINIT_Warm                       
abs   00000004  RamfuncsLoadSize                      
abs   00000004  RamfuncsRunSize                       
abs   00000200  __TI_STACK_SIZE                       
abs   ffffffff  __TI_pprof_out_hndl                   
abs   ffffffff  __TI_prof_data_size                   
abs   ffffffff  __TI_prof_data_start                  
n/a   UNDEFED   __c_args__                            

[82 symbols]
