******************************************************************************
             TMS320C2000 Linker Unix v25.11.1                  
******************************************************************************
>> Linked Sun Sep  6 00:23:45 2026

OUTPUT FILE NAME:   <RandomForest_ArcDetection.out>
ENTRY POINT SYMBOL: "_c_int00"  address: 00085c2f


MEMORY CONFIGURATION

         name            origin    length      used     unused   attr    fill
----------------------  --------  ---------  --------  --------  ----  --------
PAGE 0:
  BOOT_RSVD             00000002   00000126  00000000  00000126  RWIX
  RAMM0                 00000128   000002d8  00000000  000002d8  RWIX
  RAMM1                 00000400   00000400  00000200  00000200  RWIX
  CLATOCPURAM           00001480   00000080  00000000  00000080  RWIX
  CPUTOCLARAM           00001500   00000080  00000000  00000080  RWIX
  CLATODMARAM           00001680   00000080  00000000  00000080  RWIX
  DMATOCLARAM           00001700   00000080  00000000  00000080  RWIX
  RAMLS_COMBINADO       00008000   00003800  00003307  000004f9  RWIX
  RAMLS7                0000b800   00000800  0000001a  000007e6  RWIX
  RAMGS0                0000c000   00002000  00000302  00001cfe  RWIX
  RAMGS1                0000e000   00002000  00000200  00001e00  RWIX
  RAMGS2                00010000   00002000  00000200  00001e00  RWIX
  RAMGS3                00012000   00002000  00000200  00001e00  RWIX
  RAMLS8                00014000   00002000  00000000  00002000  RWIX
  RAMLS9                00016000   00002000  00000000  00002000  RWIX
  BEGIN                 00080000   00000002  00000002  00000000  RWIX
  FLASH_BANK0           00080002   0001fffe  00005e3c  0001a1c2  RWIX
  FLASH_BANK1           000a0000   00020000  00000000  00020000  RWIX
  FLASH_BANK2           000c0000   00020000  00000000  00020000  RWIX
  FLASH_BANK3           000e0000   00020000  00000000  00020000  RWIX
  FLASH_BANK4           00100000   00008000  00000000  00008000  RWIX
  RESET                 003fffc0   00000002  00000000  00000002  RWIX

PAGE 1:
  CPUTIMER0             00000c00   00000008  00000000  00000008  RWIX
  CPUTIMER1             00000c08   00000008  00000000  00000008  RWIX
  CPUTIMER2             00000c10   00000008  00000000  00000008  RWIX
  PIECTRL               00000ce0   0000001a  0000001a  00000000  RWIX
  PIEVECTTABLE          00000d00   00000200  000001c0  00000040  RWIX
  DMA                   00001000   00000200  00000000  00000200  RWIX
  CLA1                  00001400   00000080  00000000  00000080  RWIX
  ADCARESULT            00001800   00000058  00000000  00000058  RWIX
  ADCBRESULT            00001880   00000058  00000000  00000058  RWIX
  ADCCRESULT            00001900   00000058  00000000  00000058  RWIX
  ADCDRESULT            00001980   00000058  00000000  00000058  RWIX
  ADCERESULT            00001a00   00000058  00000000  00000058  RWIX
  CLB1LOGICCFG          00003000   00000052  00000000  00000052  RWIX
  CLB1LOGICCTRL         00003100   00000040  00000000  00000040  RWIX
  CLB1DATAEXCH          00003180   00000080  00000000  00000080  RWIX
  CLB2LOGICCFG          00003400   00000052  00000000  00000052  RWIX
  CLB2LOGICCTRL         00003500   00000040  00000000  00000040  RWIX
  CLB2DATAEXCH          00003580   00000080  00000000  00000080  RWIX
  EPWM1                 00004000   00000100  00000000  00000100  RWIX
  EPWM2                 00004100   00000100  00000000  00000100  RWIX
  EPWM3                 00004200   00000100  00000000  00000100  RWIX
  EPWM4                 00004300   00000100  00000000  00000100  RWIX
  EPWM5                 00004400   00000100  00000000  00000100  RWIX
  EPWM6                 00004500   00000100  00000000  00000100  RWIX
  EPWM7                 00004600   00000100  00000000  00000100  RWIX
  EPWM8                 00004700   00000100  00000000  00000100  RWIX
  EPWM9                 00004800   00000100  00000000  00000100  RWIX
  EPWM10                00004900   00000100  00000000  00000100  RWIX
  EPWM11                00004a00   00000100  00000000  00000100  RWIX
  EPWM12                00004b00   00000100  00000000  00000100  RWIX
  EQEP1                 00005100   00000040  00000000  00000040  RWIX
  EQEP2                 00005140   00000040  00000000  00000040  RWIX
  EQEP3                 00005180   00000040  00000000  00000040  RWIX
  ECAP1                 00005200   00000020  00000000  00000020  RWIX
  ECAP2                 00005240   00000020  00000000  00000020  RWIX
  CMPSS1                00005500   00000040  00000000  00000040  RWIX
  CMPSS2                00005540   00000040  00000000  00000040  RWIX
  CMPSS3                00005580   00000040  00000000  00000040  RWIX
  CMPSS4                000055c0   00000040  00000000  00000040  RWIX
  PGA1                  00005b00   00000008  00000000  00000008  RWIX
  PGA2                  00005b10   00000008  00000000  00000008  RWIX
  PGA3                  00005b20   00000008  00000000  00000008  RWIX
  DACA                  00005c00   00000008  00000000  00000008  RWIX
  SPIA                  00006100   00000010  00000000  00000010  RWIX
  SPIB                  00006110   00000010  00000000  00000010  RWIX
  PMBUSA                00006400   00000020  00000000  00000020  RWIX
  FSITXA                00006600   00000050  00000000  00000050  RWIX
  FSIRXA                00006680   00000050  00000000  00000050  RWIX
  LINA                  00006800   000000ec  00000000  000000ec  RWIX
  ADCC                  00006a00   00000160  00000000  00000160  RWIX
  ADCD                  00006c00   00000160  00000000  00000160  RWIX
  ADCE                  00006e00   00000160  00000000  00000160  RWIX
  WD                    00007000   0000002c  0000002b  00000001  RWIX
  NMIINTRUPT            00007060   00000010  00000000  00000010  RWIX
  XINT                  00007070   0000000c  00000000  0000000c  RWIX
  SCIA                  00007200   00000010  00000000  00000010  RWIX
  SCIB                  00007210   00000010  00000000  00000010  RWIX
  SCIC                  00007220   00000010  00000000  00000010  RWIX
  I2CA                  00007300   00000022  00000000  00000022  RWIX
  I2CB                  00007340   00000022  00000000  00000022  RWIX
  ADCA                  00007400   00000160  00000000  00000160  RWIX
  ADCB                  00007600   00000160  00000000  00000160  RWIX
  INPUTXBAR             00007900   00000020  00000000  00000020  RWIX
  XBAR                  00007920   00000020  00000000  00000020  RWIX
  SYNCSOC               00007940   00000006  00000000  00000006  RWIX
  CLBINPUTXBAR          00007960   00000020  00000000  00000020  RWIX
  DMACLASRCSEL          00007980   0000001a  00000000  0000001a  RWIX
  EPWMXBAR              00007a00   00000040  00000000  00000040  RWIX
  CLBXBAR               00007a40   00000040  00000000  00000040  RWIX
  OUTPUTXBAR            00007a80   00000040  00000000  00000040  RWIX
  CLBOUTPUTXBAR         00007bc0   00000040  00000000  00000040  RWIX
  GPIOCTRL              00007c00   00000200  00000000  00000200  RWIX
  GPIODATA              00007f00   00000040  00000000  00000040  RWIX
  GPIODATAREAD          00007f80   00000010  00000000  00000010  RWIX
  LFU                   00007fe0   00000020  00000000  00000020  RWIX
  AESA                  00042000   0000004c  00000000  0000004c  RWIX
  AESASS                00042c00   00000080  00000000  00000080  RWIX
  MCANASS               00059400   0000002c  00000000  0000002c  RWIX
  MCANA                 00059600   00000100  00000000  00000100  RWIX
  MCANAERROR            00059800   00000210  00000000  00000210  RWIX
  MCANBSS               0005b400   0000002c  00000000  0000002c  RWIX
  MCANB                 0005b600   00000100  00000000  00000100  RWIX
  MCANBERROR            0005b800   00000210  00000000  00000210  RWIX
  DEVCFG                0005d000   000001fa  00000000  000001fa  RWIX
  CLKCFG                0005d200   000000fe  0000003e  000000c0  RWIX
  CPUSYS                0005d300   00000100  000000b0  00000050  RWIX
  SYSSTATUS             0005d400   00000040  00000000  00000040  RWIX
  PERIPHAC              0005d500   00000200  00000000  00000200  RWIX
  ANALOGSUBSYS          0005d700   0000013c  00000000  0000013c  RWIX
  DCC0                  0005e700   00000038  0000002c  0000000c  RWIX
  DCC1                  0005e740   00000038  0000002c  0000000c  RWIX
  ERADGLOBAL            0005e800   00000014  00000000  00000014  RWIX
  ERADHWBP1             0005e900   00000008  00000000  00000008  RWIX
  ERADHWBP2             0005e908   00000008  00000000  00000008  RWIX
  ERADHWBP3             0005e910   00000008  00000000  00000008  RWIX
  ERADHWBP4             0005e918   00000008  00000000  00000008  RWIX
  ERADHWBP5             0005e920   00000008  00000000  00000008  RWIX
  ERADHWBP6             0005e928   00000008  00000000  00000008  RWIX
  ERADHWBP7             0005e930   00000008  00000000  00000008  RWIX
  ERADHWBP8             0005e938   00000008  00000000  00000008  RWIX
  ERADCOUNTER1          0005e980   00000010  00000000  00000010  RWIX
  ERADCOUNTER2          0005e990   00000010  00000000  00000010  RWIX
  ERADCOUNTER3          0005e9a0   00000010  00000000  00000010  RWIX
  ERADCOUNTER4          0005e9b0   00000010  00000000  00000010  RWIX
  ERADCRCGLOBAL         0005ea00   00000010  00000000  00000010  RWIX
  ERADCRC1              0005ea10   00000010  00000000  00000010  RWIX
  ERADCRC2              0005ea20   00000010  00000000  00000010  RWIX
  ERADCRC3              0005ea30   00000010  00000000  00000010  RWIX
  ERADCRC4              0005ea40   00000010  00000000  00000010  RWIX
  ERADCRC5              0005ea50   00000010  00000000  00000010  RWIX
  ERADCRC6              0005ea60   00000010  00000000  00000010  RWIX
  ERADCRC7              0005ea70   00000010  00000000  00000010  RWIX
  ERADCRC8              0005ea80   00000010  00000000  00000010  RWIX
  ERADPCTRACE           0005ead0   0000000a  00000000  0000000a  RWIX
  EPG1                  0005ec00   00000052  00000000  00000052  RWIX
  EPG1MUX               0005ecd0   00000010  00000000  00000010  RWIX
  DCSMZ1                0005f000   00000040  00000000  00000040  RWIX
  DCSMZ2                0005f080   0000003e  00000000  0000003e  RWIX
  DCSMCOMMON            0005f0c0   00000040  00000000  00000040  RWIX
  MEMCFG                0005f400   000000c0  00000000  000000c0  RWIX
  ACCESSPROTECTION      0005f500   0000003e  00000000  0000003e  RWIX
  MEMORYERROR           0005f540   00000040  00000000  00000040  RWIX
  TESTERROR             0005f590   00000010  00000000  00000010  RWIX
  FLASH0CTRL            0005f800   00000182  00000000  00000182  RWIX
  FLASH0ECC             0005fb00   00000028  00000000  00000028  RWIX
  ERADPCTRACEBUFFER     0005fe00   00000800  00000000  00000800  RWIX
  UID                   00072168   00000010  00000000  00000010  RWIX
  DCSMZ1OTP             00078000   00000020  00000000  00000020  RWIX
  DCSMZ2OTP             00078200   00000020  00000000  00000020  RWIX


SECTION ALLOCATION MAP

 output                                  attributes/
section   page    origin      length       input sections
--------  ----  ----------  ----------   ----------------
codestart 
*          0    00080000    00000002     
                  00080000    00000002     f28p55x_codestartbranch.obj (codestart)

.cinit     0    00085df8    00000054     
                  00085df8    0000000a     (.cinit..data.load) [load image, compression = lzss]
                  00085e02    00000006     (__TI_handler_table)
                  00085e08    00000004     (.cinit..bss.load) [load image, compression = zero_init]
                  00085e0c    00000004     (.cinit.PieVectTableFile.load) [load image, compression = zero_init]
                  00085e10    00000004     (.cinit.dsp_buf_adc.load) [load image, compression = zero_init]
                  00085e14    00000004     (.cinit.dsp_buf_fft.load) [load image, compression = zero_init]
                  00085e18    00000004     (.cinit.dsp_buf_mag.load) [load image, compression = zero_init]
                  00085e1c    00000004     (.cinit.dsp_buf_raw_A.load) [load image, compression = zero_init]
                  00085e20    00000004     (.cinit.dsp_buf_raw_B.load) [load image, compression = zero_init]
                  00085e24    00000004     (.cinit.dsp_buf_win.load) [load image, compression = zero_init]
                  00085e28    00000024     (__TI_cinit_table)

.reset     0    003fffc0    00000000     DSECT

.stack     0    00000400    00000200     UNINITIALIZED
                  00000400    00000200     --HOLE--

dsp_buf_mag 
*          0    0000c000    00000102     UNINITIALIZED
                  0000c000    00000102     dsp.obj (dsp_buf_mag)

dsp_buf_adc 
*          0    0000c200    00000200     UNINITIALIZED
                  0000c200    00000200     dsp.obj (dsp_buf_adc)

dsp_buf_win 
*          0    0000e000    00000200     UNINITIALIZED
                  0000e000    00000200     dsp.obj (dsp_buf_win)

dsp_buf_raw_B 
*          0    00010000    00000100     UNINITIALIZED
                  00010000    00000100     hal.obj (dsp_buf_raw_B)

dsp_buf_raw_A 
*          0    00010100    00000100     UNINITIALIZED
                  00010100    00000100     hal.obj (dsp_buf_raw_A)

dsp_buf_fft 
*          0    00012000    00000200     UNINITIALIZED
                  00012000    00000200     dsp.obj (dsp_buf_fft)

.init_array 
*          0    00080008    00000000     UNINITIALIZED

.const     0    00080040    0000046d     
                  00080040    000001c0     f28p55x_pievect.obj (.const)
                  00080200    0000009a     driverlib.lib : sysctl.obj (.const:.string)
                  0008029a    00000098                   : gpio.obj (.const:.string)
                  00080332    00000097                   : dcc.obj (.const:.string)
                  000803c9    00000001     --HOLE-- [fill = 0]
                  000803ca    00000097                   : dma.obj (.const:.string)
                  00080461    00000001     --HOLE-- [fill = 0]
                  00080462    0000004b                   : pga.obj (.const:.string)

FPUfftTables 
*          0    000837b8    000007f8     
                  000837b8    000007f8     c28x_fpu_dsp_library_eabi.lib : RFFT_f32_twiddleFactors.obj (FPUfftTables)

.TI.ramfunc 
*          0    000804b0    00003307     RUN ADDR = 00008000
                  000804b0    00003290     rf_model.obj (.TI.ramfunc)
                  00083740    0000006f     main.obj (.TI.ramfunc:retain)
                  000837af    00000004     driverlib.lib : sysctl.obj (.TI.ramfunc)
                  000837b3    00000004     f28p55x_usdelay.obj (.TI.ramfunc)

PieVectTableFile 
*          1    00000d00    000001c0     UNINITIALIZED
                  00000d00    000001c0     f28p55x_globalvariabledefs.obj (PieVectTableFile)

EmuKeyVar 
*          1    00000d00    00000000     UNINITIALIZED

EmuBModeVar 
*          1    00000d00    00000000     UNINITIALIZED

EmuBootPinsVar 
*          1    00000d00    00000000     UNINITIALIZED

FlashCallbackVar 
*          1    00000d00    00000000     UNINITIALIZED

FlashScalingVar 
*          1    00000d00    00000000     UNINITIALIZED

ClkCfgRegsFile 
*          1    0005d200    0000003e     UNINITIALIZED
                  0005d200    0000003e     f28p55x_globalvariabledefs.obj (ClkCfgRegsFile)

CpuSysRegsFile 
*          1    0005d300    000000b0     UNINITIALIZED
                  0005d300    000000b0     f28p55x_globalvariabledefs.obj (CpuSysRegsFile)

Dcc0RegsFile 
*          1    0005e700    0000002c     UNINITIALIZED
                  0005e700    0000002c     f28p55x_globalvariabledefs.obj (Dcc0RegsFile)

Dcc1RegsFile 
*          1    0005e740    0000002c     UNINITIALIZED
                  0005e740    0000002c     f28p55x_globalvariabledefs.obj (Dcc1RegsFile)

PieCtrlRegsFile 
*          1    00000ce0    0000001a     UNINITIALIZED
                  00000ce0    0000001a     f28p55x_globalvariabledefs.obj (PieCtrlRegsFile)

WdRegsFile 
*          1    00007000    0000002b     UNINITIALIZED
                  00007000    0000002b     f28p55x_globalvariabledefs.obj (WdRegsFile)

.bss       0    0000b800    0000000e     UNINITIALIZED
                  0000b800    0000000c     dsp.obj (.bss)
                  0000b80c    00000002     main.obj (.bss)

.data      0    0000b80e    0000000c     UNINITIALIZED
                  0000b80e    00000006     rts2800_fpu32_eabi.lib : exit.c.obj (.data)
                  0000b814    00000002                            : _lock.c.obj (.data:_lock)
                  0000b816    00000002                            : _lock.c.obj (.data:_unlock)
                  0000b818    00000001     hal.obj (.data)
                  0000b819    00000001     main.obj (.data)

.text.1    0    00080008    00000038     
                  00080008    00000037     driverlib.lib : dma.obj (.text:DMA_configBurst)
                  0008003f    00000001     rts2800_fpu32_eabi.lib : startup.c.obj (.text)

.text.2    0    00083fb0    00001e44     
                  00083fb0    00000549     f28p55x_defaultisr.obj (.text:retain)
                  000844f9    0000035a     f28p55x_sysctrl.obj (.text)
                  00084853    0000031e     hal.obj (.text)
                  00084b71    0000022e     device.obj (.text)
                  00084d9f    0000016b     dsp.obj (.text)
                  00084f0a    00000123     driverlib.lib : sysctl.obj (.text:SysCtl_setClock)
                  0008502d    00000001     --HOLE-- [fill = 0]
                  0008502e    0000011d     c28x_fpu_dsp_library_eabi.lib : RFFT_f32.obj (.text)
                  0008514b    000000fe     driverlib.lib : sysctl.obj (.text:SysCtl_isPLLValid)
                  00085249    000000eb                   : gpio.obj (.text:GPIO_setAnalogMode)
                  00085334    000000cb                   : dcc.obj (.text:DCC_verifyClockFrequency)
                  000853ff    0000009d                   : dma.obj (.text:DMA_configMode)
                  0008549c    0000009c     c28x_fpu_dsp_library_eabi.lib : RFFT_f32_mag.obj (.text)
                  00085538    00000088     rts2800_fpu32_eabi.lib : fs_div28.asm.obj (.text)
                  000855c0    0000007a     main.obj (.text)
                  0008563a    00000073     driverlib.lib : dcc.obj (.text:DCC_setCounterSeeds)
                  000856ad    00000073                   : sysctl.obj (.text:DCC_setCounterSeeds)
                  00085720    00000052                   : gpio.obj (.text:GPIO_setPadConfig)
                  00085772    00000047                   : sysctl.obj (.text:SysCtl_selectOscSource)
                  000857b9    00000046                   : sysctl.obj (.text:SysCtl_selectXTAL)
                  000857ff    00000044                   : pga.obj (.text:PGA_setOffsetTrimPMOS)
                  00085843    00000041                   : pga.obj (.text:PGA_setOffsetTrimNMOS)
                  00085884    00000040                   : sysctl.obj (.text:SysCtl_pollX1Counter)
                  000858c4    0000003c                   : dma.obj (.text:DMA_configTransfer)
                  00085900    00000037                   : gpio.obj (.text:GPIO_setPinConfig)
                  00085937    00000031                   : gpio.obj (.text:GPIO_setDirectionMode)
                  00085968    0000002e     rts2800_fpu32_eabi.lib : copy_decompress_lzss.c.obj (.text:decompress:lzss)
                  00085996    0000002c     driverlib.lib : gpio.obj (.text:GPIO_isPinValid)
                  000859c2    0000002b     rts2800_fpu32_eabi.lib : autoinit.c.obj (.text:__TI_auto_init_nobinit_nopinit)
                  000859ed    00000029                            : exit.c.obj (.text)
                  00085a16    00000028     f28p55x_piectrl.obj (.text)
                  00085a3e    00000025     driverlib.lib : dma.obj (.text:DMA_configAddresses)
                  00085a63    00000025                   : sysctl.obj (.text:SysCtl_selectXTALSingleEnded)
                  00085a88    00000025     f28p55x_pievect.obj (.text)
                  00085aad    00000024     driverlib.lib : dcc.obj (.text:DCC_enableSingleShotMode)
                  00085ad1    00000024                   : sysctl.obj (.text:DCC_enableSingleShotMode)
                  00085af5    00000023                   : dma.obj (.text:DMA_isBaseValid)
                  00085b18    00000020     rts2800_fpu32_eabi.lib : memcpy.c.obj (.text)
                  00085b38    0000001e     driverlib.lib : dcc.obj (.text:DCC_setCounter0ClkSource)
                  00085b56    0000001e                   : sysctl.obj (.text:DCC_setCounter0ClkSource)
                  00085b74    0000001e                   : dcc.obj (.text:DCC_setCounter1ClkSource)
                  00085b92    0000001e                   : sysctl.obj (.text:DCC_setCounter1ClkSource)
                  00085bb0    0000001c                   : dcc.obj (.text:DCC_getErrorStatus)
                  00085bcc    0000001c                   : dcc.obj (.text:DCC_getSingleShotStatus)
                  00085be8    00000019                   : sysctl.obj (.text:SysCtl_setPLLSysClk)
                  00085c01    00000017                   : pga.obj (.text:PGA_isBaseValid)
                  00085c18    00000017                   : sysctl.obj (.text:SysCtl_enablePeripheral)
                  00085c2f    00000017     rts2800_fpu32_eabi.lib : boot28.asm.obj (.text)
                  00085c46    00000016     driverlib.lib : dcc.obj (.text:DCC_disableDoneSignal)
                  00085c5c    00000016                   : sysctl.obj (.text:DCC_disableDoneSignal)
                  00085c72    00000016                   : dcc.obj (.text:DCC_enableDoneSignal)
                  00085c88    00000015                   : dcc.obj (.text:DCC_clearDoneFlag)
                  00085c9d    00000015                   : sysctl.obj (.text:DCC_clearDoneFlag)
                  00085cb2    00000015                   : dcc.obj (.text:DCC_clearErrorFlag)
                  00085cc7    00000015                   : sysctl.obj (.text:DCC_clearErrorFlag)
                  00085cdc    00000015                   : dcc.obj (.text:DCC_disableErrorSignal)
                  00085cf1    00000015                   : sysctl.obj (.text:DCC_disableErrorSignal)
                  00085d06    00000015                   : dcc.obj (.text:DCC_isBaseValid)
                  00085d1b    00000015                   : sysctl.obj (.text:DCC_isBaseValid)
                  00085d30    00000014                   : dcc.obj (.text:DCC_disableModule)
                  00085d44    00000014                   : sysctl.obj (.text:DCC_disableModule)
                  00085d58    00000014                   : dcc.obj (.text:DCC_enableErrorSignal)
                  00085d6c    00000014                   : dcc.obj (.text:DCC_enableModule)
                  00085d80    00000014                   : sysctl.obj (.text:DCC_enableModule)
                  00085d94    00000012     rts2800_fpu32_eabi.lib : args_main.c.obj (.text)
                  00085da6    0000000b     driverlib.lib : sysctl.obj (.text:SysCtl_isMCDClockFailureDetected)
                  00085db1    0000000b     dsp.obj (.text:__relaxed_cosf)
                  00085dbc    00000009     dsp.obj (.text:__relaxed_sqrtf)
                  00085dc5    00000009     rts2800_fpu32_eabi.lib : _lock.c.obj (.text)
                  00085dce    00000008                            : copy_decompress_none.c.obj (.text:decompress:none)
                  00085dd6    00000008     f28p55x_codestartbranch.obj (.text)
                  00085dde    00000007     driverlib.lib : sysctl.obj (.text:SysCtl_resetMCD)
                  00085de5    00000007     rts2800_fpu32_eabi.lib : memset.c.obj (.text)
                  00085dec    00000006                            : copy_zero_init.c.obj (.text:decompress:ZI)
                  00085df2    00000002                            : pre_init.c.obj (.text)

MODULE SUMMARY

       Module                           code    ro data   rw data
       ------                           ----    -------   -------
    ./src/
       rf_model.obj                     25888   0         0      
       dsp.obj                          383     0         1806   
       f28p55x_defaultisr.obj           1353    0         0      
       hal.obj                          798     0         513    
       f28p55x_sysctrl.obj              858     0         0      
       f28p55x_globalvariabledefs.obj   0       0         843    
       device.obj                       558     0         0      
       f28p55x_pievect.obj              37      448       0      
       main.obj                         344     0         3      
       f28p55x_piectrl.obj              40      0         0      
       f28p55x_codestartbranch.obj      10      0         0      
       f28p55x_usdelay.obj              8       0         0      
    +--+--------------------------------+-------+---------+---------+
       Total:                           30277   448       3165   
                                                                 
    /home/mati23b/Apps_folders/ccs/tools/compiler/ti-cgt-c2000_25.11.1.LTS/lib/rts2800_fpu32_eabi.lib
       fs_div28.asm.obj                 136     0         0      
       exit.c.obj                       41      0         6      
       copy_decompress_lzss.c.obj       46      0         0      
       autoinit.c.obj                   43      0         0      
       memcpy.c.obj                     32      0         0      
       boot28.asm.obj                   23      0         0      
       args_main.c.obj                  18      0         0      
       _lock.c.obj                      9       0         4      
       copy_decompress_none.c.obj       8       0         0      
       memset.c.obj                     7       0         0      
       copy_zero_init.c.obj             6       0         0      
       pre_init.c.obj                   2       0         0      
       startup.c.obj                    1       0         0      
    +--+--------------------------------+-------+---------+---------+
       Total:                           372     0         10     
                                                                 
    /home/mati23b/ti/C2000Ware_26_01_00_00/driverlib/f28p55x/driverlib/ccs/Debug/driverlib.lib
       sysctl.obj                       1218    154       0      
       dcc.obj                          658     151       0      
       gpio.obj                         465     152       0      
       dma.obj                          344     151       0      
       pga.obj                          156     75        0      
    +--+--------------------------------+-------+---------+---------+
       Total:                           2841    683       0      
                                                                 
    /home/mati23b/ti/C2000Ware_26_01_00_00/libraries/dsp/FPU/c28/lib/c28x_fpu_dsp_library_eabi.lib
       RFFT_f32_twiddleFactors.obj      0       2040      0      
       RFFT_f32.obj                     285     0         0      
       RFFT_f32_mag.obj                 156     0         0      
    +--+--------------------------------+-------+---------+---------+
       Total:                           441     2040      0      
                                                                 
       Stack:                           0       0         512    
       Linker Generated:                0       84        0      
    +--+--------------------------------+-------+---------+---------+
       Grand Total:                     33931   3255      3687   


LINKER GENERATED COPY TABLES

__TI_cinit_table @ 00085e28 records: 9, size/record: 4, table size: 36
	.data: load addr=00085df8, load size=0000000a bytes, run addr=0000b80e, run size=0000000c bytes, compression=lzss
	.bss: load addr=00085e08, load size=00000004 bytes, run addr=0000b800, run size=0000000e bytes, compression=zero_init
	PieVectTableFile: load addr=00085e0c, load size=00000004 bytes, run addr=00000d00, run size=000001c0 bytes, compression=zero_init
	dsp_buf_adc: load addr=00085e10, load size=00000004 bytes, run addr=0000c200, run size=00000200 bytes, compression=zero_init
	dsp_buf_fft: load addr=00085e14, load size=00000004 bytes, run addr=00012000, run size=00000200 bytes, compression=zero_init
	dsp_buf_mag: load addr=00085e18, load size=00000004 bytes, run addr=0000c000, run size=00000102 bytes, compression=zero_init
	dsp_buf_raw_A: load addr=00085e1c, load size=00000004 bytes, run addr=00010100, run size=00000100 bytes, compression=zero_init
	dsp_buf_raw_B: load addr=00085e20, load size=00000004 bytes, run addr=00010000, run size=00000100 bytes, compression=zero_init
	dsp_buf_win: load addr=00085e24, load size=00000004 bytes, run addr=0000e000, run size=00000200 bytes, compression=zero_init


LINKER GENERATED HANDLER TABLE

__TI_handler_table @ 00085e02 records: 3, size/record: 2, table size: 6
	index: 0, handler: __TI_zero_init
	index: 1, handler: __TI_decompress_lzss
	index: 2, handler: __TI_decompress_none


GLOBAL DATA SYMBOLS: SORTED BY DATA PAGE

address     data page           name
--------    ----------------    ----
00000400      10 (00000400)     __stack

00000ce0      33 (00000cc0)     PieCtrlRegs

00000d00      34 (00000d00)     PieVectTable

00007000     1c0 (00007000)     WdRegs

0000b800     2e0 (0000b800)     rfft
0000b80c     2e0 (0000b800)     dma_buffer_pronto
0000b80e     2e0 (0000b800)     __TI_enable_exit_profile_output
0000b810     2e0 (0000b800)     __TI_cleanup_ptr
0000b812     2e0 (0000b800)     __TI_dtors_ptr
0000b814     2e0 (0000b800)     _lock
0000b816     2e0 (0000b800)     _unlock
0000b819     2e0 (0000b800)     adc_ready

0000c000     300 (0000c000)     fft_mag_buffer

0000c200     308 (0000c200)     adc_buffer

0000e000     380 (0000e000)     hanning_window

00012000     480 (00012000)     fft_output

0005d200    1748 (0005d200)     ClkCfgRegs

0005d300    174c (0005d300)     CpuSysRegs

0005e700    179c (0005e700)     Dcc0Regs

0005e740    179d (0005e740)     Dcc1Regs

00080040    2001 (00080040)     PieVectTableInit

000837b8    20de (00083780)     FPU32RFFTtwiddleFactors
000837b8    20de (00083780)     RFFT_f32_twiddleFactors


GLOBAL SYMBOLS: SORTED ALPHABETICALLY BY Name 

page  address   name                                  
----  -------   ----                                  
0     0008406e  ADCA1_ISR                             
0     000842a8  ADCA2_ISR                             
0     000842b2  ADCA3_ISR                             
0     000842bc  ADCA4_ISR                             
0     0008429e  ADCA_EVT_ISR                          
0     00084078  ADCB1_ISR                             
0     000842d0  ADCB2_ISR                             
0     000842da  ADCB3_ISR                             
0     000842e4  ADCB4_ISR                             
0     000842c6  ADCB_EVT_ISR                          
0     00084082  ADCC1_ISR                             
0     00084460  ADCC2_ISR                             
0     0008446a  ADCC3_ISR                             
0     00084474  ADCC4_ISR                             
0     00084456  ADCC_EVT_ISR                          
0     00084384  ADCD1_ISR                             
0     00084488  ADCD2_ISR                             
0     00084492  ADCD3_ISR                             
0     0008449c  ADCD4_ISR                             
0     0008447e  ADCD_EVT_ISR                          
0     0008438e  ADCE1_ISR                             
0     000844b0  ADCE2_ISR                             
0     000844ba  ADCE3_ISR                             
0     000844c4  ADCE4_ISR                             
0     000844a6  ADCE_EVT_ISR                          
0     000844ce  AES_SINTREQUEST_ISR                   
0     000859ed  C$$EXIT                               
0     000842ee  CLA1_1_ISR                            
0     000842f8  CLA1_2_ISR                            
0     00084302  CLA1_3_ISR                            
0     0008430c  CLA1_4_ISR                            
0     00084316  CLA1_5_ISR                            
0     00084320  CLA1_6_ISR                            
0     0008432a  CLA1_7_ISR                            
0     00084334  CLA1_8_ISR                            
0     00084190  CLB1_ISR                              
0     0008419a  CLB2_ISR                              
1     0005d200  ClkCfgRegs                            
0     000847da  ComputeCntrSeedValue                  
1     0005d300  CpuSysRegs                            
0     00083fc4  DATALOG_ISR                           
0     000841cc  DCC0_ISR                              
0     000841d6  DCC1_ISR                              
0     00085334  DCC_verifyClockFrequency              
0     000841e0  DMA_CH1_ISR                           
0     000841ea  DMA_CH2_ISR                           
0     000841f4  DMA_CH3_ISR                           
0     000841fe  DMA_CH4_ISR                           
0     00084208  DMA_CH5_ISR                           
0     00084212  DMA_CH6_ISR                           
0     00085a3e  DMA_configAddresses                   
0     00080008  DMA_configBurst                       
0     000853ff  DMA_configMode                        
0     000858c4  DMA_configTransfer                    
0     00084d9f  DSP_Init_FFT                          
1     0005e700  Dcc0Regs                              
1     0005e740  Dcc1Regs                              
0     00084c70  Device_enableAllPeripherals           
0     00084be0  Device_init                           
0     00084d4b  Device_initGPIO                       
0     00084d65  Device_verifyXTAL                     
0     000845b0  DisableDog                            
0     00084589  DisablePeripheralClocks               
0     0008415e  ECAP1_ISR                             
0     00084168  ECAP2_ISR                             
0     000844e2  EMPTY_ISR                             
0     00083fd8  EMU_ISR                               
0     000843ca  EPWM10_ISR                            
0     000843a2  EPWM10_TZ_ISR                         
0     000843d4  EPWM11_ISR                            
0     000843ac  EPWM11_TZ_ISR                         
0     000843de  EPWM12_ISR                            
0     000843b6  EPWM12_TZ_ISR                         
0     0008410e  EPWM1_ISR                             
0     000840be  EPWM1_TZ_ISR                          
0     00084118  EPWM2_ISR                             
0     000840c8  EPWM2_TZ_ISR                          
0     00084122  EPWM3_ISR                             
0     000840d2  EPWM3_TZ_ISR                          
0     0008412c  EPWM4_ISR                             
0     000840dc  EPWM4_TZ_ISR                          
0     00084136  EPWM5_ISR                             
0     000840e6  EPWM5_TZ_ISR                          
0     00084140  EPWM6_ISR                             
0     000840f0  EPWM6_TZ_ISR                          
0     0008414a  EPWM7_ISR                             
0     000840fa  EPWM7_TZ_ISR                          
0     00084154  EPWM8_ISR                             
0     00084104  EPWM8_TZ_ISR                          
0     000843c0  EPWM9_ISR                             
0     00084398  EPWM9_TZ_ISR                          
0     00084172  EQEP1_ISR                             
0     0008417c  EQEP2_ISR                             
0     00084186  EQEP3_ISR                             
0     00085a35  EnableInterrupts                      
0     00084e2c  Executar_Pipeline_DSP                 
0     0000b303  F28x_usDelay                          
0     0008435c  FLSS_ISR                              
0     000837b8  FPU32RFFTtwiddleFactors               
0     000843fc  FSIRXA1_ISR                           
0     00084406  FSIRXA2_ISR                           
0     000843e8  FSITXA1_ISR                           
0     000843f2  FSITXA2_ISR                           
0     00085249  GPIO_setAnalogMode                    
0     00085937  GPIO_setDirectionMode                 
0     00085720  GPIO_setPadConfig                     
0     00085900  GPIO_setPinConfig                     
0     00084722  HALT                                  
0     00084b61  HAL_Aciona_Falha_de_Arco              
0     00084aae  HAL_Configurar_ADC                    
0     00084adc  HAL_Configurar_DMA                    
0     00084b12  HAL_Configurar_Timer_Arco             
0     00084a83  HAL_Configurar_ePWM_Trigger           
0     00084b58  HAL_Limpa_Flags_de_Interrupcao        
0     00084b33  HAL_Troca_DMA_Buffers                 
0     00084230  I2CA_FIFO_ISR                         
0     00084226  I2CA_ISR                              
0     00084244  I2CB_FIFO_ISR                         
0     0008423a  I2CB_ISR                              
0     00084719  IDLE                                  
0     00083fec  ILLEGAL_ISR                           
0     0008450e  InitPeripheralClocks                  
0     00085a16  InitPieCtrl                           
0     00085a88  InitPieVectTable                      
0     000844f9  InitSysCtrl                           
0     000845bd  InitSysPll                            
0     00084733  IsPLLValid                            
0     00084410  LINA_0_ISR                            
0     0008441a  LINA_1_ISR                            
0     0008428a  MCANA_0_ISR                           
0     00084294  MCANA_1_ISR                           
0     0008437a  MCANA_ECC_ISR                         
0     00084370  MCANA_WAKE_ISR                        
0     00084424  MCANB_0_ISR                           
0     0008442e  MCANB_1_ISR                           
0     00084442  MCANB_ECC_ISR                         
0     00084438  MCANB_WAKE_ISR                        
0     00083fe2  NMI_ISR                               
0     000844ef  NOTUSED_ISR                           
0     00085843  PGA_setOffsetTrimNMOS                 
0     000857ff  PGA_setOffsetTrimPMOS                 
0     000844d8  PIE_RESERVED_ISR                      
0     0008421c  PMBUSA_ISR                            
1     00000ce0  PieCtrlRegs                           
1     00000d00  PieVectTable                          
0     00080040  PieVectTableInit                      
0     00084ddb  Processar_e_Inferir                   
0     0008502e  RFFT_f32                              
0     0008549c  RFFT_f32_mag                          
0     000837b8  RFFT_f32_twiddleFactors               
0     00083fce  RTOS_ISR                              
0     000837b7  RamfuncsLoadEnd                       
abs   00003307  RamfuncsLoadSize                      
0     000804b0  RamfuncsLoadStart                     
0     0000b307  RamfuncsRunEnd                        
abs   00003307  RamfuncsRunSize                       
0     00008000  RamfuncsRunStart                      
0     00008000  Run_RandomForest_Inference            
0     00084262  SCIA_RX_ISR                           
0     0008426c  SCIA_TX_ISR                           
0     00084276  SCIB_RX_ISR                           
0     00084280  SCIB_TX_ISR                           
0     0008424e  SCIC_RX_ISR                           
0     00084258  SCIC_TX_ISR                           
0     000841a4  SPIA_RX_ISR                           
0     000841ae  SPIA_TX_ISR                           
0     000841b8  SPIB_RX_ISR                           
0     000841c2  SPIB_TX_ISR                           
0     000840a0  SYS_ERR_ISR                           
0     000845a3  ServiceDog                            
0     0000b2ff  SysCtl_delay                          
0     0008514b  SysCtl_isPLLValid                     
0     00085772  SysCtl_selectOscSource                
0     000857b9  SysCtl_selectXTAL                     
0     00085a63  SysCtl_selectXTALSingleEnded          
0     00084f0a  SysCtl_setClock                       
0     000846b9  SysIntOsc1Sel                         
0     000846c2  SysIntOsc2Sel                         
0     00084704  SysXtalOscSESel                       
0     000846e4  SysXtalOscSel                         
0     000840aa  TIMER0_ISR                            
0     00083fb0  TIMER1_ISR                            
0     00083fba  TIMER2_ISR                            
0     0008444c  USBA_ISR                              
0     00084050  USER10_ISR                            
0     0008405a  USER11_ISR                            
0     00084064  USER12_ISR                            
0     00083ff6  USER1_ISR                             
0     00084000  USER2_ISR                             
0     0008400a  USER3_ISR                             
0     00084014  USER4_ISR                             
0     0008401e  USER5_ISR                             
0     00084028  USER6_ISR                             
0     00084032  USER7_ISR                             
0     0008403c  USER8_ISR                             
0     00084046  USER9_ISR                             
0     00084366  VCU_ISR                               
0     000840b4  WAKE_ISR                              
1     00007000  WdRegs                                
0     0008408c  XINT1_ISR                             
0     00084096  XINT2_ISR                             
0     0008433e  XINT3_ISR                             
0     00084348  XINT4_ISR                             
0     00084352  XINT5_ISR                             
0     00085e28  __TI_CINIT_Base                       
0     00085e4c  __TI_CINIT_Limit                      
0     00085e4c  __TI_CINIT_Warm                       
0     00085e02  __TI_Handler_Table_Base               
0     00085e08  __TI_Handler_Table_Limit              
0     00000600  __TI_STACK_END                        
abs   00000200  __TI_STACK_SIZE                       
0     000859c2  __TI_auto_init_nobinit_nopinit        
0     0000b810  __TI_cleanup_ptr                      
0     00085968  __TI_decompress_lzss                  
0     00085dce  __TI_decompress_none                  
0     0000b812  __TI_dtors_ptr                        
0     0000b80e  __TI_enable_exit_profile_output       
abs   ffffffff  __TI_pprof_out_hndl                   
abs   ffffffff  __TI_prof_data_size                   
abs   ffffffff  __TI_prof_data_start                  
0     00085dec  __TI_zero_init                        
0     00085538  __c28xabi_divf                        
abs   ffffffff  __c_args__                            
0     00084d98  __error__                             
0     00085db1  __relaxed_cosf                        
0     00085dbc  __relaxed_sqrtf                       
0     00000400  __stack                               
0     00085d94  _args_main                            
0     00085c2f  _c_int00                              
0     0000b814  _lock                                 
0     00085dcd  _nop                                  
0     00085dc9  _register_lock                        
0     00085dc5  _register_unlock                      
0     00085037  _rfft_f32_Stages1and2and3andBitReverse
0     000850a3  _rfft_f32_Stages4andUp                
0     0008003f  _system_post_cinit                    
0     00085df2  _system_pre_init                      
0     0000b816  _unlock                               
0     000859ed  abort                                 
0     0000c200  adc_buffer                            
0     0000b819  adc_ready                             
0     00080000  code_start                            
0     0000b80c  dma_buffer_pronto                     
0     0000b290  dma_ch1_isr                           
0     000859ef  exit                                  
0     0000c000  fft_mag_buffer                        
0     00012000  fft_output                            
0     0000e000  hanning_window                        
0     000855eb  main                                  
0     00085b18  memcpy                                
0     00085de5  memset                                
0     0000b800  rfft                                  
0     0000b2c6  timer0_isr                            


GLOBAL SYMBOLS: SORTED BY Symbol Address 

page  address   name                                  
----  -------   ----                                  
0     00000400  __stack                               
0     00000600  __TI_STACK_END                        
0     00008000  RamfuncsRunStart                      
0     00008000  Run_RandomForest_Inference            
0     0000b290  dma_ch1_isr                           
0     0000b2c6  timer0_isr                            
0     0000b2ff  SysCtl_delay                          
0     0000b303  F28x_usDelay                          
0     0000b307  RamfuncsRunEnd                        
0     0000b800  rfft                                  
0     0000b80c  dma_buffer_pronto                     
0     0000b80e  __TI_enable_exit_profile_output       
0     0000b810  __TI_cleanup_ptr                      
0     0000b812  __TI_dtors_ptr                        
0     0000b814  _lock                                 
0     0000b816  _unlock                               
0     0000b819  adc_ready                             
0     0000c000  fft_mag_buffer                        
0     0000c200  adc_buffer                            
0     0000e000  hanning_window                        
0     00012000  fft_output                            
0     00080000  code_start                            
0     00080008  DMA_configBurst                       
0     0008003f  _system_post_cinit                    
0     00080040  PieVectTableInit                      
0     000804b0  RamfuncsLoadStart                     
0     000837b7  RamfuncsLoadEnd                       
0     000837b8  FPU32RFFTtwiddleFactors               
0     000837b8  RFFT_f32_twiddleFactors               
0     00083fb0  TIMER1_ISR                            
0     00083fba  TIMER2_ISR                            
0     00083fc4  DATALOG_ISR                           
0     00083fce  RTOS_ISR                              
0     00083fd8  EMU_ISR                               
0     00083fe2  NMI_ISR                               
0     00083fec  ILLEGAL_ISR                           
0     00083ff6  USER1_ISR                             
0     00084000  USER2_ISR                             
0     0008400a  USER3_ISR                             
0     00084014  USER4_ISR                             
0     0008401e  USER5_ISR                             
0     00084028  USER6_ISR                             
0     00084032  USER7_ISR                             
0     0008403c  USER8_ISR                             
0     00084046  USER9_ISR                             
0     00084050  USER10_ISR                            
0     0008405a  USER11_ISR                            
0     00084064  USER12_ISR                            
0     0008406e  ADCA1_ISR                             
0     00084078  ADCB1_ISR                             
0     00084082  ADCC1_ISR                             
0     0008408c  XINT1_ISR                             
0     00084096  XINT2_ISR                             
0     000840a0  SYS_ERR_ISR                           
0     000840aa  TIMER0_ISR                            
0     000840b4  WAKE_ISR                              
0     000840be  EPWM1_TZ_ISR                          
0     000840c8  EPWM2_TZ_ISR                          
0     000840d2  EPWM3_TZ_ISR                          
0     000840dc  EPWM4_TZ_ISR                          
0     000840e6  EPWM5_TZ_ISR                          
0     000840f0  EPWM6_TZ_ISR                          
0     000840fa  EPWM7_TZ_ISR                          
0     00084104  EPWM8_TZ_ISR                          
0     0008410e  EPWM1_ISR                             
0     00084118  EPWM2_ISR                             
0     00084122  EPWM3_ISR                             
0     0008412c  EPWM4_ISR                             
0     00084136  EPWM5_ISR                             
0     00084140  EPWM6_ISR                             
0     0008414a  EPWM7_ISR                             
0     00084154  EPWM8_ISR                             
0     0008415e  ECAP1_ISR                             
0     00084168  ECAP2_ISR                             
0     00084172  EQEP1_ISR                             
0     0008417c  EQEP2_ISR                             
0     00084186  EQEP3_ISR                             
0     00084190  CLB1_ISR                              
0     0008419a  CLB2_ISR                              
0     000841a4  SPIA_RX_ISR                           
0     000841ae  SPIA_TX_ISR                           
0     000841b8  SPIB_RX_ISR                           
0     000841c2  SPIB_TX_ISR                           
0     000841cc  DCC0_ISR                              
0     000841d6  DCC1_ISR                              
0     000841e0  DMA_CH1_ISR                           
0     000841ea  DMA_CH2_ISR                           
0     000841f4  DMA_CH3_ISR                           
0     000841fe  DMA_CH4_ISR                           
0     00084208  DMA_CH5_ISR                           
0     00084212  DMA_CH6_ISR                           
0     0008421c  PMBUSA_ISR                            
0     00084226  I2CA_ISR                              
0     00084230  I2CA_FIFO_ISR                         
0     0008423a  I2CB_ISR                              
0     00084244  I2CB_FIFO_ISR                         
0     0008424e  SCIC_RX_ISR                           
0     00084258  SCIC_TX_ISR                           
0     00084262  SCIA_RX_ISR                           
0     0008426c  SCIA_TX_ISR                           
0     00084276  SCIB_RX_ISR                           
0     00084280  SCIB_TX_ISR                           
0     0008428a  MCANA_0_ISR                           
0     00084294  MCANA_1_ISR                           
0     0008429e  ADCA_EVT_ISR                          
0     000842a8  ADCA2_ISR                             
0     000842b2  ADCA3_ISR                             
0     000842bc  ADCA4_ISR                             
0     000842c6  ADCB_EVT_ISR                          
0     000842d0  ADCB2_ISR                             
0     000842da  ADCB3_ISR                             
0     000842e4  ADCB4_ISR                             
0     000842ee  CLA1_1_ISR                            
0     000842f8  CLA1_2_ISR                            
0     00084302  CLA1_3_ISR                            
0     0008430c  CLA1_4_ISR                            
0     00084316  CLA1_5_ISR                            
0     00084320  CLA1_6_ISR                            
0     0008432a  CLA1_7_ISR                            
0     00084334  CLA1_8_ISR                            
0     0008433e  XINT3_ISR                             
0     00084348  XINT4_ISR                             
0     00084352  XINT5_ISR                             
0     0008435c  FLSS_ISR                              
0     00084366  VCU_ISR                               
0     00084370  MCANA_WAKE_ISR                        
0     0008437a  MCANA_ECC_ISR                         
0     00084384  ADCD1_ISR                             
0     0008438e  ADCE1_ISR                             
0     00084398  EPWM9_TZ_ISR                          
0     000843a2  EPWM10_TZ_ISR                         
0     000843ac  EPWM11_TZ_ISR                         
0     000843b6  EPWM12_TZ_ISR                         
0     000843c0  EPWM9_ISR                             
0     000843ca  EPWM10_ISR                            
0     000843d4  EPWM11_ISR                            
0     000843de  EPWM12_ISR                            
0     000843e8  FSITXA1_ISR                           
0     000843f2  FSITXA2_ISR                           
0     000843fc  FSIRXA1_ISR                           
0     00084406  FSIRXA2_ISR                           
0     00084410  LINA_0_ISR                            
0     0008441a  LINA_1_ISR                            
0     00084424  MCANB_0_ISR                           
0     0008442e  MCANB_1_ISR                           
0     00084438  MCANB_WAKE_ISR                        
0     00084442  MCANB_ECC_ISR                         
0     0008444c  USBA_ISR                              
0     00084456  ADCC_EVT_ISR                          
0     00084460  ADCC2_ISR                             
0     0008446a  ADCC3_ISR                             
0     00084474  ADCC4_ISR                             
0     0008447e  ADCD_EVT_ISR                          
0     00084488  ADCD2_ISR                             
0     00084492  ADCD3_ISR                             
0     0008449c  ADCD4_ISR                             
0     000844a6  ADCE_EVT_ISR                          
0     000844b0  ADCE2_ISR                             
0     000844ba  ADCE3_ISR                             
0     000844c4  ADCE4_ISR                             
0     000844ce  AES_SINTREQUEST_ISR                   
0     000844d8  PIE_RESERVED_ISR                      
0     000844e2  EMPTY_ISR                             
0     000844ef  NOTUSED_ISR                           
0     000844f9  InitSysCtrl                           
0     0008450e  InitPeripheralClocks                  
0     00084589  DisablePeripheralClocks               
0     000845a3  ServiceDog                            
0     000845b0  DisableDog                            
0     000845bd  InitSysPll                            
0     000846b9  SysIntOsc1Sel                         
0     000846c2  SysIntOsc2Sel                         
0     000846e4  SysXtalOscSel                         
0     00084704  SysXtalOscSESel                       
0     00084719  IDLE                                  
0     00084722  HALT                                  
0     00084733  IsPLLValid                            
0     000847da  ComputeCntrSeedValue                  
0     00084a83  HAL_Configurar_ePWM_Trigger           
0     00084aae  HAL_Configurar_ADC                    
0     00084adc  HAL_Configurar_DMA                    
0     00084b12  HAL_Configurar_Timer_Arco             
0     00084b33  HAL_Troca_DMA_Buffers                 
0     00084b58  HAL_Limpa_Flags_de_Interrupcao        
0     00084b61  HAL_Aciona_Falha_de_Arco              
0     00084be0  Device_init                           
0     00084c70  Device_enableAllPeripherals           
0     00084d4b  Device_initGPIO                       
0     00084d65  Device_verifyXTAL                     
0     00084d98  __error__                             
0     00084d9f  DSP_Init_FFT                          
0     00084ddb  Processar_e_Inferir                   
0     00084e2c  Executar_Pipeline_DSP                 
0     00084f0a  SysCtl_setClock                       
0     0008502e  RFFT_f32                              
0     00085037  _rfft_f32_Stages1and2and3andBitReverse
0     000850a3  _rfft_f32_Stages4andUp                
0     0008514b  SysCtl_isPLLValid                     
0     00085249  GPIO_setAnalogMode                    
0     00085334  DCC_verifyClockFrequency              
0     000853ff  DMA_configMode                        
0     0008549c  RFFT_f32_mag                          
0     00085538  __c28xabi_divf                        
0     000855eb  main                                  
0     00085720  GPIO_setPadConfig                     
0     00085772  SysCtl_selectOscSource                
0     000857b9  SysCtl_selectXTAL                     
0     000857ff  PGA_setOffsetTrimPMOS                 
0     00085843  PGA_setOffsetTrimNMOS                 
0     000858c4  DMA_configTransfer                    
0     00085900  GPIO_setPinConfig                     
0     00085937  GPIO_setDirectionMode                 
0     00085968  __TI_decompress_lzss                  
0     000859c2  __TI_auto_init_nobinit_nopinit        
0     000859ed  C$$EXIT                               
0     000859ed  abort                                 
0     000859ef  exit                                  
0     00085a16  InitPieCtrl                           
0     00085a35  EnableInterrupts                      
0     00085a3e  DMA_configAddresses                   
0     00085a63  SysCtl_selectXTALSingleEnded          
0     00085a88  InitPieVectTable                      
0     00085b18  memcpy                                
0     00085c2f  _c_int00                              
0     00085d94  _args_main                            
0     00085db1  __relaxed_cosf                        
0     00085dbc  __relaxed_sqrtf                       
0     00085dc5  _register_unlock                      
0     00085dc9  _register_lock                        
0     00085dcd  _nop                                  
0     00085dce  __TI_decompress_none                  
0     00085de5  memset                                
0     00085dec  __TI_zero_init                        
0     00085df2  _system_pre_init                      
0     00085e02  __TI_Handler_Table_Base               
0     00085e08  __TI_Handler_Table_Limit              
0     00085e28  __TI_CINIT_Base                       
0     00085e4c  __TI_CINIT_Limit                      
0     00085e4c  __TI_CINIT_Warm                       
1     00000ce0  PieCtrlRegs                           
1     00000d00  PieVectTable                          
1     00007000  WdRegs                                
1     0005d200  ClkCfgRegs                            
1     0005d300  CpuSysRegs                            
1     0005e700  Dcc0Regs                              
1     0005e740  Dcc1Regs                              
abs   00000200  __TI_STACK_SIZE                       
abs   00003307  RamfuncsLoadSize                      
abs   00003307  RamfuncsRunSize                       
abs   ffffffff  __TI_pprof_out_hndl                   
abs   ffffffff  __TI_prof_data_size                   
abs   ffffffff  __TI_prof_data_start                  
abs   ffffffff  __c_args__                            

[253 symbols]
