<?xml version="1.0" encoding="ISO-8859-1" ?>
<link_info>
   <banner>TMS320C2000 Linker PC v22.6.1.LTS</banner>
   <copyright>Copyright (c) 1996-2018 Texas Instruments Incorporated</copyright>
   <link_time>0x6a5fd622</link_time>
   <link_errors>0x0</link_errors>
   <output_file>DTW_Project.out</output_file>
   <entry_point>
      <name>_c_int00</name>
      <address>0x8142c</address>
   </entry_point>
   <input_file_list>
      <input_file id="fl-2">
         <path>.\</path>
         <kind>object</kind>
         <file>RFFT_f32_twiddleFactors.obj</file>
         <name>RFFT_f32_twiddleFactors.obj</name>
      </input_file>
      <input_file id="fl-3">
         <path>.\src\</path>
         <kind>object</kind>
         <file>device.obj</file>
         <name>device.obj</name>
      </input_file>
      <input_file id="fl-4">
         <path>.\src\</path>
         <kind>object</kind>
         <file>f28p55x_codestartbranch.obj</file>
         <name>f28p55x_codestartbranch.obj</name>
      </input_file>
      <input_file id="fl-5">
         <path>.\src\</path>
         <kind>object</kind>
         <file>main.obj</file>
         <name>main.obj</name>
      </input_file>
      <input_file id="fl-b">
         <kind>object</kind>
         <file>&lt;internal&gt;</file>
         <name>&lt;internal&gt;</name>
      </input_file>
      <input_file id="fl-17">
         <path>C:\ti\ccs1281\ccs\tools\compiler\ti-cgt-c2000_22.6.1.LTS\lib\</path>
         <kind>archive</kind>
         <file>rts2800_fpu32_eabi.lib</file>
         <name>boot28.asm.obj</name>
      </input_file>
      <input_file id="fl-18">
         <path>C:\ti\ccs1281\ccs\tools\compiler\ti-cgt-c2000_22.6.1.LTS\lib\</path>
         <kind>archive</kind>
         <file>rts2800_fpu32_eabi.lib</file>
         <name>fs_div28.asm.obj</name>
      </input_file>
      <input_file id="fl-19">
         <path>C:\ti\ccs1281\ccs\tools\compiler\ti-cgt-c2000_22.6.1.LTS\lib\</path>
         <kind>archive</kind>
         <file>rts2800_fpu32_eabi.lib</file>
         <name>pre_init.c.obj</name>
      </input_file>
      <input_file id="fl-1a">
         <path>C:\ti\ccs1281\ccs\tools\compiler\ti-cgt-c2000_22.6.1.LTS\lib\</path>
         <kind>archive</kind>
         <file>rts2800_fpu32_eabi.lib</file>
         <name>autoinit.c.obj</name>
      </input_file>
      <input_file id="fl-1b">
         <path>C:\ti\ccs1281\ccs\tools\compiler\ti-cgt-c2000_22.6.1.LTS\lib\</path>
         <kind>archive</kind>
         <file>rts2800_fpu32_eabi.lib</file>
         <name>copy_zero_init.c.obj</name>
      </input_file>
      <input_file id="fl-1c">
         <path>C:\ti\ccs1281\ccs\tools\compiler\ti-cgt-c2000_22.6.1.LTS\lib\</path>
         <kind>archive</kind>
         <file>rts2800_fpu32_eabi.lib</file>
         <name>copy_decompress_none.c.obj</name>
      </input_file>
      <input_file id="fl-1d">
         <path>C:\ti\ccs1281\ccs\tools\compiler\ti-cgt-c2000_22.6.1.LTS\lib\</path>
         <kind>archive</kind>
         <file>rts2800_fpu32_eabi.lib</file>
         <name>copy_decompress_lzss.c.obj</name>
      </input_file>
      <input_file id="fl-1e">
         <path>C:\ti\ccs1281\ccs\tools\compiler\ti-cgt-c2000_22.6.1.LTS\lib\</path>
         <kind>archive</kind>
         <file>rts2800_fpu32_eabi.lib</file>
         <name>exit.c.obj</name>
      </input_file>
      <input_file id="fl-1f">
         <path>C:\ti\ccs1281\ccs\tools\compiler\ti-cgt-c2000_22.6.1.LTS\lib\</path>
         <kind>archive</kind>
         <file>rts2800_fpu32_eabi.lib</file>
         <name>_lock.c.obj</name>
      </input_file>
      <input_file id="fl-20">
         <path>C:\ti\ccs1281\ccs\tools\compiler\ti-cgt-c2000_22.6.1.LTS\lib\</path>
         <kind>archive</kind>
         <file>rts2800_fpu32_eabi.lib</file>
         <name>args_main.c.obj</name>
      </input_file>
      <input_file id="fl-21">
         <path>C:\ti\ccs1281\ccs\tools\compiler\ti-cgt-c2000_22.6.1.LTS\lib\</path>
         <kind>archive</kind>
         <file>rts2800_fpu32_eabi.lib</file>
         <name>memset.c.obj</name>
      </input_file>
      <input_file id="fl-22">
         <path>C:\ti\ccs1281\ccs\tools\compiler\ti-cgt-c2000_22.6.1.LTS\lib\</path>
         <kind>archive</kind>
         <file>rts2800_fpu32_eabi.lib</file>
         <name>cpy_tbl.c.obj</name>
      </input_file>
      <input_file id="fl-23">
         <path>C:\ti\ccs1281\ccs\tools\compiler\ti-cgt-c2000_22.6.1.LTS\lib\</path>
         <kind>archive</kind>
         <file>rts2800_fpu32_eabi.lib</file>
         <name>memcpy.c.obj</name>
      </input_file>
      <input_file id="fl-24">
         <path>C:\ti\ccs1281\ccs\tools\compiler\ti-cgt-c2000_22.6.1.LTS\lib\</path>
         <kind>archive</kind>
         <file>rts2800_fpu32_eabi.lib</file>
         <name>startup.c.obj</name>
      </input_file>
      <input_file id="fl-25">
         <path>C:\ti\C2000Ware_26_01_00_00\driverlib\f28p55x\driverlib\ccs\Debug\</path>
         <kind>archive</kind>
         <file>driverlib.lib</file>
         <name>dcc.obj</name>
      </input_file>
      <input_file id="fl-26">
         <path>C:\ti\C2000Ware_26_01_00_00\driverlib\f28p55x\driverlib\ccs\Debug\</path>
         <kind>archive</kind>
         <file>driverlib.lib</file>
         <name>gpio.obj</name>
      </input_file>
      <input_file id="fl-27">
         <path>C:\ti\C2000Ware_26_01_00_00\driverlib\f28p55x\driverlib\ccs\Debug\</path>
         <kind>archive</kind>
         <file>driverlib.lib</file>
         <name>interrupt.obj</name>
      </input_file>
      <input_file id="fl-28">
         <path>C:\ti\C2000Ware_26_01_00_00\driverlib\f28p55x\driverlib\ccs\Debug\</path>
         <kind>archive</kind>
         <file>driverlib.lib</file>
         <name>pga.obj</name>
      </input_file>
      <input_file id="fl-29">
         <path>C:\ti\C2000Ware_26_01_00_00\driverlib\f28p55x\driverlib\ccs\Debug\</path>
         <kind>archive</kind>
         <file>driverlib.lib</file>
         <name>sysctl.obj</name>
      </input_file>
      <input_file id="fl-2a">
         <path>C:\ti\C2000Ware_26_01_00_00\libraries\dsp\FPU\c28\lib\</path>
         <kind>archive</kind>
         <file>c28x_fpu_dsp_library_eabi.lib</file>
         <name>RFFT_f32.obj</name>
      </input_file>
      <input_file id="fl-2b">
         <path>C:\ti\C2000Ware_26_01_00_00\libraries\dsp\FPU\c28\lib\</path>
         <kind>archive</kind>
         <file>c28x_fpu_dsp_library_eabi.lib</file>
         <name>RFFT_f32_mag.obj</name>
      </input_file>
      <input_file id="fl-2c">
         <path>C:\ti\C2000Ware_26_01_00_00\libraries\dsp\FPU\c28\lib\</path>
         <kind>archive</kind>
         <file>c28x_fpu_dsp_library_eabi.lib</file>
         <name>RFFT_f32_sincostable.obj</name>
      </input_file>
      <input_file id="fl-2d">
         <path>C:\ti\ccs1281\ccs\tools\compiler\ti-cgt-c2000_22.6.1.LTS\lib\</path>
         <kind>archive</kind>
         <file>rts2800_fpu32_eabi.lib</file>
         <name>s_cosf.c.obj</name>
      </input_file>
      <input_file id="fl-2e">
         <path>C:\ti\ccs1281\ccs\tools\compiler\ti-cgt-c2000_22.6.1.LTS\lib\</path>
         <kind>archive</kind>
         <file>rts2800_fpu32_eabi.lib</file>
         <name>s_sinf.c.obj</name>
      </input_file>
      <input_file id="fl-2f">
         <path>C:\ti\ccs1281\ccs\tools\compiler\ti-cgt-c2000_22.6.1.LTS\lib\</path>
         <kind>archive</kind>
         <file>rts2800_fpu32_eabi.lib</file>
         <name>ll_cmp28.asm.obj</name>
      </input_file>
   </input_file_list>
   <object_component_list>
      <object_component id="oc-2b">
         <name>codestart</name>
         <load_address>0x80000</load_address>
         <run_address>0x80000</run_address>
         <size>0x2</size>
         <input_file_ref idref="fl-4"/>
      </object_component>
      <object_component id="oc-95">
         <name>.text</name>
         <load_address>0x802a8</load_address>
         <run_address>0x802a8</run_address>
         <size>0x3bf</size>
         <input_file_ref idref="fl-3"/>
      </object_component>
      <object_component id="oc-31">
         <name>.text</name>
         <load_address>0x80667</load_address>
         <run_address>0x80667</run_address>
         <size>0x16b</size>
         <input_file_ref idref="fl-5"/>
      </object_component>
      <object_component id="oc-11b">
         <name>.text:SysCtl_setClock</name>
         <load_address>0x807d2</load_address>
         <run_address>0x807d2</run_address>
         <size>0x123</size>
         <input_file_ref idref="fl-29"/>
      </object_component>
      <object_component id="oc-167">
         <name>.text</name>
         <load_address>0x808f5</load_address>
         <run_address>0x808f5</run_address>
         <size>0x1</size>
         <input_file_ref idref="fl-24"/>
      </object_component>
      <object_component id="oc-88">
         <name>.text</name>
         <load_address>0x808f6</load_address>
         <run_address>0x808f6</run_address>
         <size>0x11d</size>
         <input_file_ref idref="fl-2a"/>
      </object_component>
      <object_component id="oc-1fe">
         <name>.text:SysCtl_isPLLValid</name>
         <load_address>0x80a13</load_address>
         <run_address>0x80a13</run_address>
         <size>0xfe</size>
         <input_file_ref idref="fl-29"/>
      </object_component>
      <object_component id="oc-12d">
         <name>.text:GPIO_setAnalogMode</name>
         <load_address>0x80b11</load_address>
         <run_address>0x80b11</run_address>
         <size>0xeb</size>
         <input_file_ref idref="fl-26"/>
      </object_component>
      <object_component id="oc-115">
         <name>.text:DCC_verifyClockFrequency</name>
         <load_address>0x80bfc</load_address>
         <run_address>0x80bfc</run_address>
         <size>0xcb</size>
         <input_file_ref idref="fl-25"/>
      </object_component>
      <object_component id="oc-8d">
         <name>.text</name>
         <load_address>0x80cc8</load_address>
         <run_address>0x80cc8</run_address>
         <size>0x9c</size>
         <input_file_ref idref="fl-2b"/>
      </object_component>
      <object_component id="oc-b1">
         <name>.text</name>
         <load_address>0x80d64</load_address>
         <run_address>0x80d64</run_address>
         <size>0x88</size>
         <input_file_ref idref="fl-18"/>
      </object_component>
      <object_component id="oc-1be">
         <name>.text:DCC_setCounterSeeds</name>
         <load_address>0x80dec</load_address>
         <run_address>0x80dec</run_address>
         <size>0x73</size>
         <input_file_ref idref="fl-25"/>
      </object_component>
      <object_component id="oc-281">
         <name>.text:DCC_setCounterSeeds</name>
         <load_address>0x80e5f</load_address>
         <run_address>0x80e5f</run_address>
         <size>0x73</size>
         <input_file_ref idref="fl-29"/>
      </object_component>
      <object_component id="oc-a2">
         <name>.text</name>
         <load_address>0x80ed2</load_address>
         <run_address>0x80ed2</run_address>
         <size>0x6c</size>
         <input_file_ref idref="fl-2c"/>
      </object_component>
      <object_component id="oc-142">
         <name>.text</name>
         <load_address>0x80f3e</load_address>
         <run_address>0x80f3e</run_address>
         <size>0x66</size>
         <input_file_ref idref="fl-2e"/>
      </object_component>
      <object_component id="oc-13c">
         <name>.text</name>
         <load_address>0x80fa4</load_address>
         <run_address>0x80fa4</run_address>
         <size>0x63</size>
         <input_file_ref idref="fl-2d"/>
      </object_component>
      <object_component id="oc-1f2">
         <name>.text:SysCtl_selectOscSource</name>
         <load_address>0x81007</load_address>
         <run_address>0x81007</run_address>
         <size>0x47</size>
         <input_file_ref idref="fl-29"/>
      </object_component>
      <object_component id="oc-243">
         <name>.text:SysCtl_selectXTAL</name>
         <load_address>0x8104e</load_address>
         <run_address>0x8104e</run_address>
         <size>0x46</size>
         <input_file_ref idref="fl-29"/>
      </object_component>
      <object_component id="oc-127">
         <name>.text:PGA_setOffsetTrimPMOS</name>
         <load_address>0x81094</load_address>
         <run_address>0x81094</run_address>
         <size>0x44</size>
         <input_file_ref idref="fl-28"/>
      </object_component>
      <object_component id="oc-121">
         <name>.text:PGA_setOffsetTrimNMOS</name>
         <load_address>0x810d8</load_address>
         <run_address>0x810d8</run_address>
         <size>0x41</size>
         <input_file_ref idref="fl-28"/>
      </object_component>
      <object_component id="oc-2ac">
         <name>.text:SysCtl_pollX1Counter</name>
         <load_address>0x81119</load_address>
         <run_address>0x81119</run_address>
         <size>0x40</size>
         <input_file_ref idref="fl-29"/>
      </object_component>
      <object_component id="oc-9b">
         <name>.text:Interrupt_initModule</name>
         <load_address>0x81159</load_address>
         <run_address>0x81159</run_address>
         <size>0x3d</size>
         <input_file_ref idref="fl-27"/>
      </object_component>
      <object_component id="oc-30">
         <name>.text:retain</name>
         <load_address>0x81196</load_address>
         <run_address>0x81196</run_address>
         <size>0x3c</size>
         <input_file_ref idref="fl-5"/>
      </object_component>
      <object_component id="oc-a8">
         <name>.text:Interrupt_enable</name>
         <load_address>0x811d2</load_address>
         <run_address>0x811d2</run_address>
         <size>0x37</size>
         <input_file_ref idref="fl-27"/>
      </object_component>
      <object_component id="oc-13">
         <name>.text:decompress:lzss</name>
         <load_address>0x81209</load_address>
         <run_address>0x81209</run_address>
         <size>0x30</size>
         <input_file_ref idref="fl-1d"/>
      </object_component>
      <object_component id="oc-d4">
         <name>.text:__TI_auto_init_nobinit_nopinit</name>
         <load_address>0x81239</load_address>
         <run_address>0x81239</run_address>
         <size>0x2b</size>
         <input_file_ref idref="fl-1a"/>
      </object_component>
      <object_component id="oc-78">
         <name>.text</name>
         <load_address>0x81264</load_address>
         <run_address>0x81264</run_address>
         <size>0x29</size>
         <input_file_ref idref="fl-1e"/>
      </object_component>
      <object_component id="oc-249">
         <name>.text:SysCtl_selectXTALSingleEnded</name>
         <load_address>0x8128d</load_address>
         <run_address>0x8128d</run_address>
         <size>0x25</size>
         <input_file_ref idref="fl-29"/>
      </object_component>
      <object_component id="oc-1c4">
         <name>.text:DCC_enableSingleShotMode</name>
         <load_address>0x812b2</load_address>
         <run_address>0x812b2</run_address>
         <size>0x24</size>
         <input_file_ref idref="fl-25"/>
      </object_component>
      <object_component id="oc-287">
         <name>.text:DCC_enableSingleShotMode</name>
         <load_address>0x812d6</load_address>
         <run_address>0x812d6</run_address>
         <size>0x24</size>
         <input_file_ref idref="fl-29"/>
      </object_component>
      <object_component id="oc-1b2">
         <name>.text:DCC_setCounter0ClkSource</name>
         <load_address>0x812fa</load_address>
         <run_address>0x812fa</run_address>
         <size>0x1e</size>
         <input_file_ref idref="fl-25"/>
      </object_component>
      <object_component id="oc-275">
         <name>.text:DCC_setCounter0ClkSource</name>
         <load_address>0x81318</load_address>
         <run_address>0x81318</run_address>
         <size>0x1e</size>
         <input_file_ref idref="fl-29"/>
      </object_component>
      <object_component id="oc-1b8">
         <name>.text:DCC_setCounter1ClkSource</name>
         <load_address>0x81336</load_address>
         <run_address>0x81336</run_address>
         <size>0x1e</size>
         <input_file_ref idref="fl-25"/>
      </object_component>
      <object_component id="oc-27b">
         <name>.text:DCC_setCounter1ClkSource</name>
         <load_address>0x81354</load_address>
         <run_address>0x81354</run_address>
         <size>0x1e</size>
         <input_file_ref idref="fl-29"/>
      </object_component>
      <object_component id="oc-43">
         <name>.text:Interrupt_initVectorTable</name>
         <load_address>0x81372</load_address>
         <run_address>0x81372</run_address>
         <size>0x1e</size>
         <input_file_ref idref="fl-27"/>
      </object_component>
      <object_component id="oc-57">
         <name>.text</name>
         <load_address>0x81390</load_address>
         <run_address>0x81390</run_address>
         <size>0x1d</size>
         <input_file_ref idref="fl-23"/>
      </object_component>
      <object_component id="oc-1e2">
         <name>.text:DCC_getErrorStatus</name>
         <load_address>0x813ad</load_address>
         <run_address>0x813ad</run_address>
         <size>0x1c</size>
         <input_file_ref idref="fl-25"/>
      </object_component>
      <object_component id="oc-1dc">
         <name>.text:DCC_getSingleShotStatus</name>
         <load_address>0x813c9</load_address>
         <run_address>0x813c9</run_address>
         <size>0x1c</size>
         <input_file_ref idref="fl-25"/>
      </object_component>
      <object_component id="oc-1f8">
         <name>.text:SysCtl_setPLLSysClk</name>
         <load_address>0x813e5</load_address>
         <run_address>0x813e5</run_address>
         <size>0x19</size>
         <input_file_ref idref="fl-29"/>
      </object_component>
      <object_component id="oc-206">
         <name>.text:PGA_isBaseValid</name>
         <load_address>0x813fe</load_address>
         <run_address>0x813fe</run_address>
         <size>0x17</size>
         <input_file_ref idref="fl-28"/>
      </object_component>
      <object_component id="oc-251">
         <name>.text:SysCtl_enablePeripheral</name>
         <load_address>0x81415</load_address>
         <run_address>0x81415</run_address>
         <size>0x17</size>
         <input_file_ref idref="fl-29"/>
      </object_component>
      <object_component id="oc-20">
         <name>.text</name>
         <load_address>0x8142c</load_address>
         <run_address>0x8142c</run_address>
         <size>0x17</size>
         <input_file_ref idref="fl-17"/>
      </object_component>
      <object_component id="oc-1ac">
         <name>.text:DCC_disableDoneSignal</name>
         <load_address>0x81443</load_address>
         <run_address>0x81443</run_address>
         <size>0x16</size>
         <input_file_ref idref="fl-25"/>
      </object_component>
      <object_component id="oc-26f">
         <name>.text:DCC_disableDoneSignal</name>
         <load_address>0x81459</load_address>
         <run_address>0x81459</run_address>
         <size>0x16</size>
         <input_file_ref idref="fl-29"/>
      </object_component>
      <object_component id="oc-1d0">
         <name>.text:DCC_enableDoneSignal</name>
         <load_address>0x8146f</load_address>
         <run_address>0x8146f</run_address>
         <size>0x16</size>
         <input_file_ref idref="fl-25"/>
      </object_component>
      <object_component id="oc-3d">
         <name>.text:Interrupt_defaultHandler</name>
         <load_address>0x81485</load_address>
         <run_address>0x81485</run_address>
         <size>0x16</size>
         <input_file_ref idref="fl-27"/>
      </object_component>
      <object_component id="oc-19a">
         <name>.text:DCC_clearDoneFlag</name>
         <load_address>0x8149b</load_address>
         <run_address>0x8149b</run_address>
         <size>0x15</size>
         <input_file_ref idref="fl-25"/>
      </object_component>
      <object_component id="oc-25d">
         <name>.text:DCC_clearDoneFlag</name>
         <load_address>0x814b0</load_address>
         <run_address>0x814b0</run_address>
         <size>0x15</size>
         <input_file_ref idref="fl-29"/>
      </object_component>
      <object_component id="oc-194">
         <name>.text:DCC_clearErrorFlag</name>
         <load_address>0x814c5</load_address>
         <run_address>0x814c5</run_address>
         <size>0x15</size>
         <input_file_ref idref="fl-25"/>
      </object_component>
      <object_component id="oc-257">
         <name>.text:DCC_clearErrorFlag</name>
         <load_address>0x814da</load_address>
         <run_address>0x814da</run_address>
         <size>0x15</size>
         <input_file_ref idref="fl-29"/>
      </object_component>
      <object_component id="oc-1a6">
         <name>.text:DCC_disableErrorSignal</name>
         <load_address>0x814ef</load_address>
         <run_address>0x814ef</run_address>
         <size>0x15</size>
         <input_file_ref idref="fl-25"/>
      </object_component>
      <object_component id="oc-269">
         <name>.text:DCC_disableErrorSignal</name>
         <load_address>0x81504</load_address>
         <run_address>0x81504</run_address>
         <size>0x15</size>
         <input_file_ref idref="fl-29"/>
      </object_component>
      <object_component id="oc-18d">
         <name>.text:DCC_isBaseValid</name>
         <load_address>0x81519</load_address>
         <run_address>0x81519</run_address>
         <size>0x15</size>
         <input_file_ref idref="fl-25"/>
      </object_component>
      <object_component id="oc-2bb">
         <name>.text:DCC_isBaseValid</name>
         <load_address>0x8152e</load_address>
         <run_address>0x8152e</run_address>
         <size>0x15</size>
         <input_file_ref idref="fl-29"/>
      </object_component>
      <object_component id="oc-1a0">
         <name>.text:DCC_disableModule</name>
         <load_address>0x81543</load_address>
         <run_address>0x81543</run_address>
         <size>0x14</size>
         <input_file_ref idref="fl-25"/>
      </object_component>
      <object_component id="oc-263">
         <name>.text:DCC_disableModule</name>
         <load_address>0x81557</load_address>
         <run_address>0x81557</run_address>
         <size>0x14</size>
         <input_file_ref idref="fl-29"/>
      </object_component>
      <object_component id="oc-1ca">
         <name>.text:DCC_enableErrorSignal</name>
         <load_address>0x8156b</load_address>
         <run_address>0x8156b</run_address>
         <size>0x14</size>
         <input_file_ref idref="fl-25"/>
      </object_component>
      <object_component id="oc-1d6">
         <name>.text:DCC_enableModule</name>
         <load_address>0x8157f</load_address>
         <run_address>0x8157f</run_address>
         <size>0x14</size>
         <input_file_ref idref="fl-25"/>
      </object_component>
      <object_component id="oc-28d">
         <name>.text:DCC_enableModule</name>
         <load_address>0x81593</load_address>
         <run_address>0x81593</run_address>
         <size>0x14</size>
         <input_file_ref idref="fl-29"/>
      </object_component>
      <object_component id="oc-135">
         <name>.text:Interrupt_disableGlobal</name>
         <load_address>0x815a7</load_address>
         <run_address>0x815a7</run_address>
         <size>0xd</size>
         <input_file_ref idref="fl-27"/>
      </object_component>
      <object_component id="oc-14a">
         <name>.text:Interrupt_enableGlobal</name>
         <load_address>0x815b4</load_address>
         <run_address>0x815b4</run_address>
         <size>0xd</size>
         <input_file_ref idref="fl-27"/>
      </object_component>
      <object_component id="oc-5f">
         <name>.text:decompress:ZI:__TI_zero_init_nomemset</name>
         <load_address>0x815c1</load_address>
         <run_address>0x815c1</run_address>
         <size>0xd</size>
         <input_file_ref idref="fl-1b"/>
      </object_component>
      <object_component id="oc-72">
         <name>.text</name>
         <load_address>0x815ce</load_address>
         <run_address>0x815ce</run_address>
         <size>0xc</size>
         <input_file_ref idref="fl-20"/>
      </object_component>
      <object_component id="oc-1eb">
         <name>.text:SysCtl_isMCDClockFailureDetected</name>
         <load_address>0x815da</load_address>
         <run_address>0x815da</run_address>
         <size>0xb</size>
         <input_file_ref idref="fl-29"/>
      </object_component>
      <object_component id="oc-49">
         <name>.text:Interrupt_illegalOperationHandler</name>
         <load_address>0x815e5</load_address>
         <run_address>0x815e5</run_address>
         <size>0xa</size>
         <input_file_ref idref="fl-27"/>
      </object_component>
      <object_component id="oc-4f">
         <name>.text:Interrupt_nmiHandler</name>
         <load_address>0x815ef</load_address>
         <run_address>0x815ef</run_address>
         <size>0xa</size>
         <input_file_ref idref="fl-27"/>
      </object_component>
      <object_component id="oc-181">
         <name>.text</name>
         <load_address>0x815f9</load_address>
         <run_address>0x815f9</run_address>
         <size>0x9</size>
         <input_file_ref idref="fl-1f"/>
      </object_component>
      <object_component id="oc-19">
         <name>.text:decompress:none</name>
         <load_address>0x81602</load_address>
         <run_address>0x81602</run_address>
         <size>0x8</size>
         <input_file_ref idref="fl-1c"/>
      </object_component>
      <object_component id="oc-7f">
         <name>.text</name>
         <load_address>0x8160a</load_address>
         <run_address>0x8160a</run_address>
         <size>0x8</size>
         <input_file_ref idref="fl-4"/>
      </object_component>
      <object_component id="oc-2b2">
         <name>.text:SysCtl_resetMCD</name>
         <load_address>0x81612</load_address>
         <run_address>0x81612</run_address>
         <size>0x7</size>
         <input_file_ref idref="fl-29"/>
      </object_component>
      <object_component id="oc-6b">
         <name>.text</name>
         <load_address>0x81619</load_address>
         <run_address>0x81619</run_address>
         <size>0x2</size>
         <input_file_ref idref="fl-19"/>
      </object_component>
      <object_component id="oc-2fb">
         <name>.cinit..data.load</name>
         <load_address>0x81620</load_address>
         <run_address>0x81620</run_address>
         <size>0x9</size>
      </object_component>
      <object_component id="oc-2fc">
         <name>.cinit..ebss.load</name>
         <load_address>0x81629</load_address>
         <run_address>0x81629</run_address>
         <size>0x6</size>
      </object_component>
      <object_component id="oc-2f8">
         <name>__TI_handler_table</name>
         <load_address>0x81630</load_address>
         <run_address>0x81630</run_address>
         <size>0x6</size>
      </object_component>
      <object_component id="oc-2fa">
         <name>.cinit..bss.load</name>
         <load_address>0x81636</load_address>
         <run_address>0x81636</run_address>
         <size>0x4</size>
      </object_component>
      <object_component id="oc-2f9">
         <name>__TI_cinit_table</name>
         <load_address>0x8163a</load_address>
         <run_address>0x8163a</run_address>
         <size>0xc</size>
      </object_component>
      <object_component id="oc-3c">
         <name>.stack</name>
         <uninitialized>true</uninitialized>
         <run_address>0x400</run_address>
         <size>0x0</size>
         <input_file_ref idref="fl-17"/>
      </object_component>
      <object_component id="oc-2fd">
         <name>.stack</name>
         <uninitialized>true</uninitialized>
         <run_address>0x400</run_address>
         <size>0x0</size>
      </object_component>
      <object_component id="oc-85">
         <name>.bss</name>
         <uninitialized>true</uninitialized>
         <run_address>0xa800</run_address>
         <size>0xc</size>
         <input_file_ref idref="fl-5"/>
      </object_component>
      <object_component id="oc-1ea">
         <name>.const:.string</name>
         <load_address>0x80008</load_address>
         <run_address>0x80008</run_address>
         <size>0x9a</size>
         <input_file_ref idref="fl-29"/>
      </object_component>
      <object_component id="oc-210">
         <name>.const:.string</name>
         <load_address>0x800a2</load_address>
         <run_address>0x800a2</run_address>
         <size>0x98</size>
         <input_file_ref idref="fl-26"/>
      </object_component>
      <object_component id="oc-193">
         <name>.const:.string</name>
         <load_address>0x8013a</load_address>
         <run_address>0x8013a</run_address>
         <size>0x97</size>
         <input_file_ref idref="fl-25"/>
      </object_component>
      <object_component id="oc-b6">
         <name>.const:arc_template</name>
         <load_address>0x801d2</load_address>
         <run_address>0x801d2</run_address>
         <size>0x80</size>
         <input_file_ref idref="fl-5"/>
      </object_component>
      <object_component id="oc-20c">
         <name>.const:.string</name>
         <load_address>0x80252</load_address>
         <run_address>0x80252</run_address>
         <size>0x4b</size>
         <input_file_ref idref="fl-28"/>
      </object_component>
      <object_component id="oc-106">
         <name>.data</name>
         <load_address>0xa80c</load_address>
         <run_address>0xa80c</run_address>
         <size>0x6</size>
         <input_file_ref idref="fl-1e"/>
      </object_component>
      <object_component id="oc-109">
         <name>.data:_lock</name>
         <load_address>0xa812</load_address>
         <run_address>0xa812</run_address>
         <size>0x2</size>
         <input_file_ref idref="fl-1f"/>
      </object_component>
      <object_component id="oc-229">
         <name>.data:_unlock</name>
         <load_address>0xa814</load_address>
         <run_address>0xa814</run_address>
         <size>0x2</size>
         <input_file_ref idref="fl-1f"/>
      </object_component>
      <object_component id="oc-1f1">
         <name>.TI.ramfunc</name>
         <load_address>0x802a0</load_address>
         <run_address>0x8000</run_address>
         <size>0x4</size>
         <input_file_ref idref="fl-29"/>
      </object_component>
      <object_component id="oc-a1">
         <name>FPUfftTables</name>
         <load_address>0x8004</load_address>
         <run_address>0x8004</run_address>
         <size>0x7f8</size>
         <input_file_ref idref="fl-2"/>
      </object_component>
      <object_component id="oc-134">
         <name>.debug_types</name>
         <load_address>0x0</load_address>
         <run_address>0x0</run_address>
         <size>0x119f</size>
         <input_file_ref idref="fl-3"/>
      </object_component>
      <object_component id="oc-ba">
         <name>.debug_types</name>
         <load_address>0x119f</load_address>
         <run_address>0x119f</run_address>
         <size>0x31a</size>
         <input_file_ref idref="fl-5"/>
      </object_component>
      <object_component id="oc-d3">
         <name>.debug_types</name>
         <load_address>0x0</load_address>
         <run_address>0x0</run_address>
         <size>0x0</size>
         <input_file_ref idref="fl-19"/>
      </object_component>
      <object_component id="oc-16e">
         <name>.debug_types</name>
         <load_address>0x14b9</load_address>
         <run_address>0x14b9</run_address>
         <size>0x49b</size>
         <input_file_ref idref="fl-1a"/>
      </object_component>
      <object_component id="oc-ca">
         <name>.debug_types</name>
         <load_address>0x1954</load_address>
         <run_address>0x1954</run_address>
         <size>0x1f3</size>
         <input_file_ref idref="fl-1b"/>
      </object_component>
      <object_component id="oc-5e">
         <name>.debug_types</name>
         <load_address>0x0</load_address>
         <run_address>0x0</run_address>
         <size>0x0</size>
         <input_file_ref idref="fl-1c"/>
      </object_component>
      <object_component id="oc-56">
         <name>.debug_types</name>
         <load_address>0x1b47</load_address>
         <run_address>0x1b47</run_address>
         <size>0x191</size>
         <input_file_ref idref="fl-1d"/>
      </object_component>
      <object_component id="oc-10d">
         <name>.debug_types</name>
         <load_address>0x1cd8</load_address>
         <run_address>0x1cd8</run_address>
         <size>0xbf</size>
         <input_file_ref idref="fl-1e"/>
      </object_component>
      <object_component id="oc-189">
         <name>.debug_types</name>
         <load_address>0x1d97</load_address>
         <run_address>0x1d97</run_address>
         <size>0x2f</size>
         <input_file_ref idref="fl-1f"/>
      </object_component>
      <object_component id="oc-105">
         <name>.debug_types</name>
         <load_address>0x1dc6</load_address>
         <run_address>0x1dc6</run_address>
         <size>0xe1</size>
         <input_file_ref idref="fl-20"/>
      </object_component>
      <object_component id="oc-c5">
         <name>.debug_types</name>
         <load_address>0x1ea7</load_address>
         <run_address>0x1ea7</run_address>
         <size>0xb8</size>
         <input_file_ref idref="fl-23"/>
      </object_component>
      <object_component id="oc-223">
         <name>.debug_types</name>
         <load_address>0x0</load_address>
         <run_address>0x0</run_address>
         <size>0x0</size>
         <input_file_ref idref="fl-24"/>
      </object_component>
      <object_component id="oc-1e9">
         <name>.debug_types</name>
         <load_address>0x1f5f</load_address>
         <run_address>0x1f5f</run_address>
         <size>0x110</size>
         <input_file_ref idref="fl-25"/>
      </object_component>
      <object_component id="oc-212">
         <name>.debug_types</name>
         <load_address>0x206f</load_address>
         <run_address>0x206f</run_address>
         <size>0x43c</size>
         <input_file_ref idref="fl-26"/>
      </object_component>
      <object_component id="oc-bd">
         <name>.debug_types</name>
         <load_address>0x0</load_address>
         <run_address>0x0</run_address>
         <size>0x0</size>
         <input_file_ref idref="fl-27"/>
      </object_component>
      <object_component id="oc-20e">
         <name>.debug_types</name>
         <load_address>0x0</load_address>
         <run_address>0x0</run_address>
         <size>0x0</size>
         <input_file_ref idref="fl-28"/>
      </object_component>
      <object_component id="oc-205">
         <name>.debug_types</name>
         <load_address>0x24ab</load_address>
         <run_address>0x24ab</run_address>
         <size>0xa34</size>
         <input_file_ref idref="fl-29"/>
      </object_component>
      <object_component id="oc-149">
         <name>.debug_types</name>
         <load_address>0x2edf</load_address>
         <run_address>0x2edf</run_address>
         <size>0xe3</size>
         <input_file_ref idref="fl-2c"/>
      </object_component>
      <object_component id="oc-218">
         <name>.debug_types</name>
         <load_address>0x0</load_address>
         <run_address>0x0</run_address>
         <size>0x0</size>
         <input_file_ref idref="fl-2d"/>
      </object_component>
      <object_component id="oc-21a">
         <name>.debug_types</name>
         <load_address>0x0</load_address>
         <run_address>0x0</run_address>
         <size>0x0</size>
         <input_file_ref idref="fl-2e"/>
      </object_component>
      <object_component id="oc-98">
         <name>.debug_info</name>
         <load_address>0x0</load_address>
         <run_address>0x0</run_address>
         <size>0xde7</size>
         <input_file_ref idref="fl-3"/>
      </object_component>
      <object_component id="oc-2e">
         <name>.debug_info</name>
         <load_address>0xde7</load_address>
         <run_address>0xde7</run_address>
         <size>0x10a</size>
         <input_file_ref idref="fl-4"/>
      </object_component>
      <object_component id="oc-80">
         <name>.debug_info</name>
         <load_address>0xef1</load_address>
         <run_address>0xef1</run_address>
         <size>0x10b</size>
         <input_file_ref idref="fl-4"/>
      </object_component>
      <object_component id="oc-86">
         <name>.debug_info</name>
         <load_address>0xffc</load_address>
         <run_address>0xffc</run_address>
         <size>0xe0</size>
         <input_file_ref idref="fl-5"/>
      </object_component>
      <object_component id="oc-b7">
         <name>.debug_info</name>
         <load_address>0x10dc</load_address>
         <run_address>0x10dc</run_address>
         <size>0xf0</size>
         <input_file_ref idref="fl-5"/>
      </object_component>
      <object_component id="oc-af">
         <name>.debug_info</name>
         <load_address>0x11cc</load_address>
         <run_address>0x11cc</run_address>
         <size>0xf4</size>
         <input_file_ref idref="fl-5"/>
      </object_component>
      <object_component id="oc-93">
         <name>.debug_info</name>
         <load_address>0x12c0</load_address>
         <run_address>0x12c0</run_address>
         <size>0x114</size>
         <input_file_ref idref="fl-5"/>
      </object_component>
      <object_component id="oc-35">
         <name>.debug_info</name>
         <load_address>0x13d4</load_address>
         <run_address>0x13d4</run_address>
         <size>0x58a</size>
         <input_file_ref idref="fl-5"/>
      </object_component>
      <object_component id="oc-39">
         <name>.debug_info</name>
         <load_address>0x195e</load_address>
         <run_address>0x195e</run_address>
         <size>0x173</size>
         <input_file_ref idref="fl-5"/>
      </object_component>
      <object_component id="oc-22">
         <name>.debug_info</name>
         <load_address>0x1ad1</load_address>
         <run_address>0x1ad1</run_address>
         <size>0x158</size>
         <input_file_ref idref="fl-17"/>
      </object_component>
      <object_component id="oc-b3">
         <name>.debug_info</name>
         <load_address>0x1c29</load_address>
         <run_address>0x1c29</run_address>
         <size>0x127</size>
         <input_file_ref idref="fl-18"/>
      </object_component>
      <object_component id="oc-6e">
         <name>.debug_info</name>
         <load_address>0x1d50</load_address>
         <run_address>0x1d50</run_address>
         <size>0x14d</size>
         <input_file_ref idref="fl-19"/>
      </object_component>
      <object_component id="oc-d6">
         <name>.debug_info</name>
         <load_address>0x1e9d</load_address>
         <run_address>0x1e9d</run_address>
         <size>0x1bf</size>
         <input_file_ref idref="fl-1a"/>
      </object_component>
      <object_component id="oc-61">
         <name>.debug_info</name>
         <load_address>0x205c</load_address>
         <run_address>0x205c</run_address>
         <size>0x1b6</size>
         <input_file_ref idref="fl-1b"/>
      </object_component>
      <object_component id="oc-1a">
         <name>.debug_info</name>
         <load_address>0x2212</load_address>
         <run_address>0x2212</run_address>
         <size>0x1b7</size>
         <input_file_ref idref="fl-1c"/>
      </object_component>
      <object_component id="oc-15">
         <name>.debug_info</name>
         <load_address>0x23c9</load_address>
         <run_address>0x23c9</run_address>
         <size>0x219</size>
         <input_file_ref idref="fl-1d"/>
      </object_component>
      <object_component id="oc-107">
         <name>.debug_info</name>
         <load_address>0x25e2</load_address>
         <run_address>0x25e2</run_address>
         <size>0x19e</size>
         <input_file_ref idref="fl-1e"/>
      </object_component>
      <object_component id="oc-7a">
         <name>.debug_info</name>
         <load_address>0x2780</load_address>
         <run_address>0x2780</run_address>
         <size>0x1a9</size>
         <input_file_ref idref="fl-1e"/>
      </object_component>
      <object_component id="oc-10a">
         <name>.debug_info</name>
         <load_address>0x2929</load_address>
         <run_address>0x2929</run_address>
         <size>0x107</size>
         <input_file_ref idref="fl-1f"/>
      </object_component>
      <object_component id="oc-22a">
         <name>.debug_info</name>
         <load_address>0x2a30</load_address>
         <run_address>0x2a30</run_address>
         <size>0x10b</size>
         <input_file_ref idref="fl-1f"/>
      </object_component>
      <object_component id="oc-182">
         <name>.debug_info</name>
         <load_address>0x2b3b</load_address>
         <run_address>0x2b3b</run_address>
         <size>0x203</size>
         <input_file_ref idref="fl-1f"/>
      </object_component>
      <object_component id="oc-76">
         <name>.debug_info</name>
         <load_address>0x2d3e</load_address>
         <run_address>0x2d3e</run_address>
         <size>0x15d</size>
         <input_file_ref idref="fl-20"/>
      </object_component>
      <object_component id="oc-5a">
         <name>.debug_info</name>
         <load_address>0x2e9b</load_address>
         <run_address>0x2e9b</run_address>
         <size>0x19b</size>
         <input_file_ref idref="fl-23"/>
      </object_component>
      <object_component id="oc-16a">
         <name>.debug_info</name>
         <load_address>0x3036</load_address>
         <run_address>0x3036</run_address>
         <size>0x147</size>
         <input_file_ref idref="fl-24"/>
      </object_component>
      <object_component id="oc-18f">
         <name>.debug_info</name>
         <load_address>0x317d</load_address>
         <run_address>0x317d</run_address>
         <size>0x1ca</size>
         <input_file_ref idref="fl-25"/>
      </object_component>
      <object_component id="oc-1d8">
         <name>.debug_info</name>
         <load_address>0x3347</load_address>
         <run_address>0x3347</run_address>
         <size>0x1e8</size>
         <input_file_ref idref="fl-25"/>
      </object_component>
      <object_component id="oc-1a3">
         <name>.debug_info</name>
         <load_address>0x352f</load_address>
         <run_address>0x352f</run_address>
         <size>0x1ea</size>
         <input_file_ref idref="fl-25"/>
      </object_component>
      <object_component id="oc-1cc">
         <name>.debug_info</name>
         <load_address>0x3719</load_address>
         <run_address>0x3719</run_address>
         <size>0x1f2</size>
         <input_file_ref idref="fl-25"/>
      </object_component>
      <object_component id="oc-1d1">
         <name>.debug_info</name>
         <load_address>0x390b</load_address>
         <run_address>0x390b</run_address>
         <size>0x1f2</size>
         <input_file_ref idref="fl-25"/>
      </object_component>
      <object_component id="oc-1a9">
         <name>.debug_info</name>
         <load_address>0x3afd</load_address>
         <run_address>0x3afd</run_address>
         <size>0x1f6</size>
         <input_file_ref idref="fl-25"/>
      </object_component>
      <object_component id="oc-1ad">
         <name>.debug_info</name>
         <load_address>0x3cf3</load_address>
         <run_address>0x3cf3</run_address>
         <size>0x1f4</size>
         <input_file_ref idref="fl-25"/>
      </object_component>
      <object_component id="oc-1c5">
         <name>.debug_info</name>
         <load_address>0x3ee7</load_address>
         <run_address>0x3ee7</run_address>
         <size>0x21b</size>
         <input_file_ref idref="fl-25"/>
      </object_component>
      <object_component id="oc-1e4">
         <name>.debug_info</name>
         <load_address>0x4102</load_address>
         <run_address>0x4102</run_address>
         <size>0x1f6</size>
         <input_file_ref idref="fl-25"/>
      </object_component>
      <object_component id="oc-1de">
         <name>.debug_info</name>
         <load_address>0x42f8</load_address>
         <run_address>0x42f8</run_address>
         <size>0x200</size>
         <input_file_ref idref="fl-25"/>
      </object_component>
      <object_component id="oc-197">
         <name>.debug_info</name>
         <load_address>0x44f8</load_address>
         <run_address>0x44f8</run_address>
         <size>0x1ee</size>
         <input_file_ref idref="fl-25"/>
      </object_component>
      <object_component id="oc-19b">
         <name>.debug_info</name>
         <load_address>0x46e6</load_address>
         <run_address>0x46e6</run_address>
         <size>0x1ec</size>
         <input_file_ref idref="fl-25"/>
      </object_component>
      <object_component id="oc-1ba">
         <name>.debug_info</name>
         <load_address>0x48d2</load_address>
         <run_address>0x48d2</run_address>
         <size>0x21f</size>
         <input_file_ref idref="fl-25"/>
      </object_component>
      <object_component id="oc-1b4">
         <name>.debug_info</name>
         <load_address>0x4af1</load_address>
         <run_address>0x4af1</run_address>
         <size>0x21f</size>
         <input_file_ref idref="fl-25"/>
      </object_component>
      <object_component id="oc-1c0">
         <name>.debug_info</name>
         <load_address>0x4d10</load_address>
         <run_address>0x4d10</run_address>
         <size>0x28e</size>
         <input_file_ref idref="fl-25"/>
      </object_component>
      <object_component id="oc-116">
         <name>.debug_info</name>
         <load_address>0x4f9e</load_address>
         <run_address>0x4f9e</run_address>
         <size>0x579</size>
         <input_file_ref idref="fl-25"/>
      </object_component>
      <object_component id="oc-12f">
         <name>.debug_info</name>
         <load_address>0x5517</load_address>
         <run_address>0x5517</run_address>
         <size>0x227</size>
         <input_file_ref idref="fl-26"/>
      </object_component>
      <object_component id="oc-14c">
         <name>.debug_info</name>
         <load_address>0x573e</load_address>
         <run_address>0x573e</run_address>
         <size>0x1c3</size>
         <input_file_ref idref="fl-27"/>
      </object_component>
      <object_component id="oc-138">
         <name>.debug_info</name>
         <load_address>0x5901</load_address>
         <run_address>0x5901</run_address>
         <size>0x1c5</size>
         <input_file_ref idref="fl-27"/>
      </object_component>
      <object_component id="oc-9e">
         <name>.debug_info</name>
         <load_address>0x5ac6</load_address>
         <run_address>0x5ac6</run_address>
         <size>0x1d4</size>
         <input_file_ref idref="fl-27"/>
      </object_component>
      <object_component id="oc-3f">
         <name>.debug_info</name>
         <load_address>0x5c9a</load_address>
         <run_address>0x5c9a</run_address>
         <size>0x1e1</size>
         <input_file_ref idref="fl-27"/>
      </object_component>
      <object_component id="oc-4a">
         <name>.debug_info</name>
         <load_address>0x5e7b</load_address>
         <run_address>0x5e7b</run_address>
         <size>0x1c7</size>
         <input_file_ref idref="fl-27"/>
      </object_component>
      <object_component id="oc-51">
         <name>.debug_info</name>
         <load_address>0x6042</load_address>
         <run_address>0x6042</run_address>
         <size>0x1ad</size>
         <input_file_ref idref="fl-27"/>
      </object_component>
      <object_component id="oc-46">
         <name>.debug_info</name>
         <load_address>0x61ef</load_address>
         <run_address>0x61ef</run_address>
         <size>0x1cf</size>
         <input_file_ref idref="fl-27"/>
      </object_component>
      <object_component id="oc-ab">
         <name>.debug_info</name>
         <load_address>0x63be</load_address>
         <run_address>0x63be</run_address>
         <size>0x278</size>
         <input_file_ref idref="fl-27"/>
      </object_component>
      <object_component id="oc-207">
         <name>.debug_info</name>
         <load_address>0x6636</load_address>
         <run_address>0x6636</run_address>
         <size>0x1ca</size>
         <input_file_ref idref="fl-28"/>
      </object_component>
      <object_component id="oc-124">
         <name>.debug_info</name>
         <load_address>0x6800</load_address>
         <run_address>0x6800</run_address>
         <size>0x221</size>
         <input_file_ref idref="fl-28"/>
      </object_component>
      <object_component id="oc-12b">
         <name>.debug_info</name>
         <load_address>0x6a21</load_address>
         <run_address>0x6a21</run_address>
         <size>0x221</size>
         <input_file_ref idref="fl-28"/>
      </object_component>
      <object_component id="oc-255">
         <name>.debug_info</name>
         <load_address>0x6c42</load_address>
         <run_address>0x6c42</run_address>
         <size>0x210</size>
         <input_file_ref idref="fl-29"/>
      </object_component>
      <object_component id="oc-1ef">
         <name>.debug_info</name>
         <load_address>0x6e52</load_address>
         <run_address>0x6e52</run_address>
         <size>0x1d3</size>
         <input_file_ref idref="fl-29"/>
      </object_component>
      <object_component id="oc-2b6">
         <name>.debug_info</name>
         <load_address>0x7025</load_address>
         <run_address>0x7025</run_address>
         <size>0x1a9</size>
         <input_file_ref idref="fl-29"/>
      </object_component>
      <object_component id="oc-1fc">
         <name>.debug_info</name>
         <load_address>0x71ce</load_address>
         <run_address>0x71ce</run_address>
         <size>0x1d8</size>
         <input_file_ref idref="fl-29"/>
      </object_component>
      <object_component id="oc-2be">
         <name>.debug_info</name>
         <load_address>0x73a6</load_address>
         <run_address>0x73a6</run_address>
         <size>0x1cd</size>
         <input_file_ref idref="fl-29"/>
      </object_component>
      <object_component id="oc-28f">
         <name>.debug_info</name>
         <load_address>0x7573</load_address>
         <run_address>0x7573</run_address>
         <size>0x1eb</size>
         <input_file_ref idref="fl-29"/>
      </object_component>
      <object_component id="oc-266">
         <name>.debug_info</name>
         <load_address>0x775e</load_address>
         <run_address>0x775e</run_address>
         <size>0x1ed</size>
         <input_file_ref idref="fl-29"/>
      </object_component>
      <object_component id="oc-26b">
         <name>.debug_info</name>
         <load_address>0x794b</load_address>
         <run_address>0x794b</run_address>
         <size>0x1f9</size>
         <input_file_ref idref="fl-29"/>
      </object_component>
      <object_component id="oc-270">
         <name>.debug_info</name>
         <load_address>0x7b44</load_address>
         <run_address>0x7b44</run_address>
         <size>0x1f7</size>
         <input_file_ref idref="fl-29"/>
      </object_component>
      <object_component id="oc-288">
         <name>.debug_info</name>
         <load_address>0x7d3b</load_address>
         <run_address>0x7d3b</run_address>
         <size>0x21e</size>
         <input_file_ref idref="fl-29"/>
      </object_component>
      <object_component id="oc-259">
         <name>.debug_info</name>
         <load_address>0x7f59</load_address>
         <run_address>0x7f59</run_address>
         <size>0x1f1</size>
         <input_file_ref idref="fl-29"/>
      </object_component>
      <object_component id="oc-25e">
         <name>.debug_info</name>
         <load_address>0x814a</load_address>
         <run_address>0x814a</run_address>
         <size>0x1ef</size>
         <input_file_ref idref="fl-29"/>
      </object_component>
      <object_component id="oc-27c">
         <name>.debug_info</name>
         <load_address>0x8339</load_address>
         <run_address>0x8339</run_address>
         <size>0x222</size>
         <input_file_ref idref="fl-29"/>
      </object_component>
      <object_component id="oc-276">
         <name>.debug_info</name>
         <load_address>0x855b</load_address>
         <run_address>0x855b</run_address>
         <size>0x222</size>
         <input_file_ref idref="fl-29"/>
      </object_component>
      <object_component id="oc-282">
         <name>.debug_info</name>
         <load_address>0x877d</load_address>
         <run_address>0x877d</run_address>
         <size>0x291</size>
         <input_file_ref idref="fl-29"/>
      </object_component>
      <object_component id="oc-2ae">
         <name>.debug_info</name>
         <load_address>0x8a0e</load_address>
         <run_address>0x8a0e</run_address>
         <size>0x20d</size>
         <input_file_ref idref="fl-29"/>
      </object_component>
      <object_component id="oc-11c">
         <name>.debug_info</name>
         <load_address>0x8c1b</load_address>
         <run_address>0x8c1b</run_address>
         <size>0x3eb</size>
         <input_file_ref idref="fl-29"/>
      </object_component>
      <object_component id="oc-244">
         <name>.debug_info</name>
         <load_address>0x9006</load_address>
         <run_address>0x9006</run_address>
         <size>0x245</size>
         <input_file_ref idref="fl-29"/>
      </object_component>
      <object_component id="oc-24a">
         <name>.debug_info</name>
         <load_address>0x924b</load_address>
         <run_address>0x924b</run_address>
         <size>0x216</size>
         <input_file_ref idref="fl-29"/>
      </object_component>
      <object_component id="oc-1f3">
         <name>.debug_info</name>
         <load_address>0x9461</load_address>
         <run_address>0x9461</run_address>
         <size>0x22a</size>
         <input_file_ref idref="fl-29"/>
      </object_component>
      <object_component id="oc-200">
         <name>.debug_info</name>
         <load_address>0x968b</load_address>
         <run_address>0x968b</run_address>
         <size>0x4a1</size>
         <input_file_ref idref="fl-29"/>
      </object_component>
      <object_component id="oc-89">
         <name>.debug_info</name>
         <load_address>0x9b2c</load_address>
         <run_address>0x9b2c</run_address>
         <size>0x2b1</size>
         <input_file_ref idref="fl-2a"/>
      </object_component>
      <object_component id="oc-8f">
         <name>.debug_info</name>
         <load_address>0x9ddd</load_address>
         <run_address>0x9ddd</run_address>
         <size>0x191</size>
         <input_file_ref idref="fl-2b"/>
      </object_component>
      <object_component id="oc-a5">
         <name>.debug_info</name>
         <load_address>0x9f6e</load_address>
         <run_address>0x9f6e</run_address>
         <size>0x26d</size>
         <input_file_ref idref="fl-2c"/>
      </object_component>
      <object_component id="oc-13d">
         <name>.debug_info</name>
         <load_address>0xa1db</load_address>
         <run_address>0xa1db</run_address>
         <size>0x16f</size>
         <input_file_ref idref="fl-2d"/>
      </object_component>
      <object_component id="oc-145">
         <name>.debug_info</name>
         <load_address>0xa34a</load_address>
         <run_address>0xa34a</run_address>
         <size>0x17f</size>
         <input_file_ref idref="fl-2e"/>
      </object_component>
      <object_component id="oc-2ff">
         <name>.debug_info</name>
         <load_address>0xa4c9</load_address>
         <run_address>0xa4c9</run_address>
         <size>0xb0</size>
      </object_component>
      <object_component id="oc-96">
         <name>.debug_line</name>
         <load_address>0x0</load_address>
         <run_address>0x0</run_address>
         <size>0x3d3</size>
         <input_file_ref idref="fl-3"/>
      </object_component>
      <object_component id="oc-214">
         <name>.debug_line</name>
         <load_address>0x3d3</load_address>
         <run_address>0x3d3</run_address>
         <size>0xe8</size>
         <input_file_ref idref="fl-3"/>
      </object_component>
      <object_component id="oc-2d">
         <name>.debug_line</name>
         <load_address>0x4bb</load_address>
         <run_address>0x4bb</run_address>
         <size>0x52</size>
         <input_file_ref idref="fl-4"/>
      </object_component>
      <object_component id="oc-83">
         <name>.debug_line</name>
         <load_address>0x50d</load_address>
         <run_address>0x50d</run_address>
         <size>0x5a</size>
         <input_file_ref idref="fl-4"/>
      </object_component>
      <object_component id="oc-110">
         <name>.debug_line</name>
         <load_address>0x567</load_address>
         <run_address>0x567</run_address>
         <size>0x32</size>
         <input_file_ref idref="fl-5"/>
      </object_component>
      <object_component id="oc-155">
         <name>.debug_line</name>
         <load_address>0x599</load_address>
         <run_address>0x599</run_address>
         <size>0x3a</size>
         <input_file_ref idref="fl-5"/>
      </object_component>
      <object_component id="oc-152">
         <name>.debug_line</name>
         <load_address>0x5d3</load_address>
         <run_address>0x5d3</run_address>
         <size>0x32</size>
         <input_file_ref idref="fl-5"/>
      </object_component>
      <object_component id="oc-114">
         <name>.debug_line</name>
         <load_address>0x605</load_address>
         <run_address>0x605</run_address>
         <size>0x32</size>
         <input_file_ref idref="fl-5"/>
      </object_component>
      <object_component id="oc-34">
         <name>.debug_line</name>
         <load_address>0x637</load_address>
         <run_address>0x637</run_address>
         <size>0x1ed</size>
         <input_file_ref idref="fl-5"/>
      </object_component>
      <object_component id="oc-37">
         <name>.debug_line</name>
         <load_address>0x824</load_address>
         <run_address>0x824</run_address>
         <size>0xa3</size>
         <input_file_ref idref="fl-5"/>
      </object_component>
      <object_component id="oc-157">
         <name>.debug_line</name>
         <load_address>0x8c7</load_address>
         <run_address>0x8c7</run_address>
         <size>0x6f</size>
         <input_file_ref idref="fl-5"/>
      </object_component>
      <object_component id="oc-21">
         <name>.debug_line</name>
         <load_address>0x936</load_address>
         <run_address>0x936</run_address>
         <size>0x4f</size>
         <input_file_ref idref="fl-17"/>
      </object_component>
      <object_component id="oc-b5">
         <name>.debug_line</name>
         <load_address>0x985</load_address>
         <run_address>0x985</run_address>
         <size>0xae</size>
         <input_file_ref idref="fl-18"/>
      </object_component>
      <object_component id="oc-6c">
         <name>.debug_line</name>
         <load_address>0xa33</load_address>
         <run_address>0xa33</run_address>
         <size>0x3f</size>
         <input_file_ref idref="fl-19"/>
      </object_component>
      <object_component id="oc-165">
         <name>.debug_line</name>
         <load_address>0xa72</load_address>
         <run_address>0xa72</run_address>
         <size>0x21</size>
         <input_file_ref idref="fl-19"/>
      </object_component>
      <object_component id="oc-d9">
         <name>.debug_line</name>
         <load_address>0xa93</load_address>
         <run_address>0xa93</run_address>
         <size>0x74</size>
         <input_file_ref idref="fl-1a"/>
      </object_component>
      <object_component id="oc-225">
         <name>.debug_line</name>
         <load_address>0xb07</load_address>
         <run_address>0xb07</run_address>
         <size>0x21</size>
         <input_file_ref idref="fl-1a"/>
      </object_component>
      <object_component id="oc-64">
         <name>.debug_line</name>
         <load_address>0xb28</load_address>
         <run_address>0xb28</run_address>
         <size>0x4d</size>
         <input_file_ref idref="fl-1b"/>
      </object_component>
      <object_component id="oc-160">
         <name>.debug_line</name>
         <load_address>0xb75</load_address>
         <run_address>0xb75</run_address>
         <size>0x21</size>
         <input_file_ref idref="fl-1b"/>
      </object_component>
      <object_component id="oc-1e">
         <name>.debug_line</name>
         <load_address>0xb96</load_address>
         <run_address>0xb96</run_address>
         <size>0x57</size>
         <input_file_ref idref="fl-1c"/>
      </object_component>
      <object_component id="oc-c7">
         <name>.debug_line</name>
         <load_address>0xbed</load_address>
         <run_address>0xbed</run_address>
         <size>0x21</size>
         <input_file_ref idref="fl-1c"/>
      </object_component>
      <object_component id="oc-18">
         <name>.debug_line</name>
         <load_address>0xc0e</load_address>
         <run_address>0xc0e</run_address>
         <size>0x95</size>
         <input_file_ref idref="fl-1d"/>
      </object_component>
      <object_component id="oc-c2">
         <name>.debug_line</name>
         <load_address>0xca3</load_address>
         <run_address>0xca3</run_address>
         <size>0x21</size>
         <input_file_ref idref="fl-1d"/>
      </object_component>
      <object_component id="oc-180">
         <name>.debug_line</name>
         <load_address>0xcc4</load_address>
         <run_address>0xcc4</run_address>
         <size>0x2b</size>
         <input_file_ref idref="fl-1e"/>
      </object_component>
      <object_component id="oc-79">
         <name>.debug_line</name>
         <load_address>0xcef</load_address>
         <run_address>0xcef</run_address>
         <size>0x66</size>
         <input_file_ref idref="fl-1e"/>
      </object_component>
      <object_component id="oc-18b">
         <name>.debug_line</name>
         <load_address>0xd55</load_address>
         <run_address>0xd55</run_address>
         <size>0x21</size>
         <input_file_ref idref="fl-1e"/>
      </object_component>
      <object_component id="oc-188">
         <name>.debug_line</name>
         <load_address>0xd76</load_address>
         <run_address>0xd76</run_address>
         <size>0x2c</size>
         <input_file_ref idref="fl-1f"/>
      </object_component>
      <object_component id="oc-2ab">
         <name>.debug_line</name>
         <load_address>0xda2</load_address>
         <run_address>0xda2</run_address>
         <size>0x2c</size>
         <input_file_ref idref="fl-1f"/>
      </object_component>
      <object_component id="oc-186">
         <name>.debug_line</name>
         <load_address>0xdce</load_address>
         <run_address>0xdce</run_address>
         <size>0x5f</size>
         <input_file_ref idref="fl-1f"/>
      </object_component>
      <object_component id="oc-22e">
         <name>.debug_line</name>
         <load_address>0xe2d</load_address>
         <run_address>0xe2d</run_address>
         <size>0x21</size>
         <input_file_ref idref="fl-1f"/>
      </object_component>
      <object_component id="oc-74">
         <name>.debug_line</name>
         <load_address>0xe4e</load_address>
         <run_address>0xe4e</run_address>
         <size>0x4e</size>
         <input_file_ref idref="fl-20"/>
      </object_component>
      <object_component id="oc-17d">
         <name>.debug_line</name>
         <load_address>0xe9c</load_address>
         <run_address>0xe9c</run_address>
         <size>0x30</size>
         <input_file_ref idref="fl-20"/>
      </object_component>
      <object_component id="oc-59">
         <name>.debug_line</name>
         <load_address>0xecc</load_address>
         <run_address>0xecc</run_address>
         <size>0x63</size>
         <input_file_ref idref="fl-23"/>
      </object_component>
      <object_component id="oc-15d">
         <name>.debug_line</name>
         <load_address>0xf2f</load_address>
         <run_address>0xf2f</run_address>
         <size>0x21</size>
         <input_file_ref idref="fl-23"/>
      </object_component>
      <object_component id="oc-16c">
         <name>.debug_line</name>
         <load_address>0xf50</load_address>
         <run_address>0xf50</run_address>
         <size>0x3b</size>
         <input_file_ref idref="fl-24"/>
      </object_component>
      <object_component id="oc-2a5">
         <name>.debug_line</name>
         <load_address>0xf8b</load_address>
         <run_address>0xf8b</run_address>
         <size>0x21</size>
         <input_file_ref idref="fl-24"/>
      </object_component>
      <object_component id="oc-18e">
         <name>.debug_line</name>
         <load_address>0xfac</load_address>
         <run_address>0xfac</run_address>
         <size>0x85</size>
         <input_file_ref idref="fl-25"/>
      </object_component>
      <object_component id="oc-1db">
         <name>.debug_line</name>
         <load_address>0x1031</load_address>
         <run_address>0x1031</run_address>
         <size>0x88</size>
         <input_file_ref idref="fl-25"/>
      </object_component>
      <object_component id="oc-1a2">
         <name>.debug_line</name>
         <load_address>0x10b9</load_address>
         <run_address>0x10b9</run_address>
         <size>0x88</size>
         <input_file_ref idref="fl-25"/>
      </object_component>
      <object_component id="oc-1cf">
         <name>.debug_line</name>
         <load_address>0x1141</load_address>
         <run_address>0x1141</run_address>
         <size>0x88</size>
         <input_file_ref idref="fl-25"/>
      </object_component>
      <object_component id="oc-1d4">
         <name>.debug_line</name>
         <load_address>0x11c9</load_address>
         <run_address>0x11c9</run_address>
         <size>0x88</size>
         <input_file_ref idref="fl-25"/>
      </object_component>
      <object_component id="oc-1a8">
         <name>.debug_line</name>
         <load_address>0x1251</load_address>
         <run_address>0x1251</run_address>
         <size>0x88</size>
         <input_file_ref idref="fl-25"/>
      </object_component>
      <object_component id="oc-1b0">
         <name>.debug_line</name>
         <load_address>0x12d9</load_address>
         <run_address>0x12d9</run_address>
         <size>0x88</size>
         <input_file_ref idref="fl-25"/>
      </object_component>
      <object_component id="oc-1c8">
         <name>.debug_line</name>
         <load_address>0x1361</load_address>
         <run_address>0x1361</run_address>
         <size>0x8e</size>
         <input_file_ref idref="fl-25"/>
      </object_component>
      <object_component id="oc-1e7">
         <name>.debug_line</name>
         <load_address>0x13ef</load_address>
         <run_address>0x13ef</run_address>
         <size>0x86</size>
         <input_file_ref idref="fl-25"/>
      </object_component>
      <object_component id="oc-1e1">
         <name>.debug_line</name>
         <load_address>0x1475</load_address>
         <run_address>0x1475</run_address>
         <size>0x86</size>
         <input_file_ref idref="fl-25"/>
      </object_component>
      <object_component id="oc-196">
         <name>.debug_line</name>
         <load_address>0x14fb</load_address>
         <run_address>0x14fb</run_address>
         <size>0x88</size>
         <input_file_ref idref="fl-25"/>
      </object_component>
      <object_component id="oc-19e">
         <name>.debug_line</name>
         <load_address>0x1583</load_address>
         <run_address>0x1583</run_address>
         <size>0x88</size>
         <input_file_ref idref="fl-25"/>
      </object_component>
      <object_component id="oc-1b9">
         <name>.debug_line</name>
         <load_address>0x160b</load_address>
         <run_address>0x160b</run_address>
         <size>0x88</size>
         <input_file_ref idref="fl-25"/>
      </object_component>
      <object_component id="oc-1b3">
         <name>.debug_line</name>
         <load_address>0x1693</load_address>
         <run_address>0x1693</run_address>
         <size>0x88</size>
         <input_file_ref idref="fl-25"/>
      </object_component>
      <object_component id="oc-1bf">
         <name>.debug_line</name>
         <load_address>0x171b</load_address>
         <run_address>0x171b</run_address>
         <size>0x92</size>
         <input_file_ref idref="fl-25"/>
      </object_component>
      <object_component id="oc-119">
         <name>.debug_line</name>
         <load_address>0x17ad</load_address>
         <run_address>0x17ad</run_address>
         <size>0xad</size>
         <input_file_ref idref="fl-25"/>
      </object_component>
      <object_component id="oc-240">
         <name>.debug_line</name>
         <load_address>0x185a</load_address>
         <run_address>0x185a</run_address>
         <size>0xbf</size>
         <input_file_ref idref="fl-25"/>
      </object_component>
      <object_component id="oc-12e">
         <name>.debug_line</name>
         <load_address>0x1919</load_address>
         <run_address>0x1919</run_address>
         <size>0xab</size>
         <input_file_ref idref="fl-26"/>
      </object_component>
      <object_component id="oc-29c">
         <name>.debug_line</name>
         <load_address>0x19c4</load_address>
         <run_address>0x19c4</run_address>
         <size>0xc0</size>
         <input_file_ref idref="fl-26"/>
      </object_component>
      <object_component id="oc-14b">
         <name>.debug_line</name>
         <load_address>0x1a84</load_address>
         <run_address>0x1a84</run_address>
         <size>0x8b</size>
         <input_file_ref idref="fl-27"/>
      </object_component>
      <object_component id="oc-136">
         <name>.debug_line</name>
         <load_address>0x1b0f</load_address>
         <run_address>0x1b0f</run_address>
         <size>0x8b</size>
         <input_file_ref idref="fl-27"/>
      </object_component>
      <object_component id="oc-9d">
         <name>.debug_line</name>
         <load_address>0x1b9a</load_address>
         <run_address>0x1b9a</run_address>
         <size>0xa6</size>
         <input_file_ref idref="fl-27"/>
      </object_component>
      <object_component id="oc-3e">
         <name>.debug_line</name>
         <load_address>0x1c40</load_address>
         <run_address>0x1c40</run_address>
         <size>0x91</size>
         <input_file_ref idref="fl-27"/>
      </object_component>
      <object_component id="oc-4e">
         <name>.debug_line</name>
         <load_address>0x1cd1</load_address>
         <run_address>0x1cd1</run_address>
         <size>0x89</size>
         <input_file_ref idref="fl-27"/>
      </object_component>
      <object_component id="oc-50">
         <name>.debug_line</name>
         <load_address>0x1d5a</load_address>
         <run_address>0x1d5a</run_address>
         <size>0x89</size>
         <input_file_ref idref="fl-27"/>
      </object_component>
      <object_component id="oc-44">
         <name>.debug_line</name>
         <load_address>0x1de3</load_address>
         <run_address>0x1de3</run_address>
         <size>0x9f</size>
         <input_file_ref idref="fl-27"/>
      </object_component>
      <object_component id="oc-aa">
         <name>.debug_line</name>
         <load_address>0x1e82</load_address>
         <run_address>0x1e82</run_address>
         <size>0x9f</size>
         <input_file_ref idref="fl-27"/>
      </object_component>
      <object_component id="oc-15a">
         <name>.debug_line</name>
         <load_address>0x1f21</load_address>
         <run_address>0x1f21</run_address>
         <size>0x21</size>
         <input_file_ref idref="fl-27"/>
      </object_component>
      <object_component id="oc-20b">
         <name>.debug_line</name>
         <load_address>0x1f42</load_address>
         <run_address>0x1f42</run_address>
         <size>0x85</size>
         <input_file_ref idref="fl-28"/>
      </object_component>
      <object_component id="oc-126">
         <name>.debug_line</name>
         <load_address>0x1fc7</load_address>
         <run_address>0x1fc7</run_address>
         <size>0xaa</size>
         <input_file_ref idref="fl-28"/>
      </object_component>
      <object_component id="oc-128">
         <name>.debug_line</name>
         <load_address>0x2071</load_address>
         <run_address>0x2071</run_address>
         <size>0xad</size>
         <input_file_ref idref="fl-28"/>
      </object_component>
      <object_component id="oc-299">
         <name>.debug_line</name>
         <load_address>0x211e</load_address>
         <run_address>0x211e</run_address>
         <size>0x21</size>
         <input_file_ref idref="fl-28"/>
      </object_component>
      <object_component id="oc-253">
         <name>.debug_line</name>
         <load_address>0x213f</load_address>
         <run_address>0x213f</run_address>
         <size>0x8c</size>
         <input_file_ref idref="fl-29"/>
      </object_component>
      <object_component id="oc-1ed">
         <name>.debug_line</name>
         <load_address>0x21cb</load_address>
         <run_address>0x21cb</run_address>
         <size>0x88</size>
         <input_file_ref idref="fl-29"/>
      </object_component>
      <object_component id="oc-2b3">
         <name>.debug_line</name>
         <load_address>0x2253</load_address>
         <run_address>0x2253</run_address>
         <size>0x8a</size>
         <input_file_ref idref="fl-29"/>
      </object_component>
      <object_component id="oc-1f9">
         <name>.debug_line</name>
         <load_address>0x22dd</load_address>
         <run_address>0x22dd</run_address>
         <size>0x92</size>
         <input_file_ref idref="fl-29"/>
      </object_component>
      <object_component id="oc-2bd">
         <name>.debug_line</name>
         <load_address>0x236f</load_address>
         <run_address>0x236f</run_address>
         <size>0x85</size>
         <input_file_ref idref="fl-29"/>
      </object_component>
      <object_component id="oc-292">
         <name>.debug_line</name>
         <load_address>0x23f4</load_address>
         <run_address>0x23f4</run_address>
         <size>0x88</size>
         <input_file_ref idref="fl-29"/>
      </object_component>
      <object_component id="oc-265">
         <name>.debug_line</name>
         <load_address>0x247c</load_address>
         <run_address>0x247c</run_address>
         <size>0x88</size>
         <input_file_ref idref="fl-29"/>
      </object_component>
      <object_component id="oc-26e">
         <name>.debug_line</name>
         <load_address>0x2504</load_address>
         <run_address>0x2504</run_address>
         <size>0x88</size>
         <input_file_ref idref="fl-29"/>
      </object_component>
      <object_component id="oc-273">
         <name>.debug_line</name>
         <load_address>0x258c</load_address>
         <run_address>0x258c</run_address>
         <size>0x88</size>
         <input_file_ref idref="fl-29"/>
      </object_component>
      <object_component id="oc-28b">
         <name>.debug_line</name>
         <load_address>0x2614</load_address>
         <run_address>0x2614</run_address>
         <size>0x8e</size>
         <input_file_ref idref="fl-29"/>
      </object_component>
      <object_component id="oc-258">
         <name>.debug_line</name>
         <load_address>0x26a2</load_address>
         <run_address>0x26a2</run_address>
         <size>0x88</size>
         <input_file_ref idref="fl-29"/>
      </object_component>
      <object_component id="oc-261">
         <name>.debug_line</name>
         <load_address>0x272a</load_address>
         <run_address>0x272a</run_address>
         <size>0x88</size>
         <input_file_ref idref="fl-29"/>
      </object_component>
      <object_component id="oc-27f">
         <name>.debug_line</name>
         <load_address>0x27b2</load_address>
         <run_address>0x27b2</run_address>
         <size>0x88</size>
         <input_file_ref idref="fl-29"/>
      </object_component>
      <object_component id="oc-279">
         <name>.debug_line</name>
         <load_address>0x283a</load_address>
         <run_address>0x283a</run_address>
         <size>0x88</size>
         <input_file_ref idref="fl-29"/>
      </object_component>
      <object_component id="oc-285">
         <name>.debug_line</name>
         <load_address>0x28c2</load_address>
         <run_address>0x28c2</run_address>
         <size>0x92</size>
         <input_file_ref idref="fl-29"/>
      </object_component>
      <object_component id="oc-2ad">
         <name>.debug_line</name>
         <load_address>0x2954</load_address>
         <run_address>0x2954</run_address>
         <size>0xc2</size>
         <input_file_ref idref="fl-29"/>
      </object_component>
      <object_component id="oc-11f">
         <name>.debug_line</name>
         <load_address>0x2a16</load_address>
         <run_address>0x2a16</run_address>
         <size>0xf8</size>
         <input_file_ref idref="fl-29"/>
      </object_component>
      <object_component id="oc-247">
         <name>.debug_line</name>
         <load_address>0x2b0e</load_address>
         <run_address>0x2b0e</run_address>
         <size>0xb3</size>
         <input_file_ref idref="fl-29"/>
      </object_component>
      <object_component id="oc-24d">
         <name>.debug_line</name>
         <load_address>0x2bc1</load_address>
         <run_address>0x2bc1</run_address>
         <size>0x9b</size>
         <input_file_ref idref="fl-29"/>
      </object_component>
      <object_component id="oc-1f6">
         <name>.debug_line</name>
         <load_address>0x2c5c</load_address>
         <run_address>0x2c5c</run_address>
         <size>0xa1</size>
         <input_file_ref idref="fl-29"/>
      </object_component>
      <object_component id="oc-1ff">
[...]
         <attributes>RWIX</attributes>
         <usage_details>
         </usage_details>
      </memory_area>
      <memory_area display="yes" color="green">
         <name>RAMGS3</name>
         <page_id>0x0</page_id>
         <origin>0x12000</origin>
         <length>0x2000</length>
         <used_space>0x0</used_space>
         <unused_space>0x2000</unused_space>
         <attributes>RWIX</attributes>
         <usage_details>
         </usage_details>
      </memory_area>
      <memory_area display="yes" color="green">
         <name>RAMLS8</name>
         <page_id>0x0</page_id>
         <origin>0x14000</origin>
         <length>0x2000</length>
         <used_space>0x0</used_space>
         <unused_space>0x2000</unused_space>
         <attributes>RWIX</attributes>
         <usage_details>
         </usage_details>
      </memory_area>
      <memory_area display="yes" color="green">
         <name>RAMLS9</name>
         <page_id>0x0</page_id>
         <origin>0x16000</origin>
         <length>0x2000</length>
         <used_space>0x0</used_space>
         <unused_space>0x2000</unused_space>
         <attributes>RWIX</attributes>
         <usage_details>
         </usage_details>
      </memory_area>
      <memory_area display="no" color="green">
         <name>BEGIN</name>
         <page_id>0x0</page_id>
         <origin>0x80000</origin>
         <length>0x2</length>
         <used_space>0x2</used_space>
         <unused_space>0x0</unused_space>
         <attributes>RWIX</attributes>
         <usage_details>
            <allocated_space>
               <start_address>0x80000</start_address>
               <size>0x2</size>
               <logical_group_ref idref="lg-2"/>
            </allocated_space>
         </usage_details>
      </memory_area>
      <memory_area display="yes" color="green">
         <name>FLASH_BANK0</name>
         <page_id>0x0</page_id>
         <origin>0x80002</origin>
         <length>0x1fffe</length>
         <used_space>0x1632</used_space>
         <unused_space>0x1e9cc</unused_space>
         <attributes>RWIX</attributes>
         <usage_details>
            <available_space>
               <start_address>0x80002</start_address>
               <size>0x6</size>
            </available_space>
            <allocated_space>
               <start_address>0x80008</start_address>
               <size>0x295</size>
               <logical_group_ref idref="lg-b"/>
            </allocated_space>
            <available_space>
               <start_address>0x8029d</start_address>
               <size>0x3</size>
            </available_space>
            <allocated_space>
               <start_address>0x802a0</start_address>
               <size>0x4</size>
               <logical_group_ref idref="lg-11"/>
            </allocated_space>
            <available_space>
               <start_address>0x802a4</start_address>
               <size>0x4</size>
            </available_space>
            <allocated_space>
               <start_address>0x802a8</start_address>
               <size>0x1373</size>
               <logical_group_ref idref="lg-2fe"/>
            </allocated_space>
            <available_space>
               <start_address>0x8161b</start_address>
               <size>0x5</size>
            </available_space>
            <allocated_space>
               <start_address>0x81620</start_address>
               <size>0x26</size>
               <logical_group_ref idref="lg-4"/>
            </allocated_space>
            <available_space>
               <start_address>0x81646</start_address>
               <size>0x1e9ba</size>
            </available_space>
         </usage_details>
      </memory_area>
      <memory_area display="yes" color="green">
         <name>FLASH_BANK1</name>
         <page_id>0x0</page_id>
         <origin>0xa0000</origin>
         <length>0x20000</length>
         <used_space>0x0</used_space>
         <unused_space>0x20000</unused_space>
         <attributes>RWIX</attributes>
         <usage_details>
         </usage_details>
      </memory_area>
      <memory_area display="yes" color="green">
         <name>FLASH_BANK2</name>
         <page_id>0x0</page_id>
         <origin>0xc0000</origin>
         <length>0x20000</length>
         <used_space>0x0</used_space>
         <unused_space>0x20000</unused_space>
         <attributes>RWIX</attributes>
         <usage_details>
         </usage_details>
      </memory_area>
      <memory_area display="yes" color="green">
         <name>FLASH_BANK3</name>
         <page_id>0x0</page_id>
         <origin>0xe0000</origin>
         <length>0x20000</length>
         <used_space>0x0</used_space>
         <unused_space>0x20000</unused_space>
         <attributes>RWIX</attributes>
         <usage_details>
         </usage_details>
      </memory_area>
      <memory_area display="yes" color="green">
         <name>FLASH_BANK4</name>
         <page_id>0x0</page_id>
         <origin>0x100000</origin>
         <length>0x8000</length>
         <used_space>0x0</used_space>
         <unused_space>0x8000</unused_space>
         <attributes>RWIX</attributes>
         <usage_details>
         </usage_details>
      </memory_area>
      <memory_area display="no" color="green">
         <name>RESET</name>
         <page_id>0x0</page_id>
         <origin>0x3fffc0</origin>
         <length>0x2</length>
         <used_space>0x0</used_space>
         <unused_space>0x2</unused_space>
         <attributes>RWIX</attributes>
         <usage_details>
         </usage_details>
      </memory_area>
   </placement_map>
   <cptbl_list>
      <cptbl>
         <name>__TI_cinit_table</name>
         <cprec>
            <name>.data</name>
            <load_address>0x81620</load_address>
            <load_size>0x9</load_size>
            <run_address>0xa80c</run_address>
            <run_size>0xa</run_size>
            <compression>lzss</compression>
         </cprec>
         <cprec>
            <name>.ebss</name>
            <load_address>0x81629</load_address>
            <load_size>0x6</load_size>
            <run_address>0x8800</run_address>
            <run_size>0x480</run_size>
            <compression>lzss</compression>
         </cprec>
         <cprec>
            <name>.bss</name>
            <load_address>0x81636</load_address>
            <load_size>0x4</load_size>
            <run_address>0xa800</run_address>
            <run_size>0xc</run_size>
            <compression>zero_init</compression>
         </cprec>
      </cptbl>
   </cptbl_list>
   <handler_table>
      <handler_table_name>__TI_handler_table</handler_table_name>
      <handler>
         <index>0x0</index>
         <name>__TI_zero_init</name>
      </handler>
      <handler>
         <index>0x1</index>
         <name>__TI_decompress_lzss</name>
      </handler>
      <handler>
         <index>0x2</index>
         <name>__TI_decompress_none</name>
      </handler>
   </handler_table>
   <symbol_table>
      <symbol id="sm-1">
         <name>RamfuncsLoadStart</name>
         <value>0x802a0</value>
      </symbol>
      <symbol id="sm-2">
         <name>RamfuncsLoadSize</name>
         <value>0x4</value>
      </symbol>
      <symbol id="sm-3">
         <name>RamfuncsLoadEnd</name>
         <value>0x802a4</value>
      </symbol>
      <symbol id="sm-4">
         <name>RamfuncsRunStart</name>
         <value>0x8000</value>
      </symbol>
      <symbol id="sm-5">
         <name>RamfuncsRunSize</name>
         <value>0x4</value>
      </symbol>
      <symbol id="sm-6">
         <name>RamfuncsRunEnd</name>
         <value>0x8004</value>
      </symbol>
      <symbol id="sm-7">
         <name>__TI_CINIT_Base</name>
         <value>0x8163a</value>
      </symbol>
      <symbol id="sm-8">
         <name>__TI_CINIT_Limit</name>
         <value>0x81646</value>
      </symbol>
      <symbol id="sm-9">
         <name>__TI_CINIT_Warm</name>
         <value>0x81646</value>
      </symbol>
      <symbol id="sm-a">
         <name>__TI_Handler_Table_Base</name>
         <value>0x81630</value>
      </symbol>
      <symbol id="sm-b">
         <name>__TI_Handler_Table_Limit</name>
         <value>0x81636</value>
      </symbol>
      <symbol id="sm-c">
         <name>__TI_STACK_SIZE</name>
         <value>0x200</value>
      </symbol>
      <symbol id="sm-d">
         <name>__TI_STACK_END</name>
         <value>0x600</value>
      </symbol>
      <symbol id="sm-e">
         <name>__TI_pprof_out_hndl</name>
         <value>0xffffffff</value>
      </symbol>
      <symbol id="sm-f">
         <name>__TI_prof_data_start</name>
         <value>0xffffffff</value>
      </symbol>
      <symbol id="sm-10">
         <name>__TI_prof_data_size</name>
         <value>0xffffffff</value>
      </symbol>
      <symbol id="sm-2e">
         <name>FPU32RFFTtwiddleFactors</name>
         <value>0x8004</value>
         <object_component_ref idref="oc-a1"/>
      </symbol>
      <symbol id="sm-2f">
         <name>RFFT_f32_twiddleFactors</name>
         <value>0x8004</value>
         <object_component_ref idref="oc-a1"/>
      </symbol>
      <symbol id="sm-44">
         <name>Device_enableAllPeripherals</name>
         <value>0x80319</value>
         <object_component_ref idref="oc-95"/>
      </symbol>
      <symbol id="sm-45">
         <name>Device_verifyXTAL</name>
         <value>0x802ab</value>
         <object_component_ref idref="oc-95"/>
      </symbol>
      <symbol id="sm-46">
         <name>Device_initGPIO</name>
         <value>0x802ee</value>
         <object_component_ref idref="oc-95"/>
      </symbol>
      <symbol id="sm-47">
         <name>Device_init</name>
         <value>0x805c3</value>
         <object_component_ref idref="oc-95"/>
      </symbol>
      <symbol id="sm-48">
         <name>__error__</name>
         <value>0x802a8</value>
         <object_component_ref idref="oc-95"/>
      </symbol>
      <symbol id="sm-57">
         <name>code_start</name>
         <value>0x80000</value>
         <object_component_ref idref="oc-2b"/>
      </symbol>
      <symbol id="sm-91">
         <name>fft_output</name>
         <value>0x8a00</value>
         <object_component_ref idref="oc-92"/>
      </symbol>
      <symbol id="sm-92">
         <name>Process_Arc_Detection_Pipeline</name>
         <value>0x80780</value>
         <object_component_ref idref="oc-31"/>
      </symbol>
      <symbol id="sm-93">
         <name>Configurar_DMA</name>
         <value>0x807d0</value>
         <object_component_ref idref="oc-31"/>
      </symbol>
      <symbol id="sm-94">
         <name>Configurar_ADC</name>
         <value>0x807d1</value>
         <object_component_ref idref="oc-31"/>
      </symbol>
      <symbol id="sm-95">
         <name>rfft</name>
         <value>0xa800</value>
         <object_component_ref idref="oc-85"/>
      </symbol>
      <symbol id="sm-96">
         <name>dma_isr_handler</name>
         <value>0x81196</value>
         <object_component_ref idref="oc-30"/>
      </symbol>
      <symbol id="sm-97">
         <name>main</name>
         <value>0x80667</value>
         <object_component_ref idref="oc-31"/>
      </symbol>
      <symbol id="sm-98">
         <name>adc_buffer</name>
         <value>0x8800</value>
         <object_component_ref idref="oc-92"/>
      </symbol>
      <symbol id="sm-99">
         <name>Calcular_Energia_Banda</name>
         <value>0x80694</value>
         <object_component_ref idref="oc-31"/>
      </symbol>
      <symbol id="sm-9a">
         <name>arc_template</name>
         <value>0x801d2</value>
         <object_component_ref idref="oc-b6"/>
      </symbol>
      <symbol id="sm-9b">
         <name>Configurar_ePWM_Trigger</name>
         <value>0x807cf</value>
         <object_component_ref idref="oc-31"/>
      </symbol>
      <symbol id="sm-9c">
         <name>Run_DTW_Inference</name>
         <value>0x806b2</value>
         <object_component_ref idref="oc-31"/>
      </symbol>
      <symbol id="sm-a6">
         <name>_c_int00</name>
         <value>0x8142c</value>
         <object_component_ref idref="oc-20"/>
      </symbol>
      <symbol id="sm-a7">
         <name>__stack</name>
         <value>0x400</value>
         <object_component_ref idref="oc-3c"/>
      </symbol>
      <symbol id="sm-b4">
         <name>__c28xabi_divf</name>
         <value>0x80d64</value>
         <object_component_ref idref="oc-b1"/>
      </symbol>
      <symbol id="sm-c1">
         <name>_system_pre_init</name>
         <value>0x81619</value>
         <object_component_ref idref="oc-6b"/>
      </symbol>
      <symbol id="sm-d0">
         <name>__TI_auto_init_nobinit_nopinit</name>
         <value>0x81239</value>
         <object_component_ref idref="oc-d4"/>
      </symbol>
      <symbol id="sm-df">
         <name>__TI_zero_init_nomemset</name>
         <value>0x815c1</value>
         <object_component_ref idref="oc-5f"/>
      </symbol>
      <symbol id="sm-ec">
         <name>__TI_decompress_none</name>
         <value>0x81602</value>
         <object_component_ref idref="oc-19"/>
      </symbol>
      <symbol id="sm-100">
         <name>__TI_decompress_lzss</name>
         <value>0x81209</value>
         <object_component_ref idref="oc-13"/>
      </symbol>
      <symbol id="sm-116">
         <name>C$$EXIT</name>
         <value>0x81264</value>
         <object_component_ref idref="oc-78"/>
      </symbol>
      <symbol id="sm-117">
         <name>abort</name>
         <value>0x81264</value>
         <object_component_ref idref="oc-78"/>
      </symbol>
      <symbol id="sm-118">
         <name>exit</name>
         <value>0x81266</value>
         <object_component_ref idref="oc-78"/>
      </symbol>
      <symbol id="sm-119">
         <name>__TI_dtors_ptr</name>
         <value>0xa810</value>
         <object_component_ref idref="oc-106"/>
      </symbol>
      <symbol id="sm-11a">
         <name>__TI_cleanup_ptr</name>
         <value>0xa80e</value>
         <object_component_ref idref="oc-106"/>
      </symbol>
      <symbol id="sm-11b">
         <name>__TI_enable_exit_profile_output</name>
         <value>0xa80c</value>
         <object_component_ref idref="oc-106"/>
      </symbol>
      <symbol id="sm-132">
         <name>_nop</name>
         <value>0x81601</value>
         <object_component_ref idref="oc-181"/>
      </symbol>
      <symbol id="sm-133">
         <name>_lock</name>
         <value>0xa812</value>
         <object_component_ref idref="oc-109"/>
      </symbol>
      <symbol id="sm-134">
         <name>_unlock</name>
         <value>0xa814</value>
         <object_component_ref idref="oc-229"/>
      </symbol>
      <symbol id="sm-135">
         <name>_register_lock</name>
         <value>0x815fd</value>
         <object_component_ref idref="oc-181"/>
      </symbol>
      <symbol id="sm-136">
         <name>_register_unlock</name>
         <value>0x815f9</value>
         <object_component_ref idref="oc-181"/>
      </symbol>
      <symbol id="sm-145">
         <name>_args_main</name>
         <value>0x815ce</value>
         <object_component_ref idref="oc-72"/>
      </symbol>
      <symbol id="sm-159">
         <name>memcpy</name>
         <value>0x81390</value>
         <object_component_ref idref="oc-57"/>
      </symbol>
      <symbol id="sm-166">
         <name>_system_post_cinit</name>
         <value>0x808f5</value>
         <object_component_ref idref="oc-167"/>
      </symbol>
      <symbol id="sm-211">
         <name>DCC_verifyClockFrequency</name>
         <value>0x80bfc</value>
         <object_component_ref idref="oc-115"/>
      </symbol>
      <symbol id="sm-22f">
         <name>GPIO_setAnalogMode</name>
         <value>0x80b11</value>
         <object_component_ref idref="oc-12d"/>
      </symbol>
      <symbol id="sm-27e">
         <name>Interrupt_defaultHandler</name>
         <value>0x81485</value>
         <object_component_ref idref="oc-3d"/>
      </symbol>
      <symbol id="sm-27f">
         <name>Interrupt_initModule</name>
         <value>0x81159</value>
         <object_component_ref idref="oc-9b"/>
      </symbol>
      <symbol id="sm-280">
         <name>Interrupt_nmiHandler</name>
         <value>0x815ef</value>
         <object_component_ref idref="oc-4f"/>
      </symbol>
      <symbol id="sm-281">
         <name>Interrupt_enable</name>
         <value>0x811d2</value>
         <object_component_ref idref="oc-a8"/>
      </symbol>
      <symbol id="sm-282">
         <name>Interrupt_initVectorTable</name>
         <value>0x81372</value>
         <object_component_ref idref="oc-43"/>
      </symbol>
      <symbol id="sm-283">
         <name>Interrupt_illegalOperationHandler</name>
         <value>0x815e5</value>
         <object_component_ref idref="oc-49"/>
      </symbol>
      <symbol id="sm-2b5">
         <name>PGA_setOffsetTrimNMOS</name>
         <value>0x810d8</value>
         <object_component_ref idref="oc-121"/>
      </symbol>
      <symbol id="sm-2b6">
         <name>PGA_setOffsetTrimPMOS</name>
         <value>0x81094</value>
         <object_component_ref idref="oc-127"/>
      </symbol>
      <symbol id="sm-3b0">
         <name>SysCtl_isPLLValid</name>
         <value>0x80a13</value>
         <object_component_ref idref="oc-1fe"/>
      </symbol>
      <symbol id="sm-3b1">
         <name>SysCtl_delay</name>
         <value>0x8000</value>
         <object_component_ref idref="oc-1f1"/>
      </symbol>
      <symbol id="sm-3b2">
         <name>SysCtl_selectXTALSingleEnded</name>
         <value>0x8128d</value>
         <object_component_ref idref="oc-249"/>
      </symbol>
      <symbol id="sm-3b3">
         <name>SysCtl_selectXTAL</name>
         <value>0x8104e</value>
         <object_component_ref idref="oc-243"/>
      </symbol>
      <symbol id="sm-3b4">
         <name>SysCtl_selectOscSource</name>
         <value>0x81007</value>
         <object_component_ref idref="oc-1f2"/>
      </symbol>
      <symbol id="sm-3b5">
         <name>SysCtl_setClock</name>
         <value>0x807d2</value>
         <object_component_ref idref="oc-11b"/>
      </symbol>
      <symbol id="sm-3c2">
         <name>_rfft_f32_Stages1and2and3andBitReverse</name>
         <value>0x808ff</value>
         <object_component_ref idref="oc-88"/>
      </symbol>
      <symbol id="sm-3c3">
         <name>RFFT_f32</name>
         <value>0x808f6</value>
         <object_component_ref idref="oc-88"/>
      </symbol>
      <symbol id="sm-3c4">
         <name>_rfft_f32_Stages4andUp</name>
         <value>0x8096b</value>
         <object_component_ref idref="oc-88"/>
      </symbol>
      <symbol id="sm-3ce">
         <name>RFFT_f32_mag</name>
         <value>0x80cc8</value>
         <object_component_ref idref="oc-8d"/>
      </symbol>
      <symbol id="sm-3df">
         <name>RFFT_f32_sincostable</name>
         <value>0x80ed2</value>
         <object_component_ref idref="oc-a2"/>
      </symbol>
      <symbol id="sm-3ee">
         <name>cosf</name>
         <value>0x80fa4</value>
         <object_component_ref idref="oc-13c"/>
      </symbol>
      <symbol id="sm-3fc">
         <name>sinf</name>
         <value>0x80f3e</value>
         <object_component_ref idref="oc-142"/>
      </symbol>
      <symbol id="sm-3ff">
         <name>__c_args__</name>
         <value>0x0</value>
      </symbol>
   </symbol_table>
   <title>Link successful</title>
</link_info>
